DUP_1	ID1=A;ID2=ATCAGT	22
DUP_1	ID1=E;ID2=ATCAGT	18
DUP_1	ID1=D;ID2=TGTATG	17
DUP_1	ID1=A;ID2=TGTATG	16
DUP_1	ID1=B;ID2=TACGTG	16
DUP_1	ID1=D;ID2=TACGTG	15
DUP_1	ID1=E;ID2=CACGAT	15
DUP_1	ID1=C;ID2=ATGATA	15
DUP_1	ID1=G;ID2=ACGACG	14
DUP_1	ID1=E;ID2=CTCGCA	13
DUP_1	ID1=J;ID2=ACTAGC	13
DUP_1	ID1=G;ID2=GATGAC	13
DUP_1	ID1=D;ID2=ACTGAT	13
DUP_1	ID1=K;ID2=GTCTCT	13
DUP_1	ID1=H;ID2=ACATGT	13
DUP_1	ID1=A;ID2=CACGAT	13
DUP_1	ID1=E;ID2=ACTCTG	12
DUP_1	ID1=H;ID2=ACTCTG	12
DUP_1	ID1=J;ID2=CGACGC	12
DUP_1	ID1=J;ID2=CTCGCA	12
DUP_1	ID1=A;ID2=GCTACA	12
DUP_1	ID1=G;ID2=ATGATA	12
DUP_1	ID1=G;ID2=TACGTG	11
DUP_1	ID1=A;ID2=GCAGTG	11
DUP_1	ID1=K;ID2=TGTATG	11
DUP_1	ID1=B;ID2=ACTAGC	11
DUP_1	ID1=K;ID2=ACGACG	11
DUP_1	ID1=B;ID2=TAGATC	10
DUP_1	ID1=F;ID2=ACATGT	10
DUP_1	ID1=B;ID2=TCTGCG	10
DUP_1	ID1=D;ID2=GCGCTC	10
DUP_1	ID1=A;ID2=AGAGAG	10
DUP_1	ID1=F;ID2=GCAGTG	10
DUP_1	ID1=H;ID2=TGTATG	10
DUP_1	ID1=B;ID2=ACTGAT	10
DUP_1	ID1=F;ID2=TGTATG	10
DUP_1	ID1=A;ID2=ATATCG	10
DUP_1	ID1=D;ID2=AGAGAG	10
DUP_1	ID1=E;ID2=ACTAGC	9
DUP_1	ID1=J;ID2=GCAGTG	9
DUP_1	ID1=H;ID2=ACTAGC	9
DUP_1	ID1=E;ID2=ATATCG	9
DUP_1	ID1=B;ID2=ACACAC	9
DUP_1	ID1=J;ID2=AGAGAG	9
DUP_1	ID1=G;ID2=TGTATG	9
DUP_1	ID1=F;ID2=ACACAC	9
DUP_1	ID1=G;ID2=ACTCTG	9
DUP_1	ID1=F;ID2=ACTCTG	9
DUP_1	ID1=H;ID2=TCTGCG	9
DUP_1	ID1=F;ID2=ACTGAT	9
DUP_1	ID1=J;ID2=ACAGCA	8
DUP_1	ID1=C;ID2=AGAGAG	8
DUP_1	ID1=H;ID2=GCGCTC	8
DUP_1	ID1=K;ID2=CACGAT	8
DUP_1	ID1=D;ID2=CACGAT	8
DUP_1	ID1=K;ID2=GCGAGT	8
DUP_1	ID1=B;ID2=ACGACG	8
DUP_1	ID1=K;ID2=TCGTCA	8
DUP_1	ID1=E;ID2=GCTACA	8
DUP_1	ID1=B;ID2=ACTCTG	8
DUP_1	ID1=D;ID2=ACTAGC	8
DUP_1	ID1=A;ID2=GCGAGT	8
DUP_1	ID1=E;ID2=ATGATA	8
DUP_1	ID1=B;ID2=CTCGCA	8
DUP_1	ID1=G;ID2=ACTGAT	8
DUP_1	ID1=K;ID2=TACGTG	8
DUP_1	ID1=B;ID2=ATGCAG	8
DUP_1	ID1=H;ID2=TAGATC	7
DUP_1	ID1=H;ID2=GCAGTG	7
DUP_1	ID1=D;ID2=GTCTCT	7
DUP_1	ID1=C;ID2=TACGTG	7
DUP_1	ID1=D;ID2=ATGATA	7
DUP_1	ID1=C;ID2=CTGCGT	7
DUP_1	ID1=A;ID2=ACTGAT	7
DUP_1	ID1=F;ID2=ATGATA	7
DUP_1	ID1=C;ID2=TCGTCA	7
DUP_1	ID1=F;ID2=ATGCAG	7
DUP_1	ID1=C;ID2=CACGAT	7
DUP_1	ID1=B;ID2=GCGTAG	7
DUP_1	ID1=H;ID2=ACTGAT	7
DUP_1	ID1=J;ID2=TCTGCG	7
DUP_1	ID1=C;ID2=ATGTGC	7
DUP_1	ID1=J;ID2=TGTATG	7
DUP_1	ID1=C;ID2=GATGAC	7
DUP_1	ID1=J;ID2=ACTGAT	7
DUP_1	ID1=K;ID2=TCTGCG	6
DUP_1	ID1=K;ID2=ACAGCA	6
DUP_1	ID1=K;ID2=TCGCAT	6
DUP_1	ID1=A;ID2=ACGACG	6
DUP_1	ID1=B;ID2=CTGCGT	6
DUP_1	ID1=F;ID2=GCGTAG	6
DUP_1	ID1=E;ID2=GATGAC	6
DUP_1	ID1=D;ID2=ACACAC	6
DUP_1	ID1=K;ID2=ATGTGC	6
DUP_1	ID1=C;ID2=GCGCTC	6
DUP_1	ID1=J;ID2=ATATCG	6
DUP_1	ID1=F;ID2=GCTACA	6
DUP_1	ID1=E;ID2=ACATGT	6
DUP_1	ID1=H;ID2=ATGATA	6
DUP_1	ID1=H;ID2=CACGAT	6
DUP_1	ID1=H;ID2=ATCAGT	6
DUP_1	ID1=C;ID2=CTCGCA	6
DUP_1	ID1=A;ID2=ATGCAG	6
DUP_1	ID1=F;ID2=GATGAC	6
DUP_1	ID1=D;ID2=GCGTAG	6
DUP_1	ID1=K;ID2=CTGCGT	5
DUP_1	ID1=K;ID2=GCAGTG	5
DUP_1	ID1=B;ID2=GCAGTG	5
DUP_1	ID1=H;ID2=ATATCG	5
DUP_1	ID1=E;ID2=CGACGC	5
DUP_1	ID1=C;ID2=ACGACG	5
DUP_1	ID1=B;ID2=ACATGT	5
DUP_1	ID1=K;ID2=CTCGCA	5
DUP_1	ID1=K;ID2=GATGAC	5
DUP_1	ID1=F;ID2=ATGTGC	5
DUP_1	ID1=H;ID2=GCTACA	5
DUP_1	ID1=C;ID2=CGACGC	5
DUP_1	ID1=G;ID2=GCAGTG	5
DUP_1	ID1=D;ID2=CTGCGT	5
DUP_1	ID1=B;ID2=TGTATG	5
DUP_1	ID1=D;ID2=TCGCAT	5
DUP_1	ID1=G;ID2=GCGCTC	5
DUP_1	ID1=E;ID2=TCTGCG	5
DUP_1	ID1=B;ID2=GCGAGT	5
DUP_1	ID1=A;ID2=GTCTCT	5
DUP_1	ID1=F;ID2=TCTGCG	5
DUP_1	ID1=G;ID2=AGAGAG	5
DUP_1	ID1=H;ID2=GCGTAG	5
DUP_1	ID1=J;ID2=ATCAGT	5
DUP_1	ID1=H;ID2=CTCGCA	5
DUP_1	ID1=B;ID2=ACAGCA	5
DUP_1	ID1=B;ID2=GCGCTC	5
DUP_1	ID1=H;ID2=TACGTG	5
DUP_1	ID1=K;ID2=ACTAGC	4
DUP_1	ID1=D;ID2=CTCGCA	4
DUP_1	ID1=F;ID2=ATATCG	4
DUP_1	ID1=C;ID2=GTCTCT	4
DUP_1	ID1=G;ID2=TCTGCG	4
DUP_1	ID1=E;ID2=TAGATC	4
DUP_1	ID1=G;ID2=TAGATC	4
DUP_1	ID1=D;ID2=GATGAC	4
DUP_1	ID1=D;ID2=TCGTCA	4
DUP_1	ID1=C;ID2=ATCAGT	4
DUP_1	ID1=A;ID2=ACTAGC	4
DUP_1	ID1=A;ID2=ATGATA	4
DUP_1	ID1=F;ID2=TCGTCA	4
DUP_1	ID1=F;ID2=ACTAGC	4
DUP_1	ID1=H;ID2=ACACAC	4
DUP_1	ID1=C;ID2=ACATGT	4
DUP_1	ID1=A;ID2=ATGTGC	4
DUP_1	ID1=K;ID2=ATGATA	4
DUP_1	ID1=J;ID2=GCTACA	4
DUP_1	ID1=K;ID2=GCGCTC	4
DUP_1	ID1=D;ID2=GCTACA	4
DUP_1	ID1=B;ID2=GATGAC	4
DUP_1	ID1=C;ID2=GCAGTG	4
DUP_1	ID1=E;ID2=GCGCTC	4
DUP_1	ID1=E;ID2=ATGCAG	4
DUP_1	ID1=H;ID2=ATGCAG	4
DUP_1	ID1=G;ID2=GCGTAG	3
DUP_1	ID1=G;ID2=ACAGCA	3
DUP_1	ID1=F;ID2=GCGAGT	3
DUP_1	ID1=K;ID2=ACTCTG	3
DUP_1	ID1=E;ID2=ACGACG	3
DUP_1	ID1=D;ID2=ATATCG	3
DUP_1	ID1=H;ID2=ATGTGC	3
DUP_1	ID1=K;ID2=ACACAC	3
DUP_1	ID1=G;ID2=ACATGT	3
DUP_1	ID1=G;ID2=CTGCGT	3
DUP_1	ID1=J;ID2=ACACAC	3
DUP_1	ID1=F;ID2=CACGAT	3
DUP_1	ID1=A;ID2=TCGCAT	3
DUP_1	ID1=B;ID2=ATGTGC	3
DUP_1	ID1=D;ID2=ACATGT	3
DUP_1	ID1=C;ID2=ACTCTG	3
DUP_1	ID1=C;ID2=TCTGCG	3
DUP_1	ID1=G;ID2=ACACAC	3
DUP_1	ID1=H;ID2=TCGTCA	3
DUP_1	ID1=J;ID2=ATGATA	3
DUP_1	ID1=C;ID2=ACTGAT	2
DUP_1	ID1=C;ID2=GCGTAG	2
DUP_1	ID1=F;ID2=ATCAGT	2
DUP_1	ID1=E;ID2=ACACAC	2
DUP_1	ID1=A;ID2=TCGTCA	2
DUP_1	ID1=D;ID2=ACAGCA	2
DUP_1	ID1=J;ID2=CACGAT	2
DUP_1	ID1=E;ID2=TGTATG	2
DUP_1	ID1=J;ID2=ACGACG	2
DUP_1	ID1=J;ID2=TAGATC	2
DUP_1	ID1=G;ID2=ATATCG	2
DUP_1	ID1=F;ID2=CGACGC	2
DUP_1	ID1=J;ID2=GCGCTC	2
DUP_1	ID1=F;ID2=ACGACG	2
DUP_1	ID1=C;ID2=GCGAGT	2
DUP_1	ID1=B;ID2=TCGCAT	2
DUP_1	ID1=A;ID2=GCGCTC	2
DUP_1	ID1=A;ID2=ACACAC	2
DUP_1	ID1=C;ID2=TCGCAT	2
DUP_1	ID1=G;ID2=ATCAGT	2
DUP_1	ID1=C;ID2=GCTACA	2
DUP_1	ID1=A;ID2=CGACGC	1
DUP_1	ID1=J;ID2=ATGTGC	1
DUP_1	ID1=K;ID2=GCGTAG	1
DUP_1	ID1=A;ID2=ACAGCA	1
DUP_1	ID1=F;ID2=GTCTCT	1
DUP_1	ID1=G;ID2=CGACGC	1
DUP_1	ID1=C;ID2=ACACAC	1
DUP_1	ID1=K;ID2=ATGCAG	1
DUP_1	ID1=J;ID2=ATGCAG	1
DUP_1	ID1=J;ID2=GCGTAG	1
DUP_1	ID1=E;ID2=GCGTAG	1
DUP_1	ID1=K;ID2=ACTGAT	1
DUP_1	ID1=E;ID2=ATGTGC	1
DUP_2	ID1=A;ID2=GATGAC	35
DUP_2	ID1=H;ID2=AGAGAG	28
DUP_2	ID1=B;ID2=GCTACA	26
DUP_2	ID1=G;ID2=CACGAT	25
DUP_2	ID1=K;ID2=GCTACA	23
DUP_2	ID1=E;ID2=TCGCAT	22
DUP_2	ID1=G;ID2=ATGTGC	21
DUP_2	ID1=E;ID2=AGAGAG	20
DUP_2	ID1=B;ID2=ATCAGT	20
DUP_2	ID1=J;ID2=GCGAGT	18
DUP_2	ID1=K;ID2=ATATCG	18
DUP_2	ID1=C;ID2=TGTATG	17
DUP_2	ID1=E;ID2=ACTGAT	16
DUP_2	ID1=C;ID2=TAGATC	15
DUP_2	ID1=D;ID2=ATGTGC	15
DUP_2	ID1=G;ID2=GTCTCT	15
DUP_3	ID1=B;ID2=TCTGCG	17
DUP_3	ID1=G;ID2=CGACGC	13
DUP_3	ID1=D;ID2=ACTCTG	13
DUP_3	ID1=H;ID2=ACATGT	12
DUP_3	ID1=C;ID2=ACATGT	12
DUP_3	ID1=F;ID2=GATGAC	10
DUP_3	ID1=K;ID2=CTGCGT	9
DUP_3	ID1=B;ID2=GCAGTG	9
DUP_3	ID1=C;ID2=ATGTGC	9
DUP_3	ID1=A;ID2=TCGTCA	9
DUP_3	ID1=F;ID2=ATGATA	8
DUP_3	ID1=G;ID2=ATCAGT	8
DUP_3	ID1=J;ID2=TAGATC	8
DUP_3	ID1=J;ID2=CTGCGT	7
DUP_3	ID1=B;ID2=TCGCAT	7
DUP_3	ID1=G;ID2=TCTGCG	7
DUP_3	ID1=J;ID2=ACTGAT	7
DUP_3	ID1=B;ID2=ACGACG	7
DUP_3	ID1=E;ID2=GCTACA	6
DUP_3	ID1=F;ID2=ATCAGT	6
DUP_3	ID1=K;ID2=ACACAC	6
DUP_3	ID1=K;ID2=ACTCTG	6
DUP_3	ID1=F;ID2=AGAGAG	5
DUP_3	ID1=D;ID2=CTGCGT	5
DUP_3	ID1=G;ID2=TACGTG	4
DUP_3	ID1=K;ID2=ATCAGT	4
DUP_3	ID1=B;ID2=GCGTAG	4
DUP_3	ID1=J;ID2=ACTAGC	4
DUP_3	ID1=D;ID2=ATATCG	4
DUP_3	ID1=F;ID2=CGACGC	4
DUP_3	ID1=F;ID2=GCGAGT	3
DUP_3	ID1=A;ID2=ACTCTG	3
DUP_3	ID1=G;ID2=ACATGT	3
DUP_3	ID1=D;ID2=GATGAC	3
DUP_3	ID1=B;ID2=ATGTGC	3
DUP_3	ID1=K;ID2=CTCGCA	3
DUP_3	ID1=K;ID2=GCGTAG	3
DUP_3	ID1=H;ID2=ATGTGC	3
DUP_3	ID1=B;ID2=GCGCTC	3
DUP_3	ID1=G;ID2=ACTCTG	3
DUP_3	ID1=C;ID2=ACACAC	3
DUP_3	ID1=A;ID2=ACTGAT	2
DUP_3	ID1=G;ID2=ACACAC	2
DUP_3	ID1=J;ID2=CACGAT	2
DUP_3	ID1=H;ID2=ACAGCA	2
DUP_3	ID1=H;ID2=ACACAC	2
DUP_3	ID1=D;ID2=TAGATC	2
DUP_3	ID1=B;ID2=TGTATG	2
DUP_3	ID1=E;ID2=TACGTG	2
DUP_3	ID1=J;ID2=ATGTGC	2
DUP_3	ID1=F;ID2=ACACAC	2
DUP_3	ID1=J;ID2=ACGACG	2
DUP_3	ID1=F;ID2=GCGTAG	2
DUP_3	ID1=J;ID2=GCAGTG	2
DUP_3	ID1=A;ID2=CGACGC	2
DUP_3	ID1=C;ID2=AGAGAG	2
DUP_3	ID1=G;ID2=ATGATA	2
DUP_3	ID1=E;ID2=CGACGC	2
DUP_3	ID1=E;ID2=ACACAC	2
DUP_3	ID1=K;ID2=ACGACG	2
DUP_3	ID1=F;ID2=GCGCTC	1
DUP_3	ID1=C;ID2=ATCAGT	1
DUP_3	ID1=K;ID2=ATGATA	1
DUP_3	ID1=C;ID2=GCGAGT	1
DUP_3	ID1=J;ID2=GCTACA	1
DUP_3	ID1=G;ID2=CTCGCA	1
DUP_3	ID1=F;ID2=GCAGTG	1
DUP_3	ID1=E;ID2=TAGATC	1
DUP_3	ID1=B;ID2=ACTCTG	1
DUP_3	ID1=B;ID2=ACAGCA	1
DUP_3	ID1=A;ID2=GCGAGT	1
DUP_3	ID1=C;ID2=GCAGTG	1
DUP_3	ID1=A;ID2=GCGCTC	1
DUP_3	ID1=F;ID2=ACTAGC	1
DUP_4	ID1=K;ID2=ACTGAT	18
DUP_4	ID1=G;ID2=ACTAGC	12
DUP_4	ID1=D;ID2=ACTCTG	11
DUP_4	ID1=F;ID2=ATCAGT	10
DUP_4	ID1=J;ID2=GCGTAG	10
DUP_4	ID1=C;ID2=ATCAGT	7
DUP_4	ID1=G;ID2=TAGATC	6
DUP_4	ID1=A;ID2=GCTACA	6
DUP_4	ID1=J;ID2=ATATCG	5
DUP_4	ID1=D;ID2=CACGAT	5
DUP_4	ID1=C;ID2=TCGTCA	5
DUP_4	ID1=G;ID2=CGACGC	5
DUP_4	ID1=A;ID2=TCGTCA	5
DUP_4	ID1=F;ID2=TCGCAT	4
DUP_4	ID1=G;ID2=ACACAC	4
DUP_4	ID1=E;ID2=ACTAGC	4
DUP_4	ID1=E;ID2=CACGAT	4
DUP_4	ID1=A;ID2=GCGAGT	4
DUP_4	ID1=C;ID2=GATGAC	4
DUP_4	ID1=K;ID2=CTGCGT	3
DUP_4	ID1=D;ID2=ACGACG	3
DUP_4	ID1=H;ID2=ACTCTG	3
DUP_4	ID1=H;ID2=TAGATC	3
DUP_4	ID1=B;ID2=ATGTGC	3
DUP_4	ID1=F;ID2=ATGCAG	3
DUP_4	ID1=J;ID2=TAGATC	3
DUP_4	ID1=D;ID2=ATATCG	3
DUP_4	ID1=E;ID2=ACATGT	2
DUP_4	ID1=K;ID2=ATGATA	2
DUP_4	ID1=F;ID2=GCGAGT	2
DUP_4	ID1=F;ID2=ACTAGC	2
DUP_4	ID1=K;ID2=GCGTAG	2
DUP_4	ID1=E;ID2=ATGATA	2
DUP_4	ID1=H;ID2=ATGTGC	2
DUP_4	ID1=A;ID2=AGAGAG	2
DUP_4	ID1=F;ID2=CGACGC	2
DUP_4	ID1=G;ID2=TACGTG	1
DUP_4	ID1=C;ID2=GCGAGT	1
DUP_4	ID1=D;ID2=TGTATG	1
DUP_4	ID1=H;ID2=GCTACA	1
DUP_4	ID1=B;ID2=ATGCAG	1
DUP_4	ID1=J;ID2=ACAGCA	1
DUP_4	ID1=C;ID2=GCGTAG	1
DUP_4	ID1=A;ID2=ACGACG	1
DUP_4	ID1=A;ID2=GCGCTC	1
DUP_4	ID1=C;ID2=ACGACG	1
DUP_4	ID1=F;ID2=ACAGCA	1
DUP_4	ID1=E;ID2=ACGACG	1
DUP_4	ID1=H;ID2=GTCTCT	1
DUP_4	ID1=E;ID2=GCGTAG	1
DUP_4	ID1=K;ID2=CACGAT	1
DUP_4	ID1=D;ID2=GCTACA	1
DUP_4	ID1=E;ID2=GCTACA	1
DUP_4	ID1=E;ID2=ATCAGT	1
DUP_4	ID1=A;ID2=ATCAGT	1
DUP_4	ID1=J;ID2=ATGATA	1
DUP_4	ID1=K;ID2=ATGTGC	1
DUP_5	ID1=B;ID2=TCGCAT	9
DUP_5	ID1=E;ID2=ACTCTG	9
DUP_5	ID1=C;ID2=AGAGAG	7
DUP_5	ID1=G;ID2=TACGTG	6
DUP_5	ID1=H;ID2=TAGATC	6
DUP_5	ID1=D;ID2=TAGATC	6
DUP_5	ID1=J;ID2=ATATCG	5
DUP_5	ID1=G;ID2=TCTGCG	5
DUP_5	ID1=A;ID2=ACTGAT	4
DUP_5	ID1=G;ID2=TAGATC	4
DUP_5	ID1=E;ID2=GCTACA	4
DUP_5	ID1=G;ID2=TGTATG	4
DUP_5	ID1=A;ID2=ATGTGC	4
DUP_5	ID1=F;ID2=GCGTAG	4
DUP_5	ID1=D;ID2=GCGTAG	4
DUP_5	ID1=D;ID2=ACACAC	4
DUP_5	ID1=C;ID2=ATGTGC	3
DUP_5	ID1=H;ID2=TACGTG	3
DUP_5	ID1=C;ID2=TACGTG	3
DUP_5	ID1=G;ID2=CTGCGT	3
DUP_5	ID1=E;ID2=ATGTGC	3
DUP_5	ID1=F;ID2=ACACAC	3
DUP_5	ID1=D;ID2=TACGTG	3
DUP_5	ID1=K;ID2=GTCTCT	3
DUP_5	ID1=D;ID2=ACTAGC	3
DUP_5	ID1=C;ID2=GCTACA	3
DUP_5	ID1=C;ID2=ATCAGT	2
DUP_5	ID1=D;ID2=ACAGCA	2
DUP_5	ID1=G;ID2=ACAGCA	2
DUP_5	ID1=J;ID2=ACTAGC	2
DUP_5	ID1=F;ID2=TCTGCG	2
DUP_5	ID1=D;ID2=CTGCGT	2
DUP_5	ID1=D;ID2=GTCTCT	2
DUP_5	ID1=G;ID2=ACGACG	2
DUP_5	ID1=E;ID2=GATGAC	2
DUP_5	ID1=F;ID2=ATGCAG	2
DUP_5	ID1=C;ID2=GATGAC	2
DUP_5	ID1=G;ID2=ACTGAT	2
DUP_5	ID1=B;ID2=ACGACG	2
DUP_5	ID1=K;ID2=CTCGCA	2
DUP_5	ID1=H;ID2=ATGCAG	2
DUP_5	ID1=C;ID2=TCGTCA	1
DUP_5	ID1=F;ID2=ATCAGT	1
DUP_5	ID1=A;ID2=CACGAT	1
DUP_5	ID1=G;ID2=ACACAC	1
DUP_5	ID1=C;ID2=GCGCTC	1
DUP_5	ID1=J;ID2=GCTACA	1
DUP_5	ID1=H;ID2=TGTATG	1
DUP_5	ID1=F;ID2=ACTAGC	1
DUP_5	ID1=G;ID2=ATATCG	1
DUP_5	ID1=G;ID2=ACTCTG	1
DUP_5	ID1=J;ID2=ACAGCA	1
DUP_5	ID1=F;ID2=AGAGAG	1
DUP_5	ID1=E;ID2=TAGATC	1
DUP_5	ID1=H;ID2=ATCAGT	1
DUP_5	ID1=D;ID2=GCGCTC	1
DUP_5	ID1=K;ID2=ACTCTG	1
DUP_5	ID1=K;ID2=GATGAC	1
DUP_5	ID1=C;ID2=TCTGCG	1
DUP_5	ID1=F;ID2=ACTGAT	1
DUP_5	ID1=A;ID2=GCAGTG	1
DUP_5	ID1=J;ID2=ATGATA	1
DUP_5	ID1=B;ID2=CTCGCA	1
DUP_5	ID1=B;ID2=ACAGCA	1
DUP_5	ID1=G;ID2=GATGAC	1
DUP_5	ID1=J;ID2=GCAGTG	1
DUP_5	ID1=A;ID2=GCGAGT	1
DUP_5	ID1=D;ID2=TCGTCA	1
DUP_5	ID1=C;ID2=ACTCTG	1
DUP_5	ID1=F;ID2=GCGAGT	1
DUP_5	ID1=E;ID2=ATGCAG	1
DUP_5	ID1=E;ID2=CGACGC	1
DUP_5	ID1=E;ID2=ATGATA	1
DUP_5	ID1=C;ID2=ATGATA	1
DUP_5	ID1=K;ID2=TGTATG	1
DUP_5	ID1=B;ID2=GCGAGT	1
DUP_5	ID1=K;ID2=ACGACG	1
DUP_5	ID1=A;ID2=ATCAGT	1
DUP_5	ID1=H;ID2=ACTGAT	1
DUP_5	ID1=A;ID2=TCGTCA	1
DUP_5	ID1=D;ID2=TCGCAT	1
DUP_6	ID1=E;ID2=TCTGCG	17
DUP_6	ID1=K;ID2=TCGTCA	13
DUP_6	ID1=C;ID2=TCTGCG	8
DUP_6	ID1=H;ID2=TACGTG	8
DUP_6	ID1=E;ID2=ATGTGC	7
DUP_6	ID1=G;ID2=AGAGAG	6
DUP_6	ID1=J;ID2=ATGATA	6
DUP_6	ID1=B;ID2=GCAGTG	5
DUP_6	ID1=H;ID2=CTCGCA	5
DUP_6	ID1=C;ID2=GATGAC	5
DUP_6	ID1=C;ID2=GCTACA	5
DUP_6	ID1=A;ID2=TGTATG	4
DUP_6	ID1=F;ID2=ATGCAG	4
DUP_6	ID1=D;ID2=AGAGAG	4
DUP_6	ID1=H;ID2=ATGATA	4
DUP_6	ID1=A;ID2=ATCAGT	4
DUP_6	ID1=K;ID2=ACTAGC	3
DUP_6	ID1=J;ID2=ATATCG	3
DUP_6	ID1=E;ID2=CACGAT	3
DUP_6	ID1=K;ID2=ACTCTG	3
DUP_6	ID1=E;ID2=CTCGCA	3
DUP_6	ID1=F;ID2=ACTGAT	3
DUP_6	ID1=J;ID2=ACTAGC	3
DUP_6	ID1=B;ID2=GCGCTC	3
DUP_6	ID1=K;ID2=ATGTGC	3
DUP_6	ID1=D;ID2=CTGCGT	2
DUP_6	ID1=E;ID2=TAGATC	2
DUP_6	ID1=C;ID2=GTCTCT	2
DUP_6	ID1=D;ID2=TGTATG	2
DUP_6	ID1=H;ID2=GCTACA	2
DUP_6	ID1=C;ID2=ATGTGC	2
DUP_6	ID1=B;ID2=CTGCGT	2
DUP_6	ID1=C;ID2=CTCGCA	2
DUP_6	ID1=G;ID2=TGTATG	2
DUP_6	ID1=E;ID2=ACGACG	2
DUP_6	ID1=B;ID2=ACATGT	2
DUP_6	ID1=A;ID2=GCGAGT	2
DUP_6	ID1=A;ID2=CGACGC	2
DUP_6	ID1=G;ID2=TCGCAT	2
DUP_6	ID1=E;ID2=ATGCAG	2
DUP_6	ID1=D;ID2=ACTGAT	1
DUP_6	ID1=K;ID2=ACAGCA	1
DUP_6	ID1=C;ID2=TCGCAT	1
DUP_6	ID1=E;ID2=ACTAGC	1
DUP_6	ID1=G;ID2=CACGAT	1
DUP_6	ID1=J;ID2=CTCGCA	1
DUP_6	ID1=C;ID2=ACTGAT	1
DUP_6	ID1=E;ID2=ACTCTG	1
DUP_6	ID1=H;ID2=GCAGTG	1
DUP_6	ID1=J;ID2=ACTCTG	1
DUP_6	ID1=E;ID2=GCAGTG	1
DUP_6	ID1=D;ID2=ACTAGC	1
DUP_6	ID1=G;ID2=CTGCGT	1
DUP_6	ID1=B;ID2=CTCGCA	1
DUP_6	ID1=F;ID2=GCGTAG	1
DUP_6	ID1=A;ID2=ACTGAT	1
DUP_6	ID1=G;ID2=TCTGCG	1
DUP_6	ID1=C;ID2=ACGACG	1
DUP_6	ID1=E;ID2=TCGTCA	1
DUP_6	ID1=E;ID2=GCGCTC	1
DUP_6	ID1=K;ID2=ATGCAG	1
DUP_6	ID1=D;ID2=GCGAGT	1
DUP_7	ID1=J;ID2=ACTCTG	36
DUP_7	ID1=C;ID2=ATGCAG	27
DUP_7	ID1=E;ID2=GCAGTG	23
DUP_7	ID1=B;ID2=AGAGAG	22
DUP_7	ID1=J;ID2=ACATGT	21
DUP_7	ID1=E;ID2=TCGTCA	18
DUP_7	ID1=J;ID2=TCGCAT	18
DUP_7	ID1=D;ID2=GCGAGT	8
DUP_8	ID1=H;ID2=CACGAT	27
DUP_8	ID1=G;ID2=ATATCG	19
DUP_8	ID1=C;ID2=ACTCTG	17
DUP_8	ID1=F;ID2=TCGTCA	15
DUP_8	ID1=D;ID2=GCTACA	10
DUP_8	ID1=G;ID2=ACATGT	9
DUP_8	ID1=J;ID2=TAGATC	8
DUP_8	ID1=C;ID2=GCGAGT	8
DUP_8	ID1=H;ID2=ATCAGT	8
DUP_8	ID1=K;ID2=ACACAC	7
DUP_8	ID1=D;ID2=GATGAC	7
DUP_8	ID1=A;ID2=GCGCTC	7
DUP_8	ID1=B;ID2=GATGAC	6
DUP_8	ID1=G;ID2=GCGTAG	5
DUP_8	ID1=B;ID2=TGTATG	5
DUP_8	ID1=K;ID2=GCGCTC	4
DUP_8	ID1=H;ID2=TCGTCA	2
DUP_8	ID1=B;ID2=ACGACG	1
DUP_8	ID1=A;ID2=CGACGC	1
DUP_8	ID1=F;ID2=GCGAGT	1
DUP_9	ID1=A;ID2=GTCTCT	9
DUP_9	ID1=D;ID2=CTCGCA	9
DUP_9	ID1=D;ID2=TCTGCG	8
DUP_9	ID1=B;ID2=ACTGAT	6
DUP_9	ID1=K;ID2=GTCTCT	6
DUP_9	ID1=D;ID2=ATCAGT	5
DUP_9	ID1=D;ID2=TACGTG	5
DUP_9	ID1=E;ID2=ACGACG	4
DUP_9	ID1=F;ID2=ACGACG	4
DUP_9	ID1=C;ID2=ATGATA	4
DUP_9	ID1=A;ID2=CACGAT	3
DUP_9	ID1=J;ID2=CTGCGT	3
DUP_9	ID1=K;ID2=TCTGCG	3
DUP_9	ID1=C;ID2=CGACGC	3
DUP_9	ID1=B;ID2=TAGATC	3
DUP_9	ID1=D;ID2=TAGATC	3
DUP_9	ID1=H;ID2=CTGCGT	3
DUP_9	ID1=G;ID2=CTGCGT	3
DUP_9	ID1=D;ID2=GCGTAG	3
DUP_9	ID1=D;ID2=ACTCTG	3
DUP_9	ID1=H;ID2=GATGAC	3
DUP_9	ID1=G;ID2=GATGAC	3
DUP_9	ID1=E;ID2=ATGCAG	3
DUP_9	ID1=A;ID2=CGACGC	3
DUP_9	ID1=H;ID2=ATGCAG	3
DUP_9	ID1=K;ID2=TACGTG	2
DUP_9	ID1=A;ID2=ACAGCA	2
DUP_9	ID1=C;ID2=GCGCTC	2
DUP_9	ID1=H;ID2=ACACAC	2
DUP_9	ID1=K;ID2=TGTATG	2
DUP_9	ID1=F;ID2=TCTGCG	2
DUP_9	ID1=G;ID2=ACTGAT	2
DUP_9	ID1=A;ID2=ATGCAG	2
DUP_9	ID1=A;ID2=GCAGTG	2
DUP_9	ID1=F;ID2=ACTGAT	2
DUP_9	ID1=F;ID2=GCTACA	2
DUP_9	ID1=A;ID2=ATCAGT	2
DUP_9	ID1=D;ID2=GTCTCT	2
DUP_9	ID1=E;ID2=ACTCTG	1
DUP_9	ID1=A;ID2=TGTATG	1
DUP_9	ID1=D;ID2=ACAGCA	1
DUP_9	ID1=K;ID2=GCAGTG	1
DUP_9	ID1=G;ID2=TAGATC	1
DUP_9	ID1=H;ID2=TGTATG	1
DUP_9	ID1=B;ID2=GCAGTG	1
DUP_9	ID1=E;ID2=GATGAC	1
DUP_9	ID1=D;ID2=CACGAT	1
DUP_9	ID1=F;ID2=GCAGTG	1
DUP_9	ID1=G;ID2=GCAGTG	1
DUP_9	ID1=J;ID2=GCGCTC	1
DUP_9	ID1=B;ID2=ACTAGC	1
DUP_9	ID1=E;ID2=CGACGC	1
DUP_9	ID1=G;ID2=ACGACG	1
DUP_9	ID1=K;ID2=ACTCTG	1
DUP_9	ID1=C;ID2=ACGACG	1
DUP_9	ID1=G;ID2=TGTATG	1
DUP_9	ID1=D;ID2=ACTAGC	1
DUP_9	ID1=F;ID2=GTCTCT	1
DUP_9	ID1=G;ID2=ACAGCA	1
DUP_9	ID1=K;ID2=ATCAGT	1
DUP_9	ID1=D;ID2=ATGATA	1
DUP_9	ID1=C;ID2=ACTCTG	1
DUP_9	ID1=A;ID2=ATGTGC	1
DUP_9	ID1=K;ID2=GATGAC	1
DUP_9	ID1=C;ID2=TACGTG	1
DUP_9	ID1=E;ID2=GCGCTC	1
DUP_9	ID1=H;ID2=ACTGAT	1
DUP_10	ID1=B;ID2=ACATGT	11
DUP_10	ID1=J;ID2=AGAGAG	10
DUP_10	ID1=F;ID2=GTCTCT	10
DUP_10	ID1=C;ID2=CTCGCA	7
DUP_10	ID1=H;ID2=ATGATA	7
DUP_10	ID1=G;ID2=TCGCAT	7
DUP_10	ID1=B;ID2=ACTCTG	6
DUP_10	ID1=J;ID2=TGTATG	6
DUP_10	ID1=J;ID2=GCTACA	5
DUP_10	ID1=J;ID2=ATCAGT	4
DUP_10	ID1=C;ID2=TCGCAT	4
DUP_10	ID1=C;ID2=TCGTCA	4
DUP_10	ID1=K;ID2=ACTAGC	3
DUP_10	ID1=K;ID2=TACGTG	3
DUP_10	ID1=C;ID2=GTCTCT	3
DUP_10	ID1=C;ID2=CACGAT	3
DUP_10	ID1=C;ID2=ACTGAT	3
DUP_10	ID1=F;ID2=ACTGAT	3
DUP_10	ID1=H;ID2=ACTAGC	3
DUP_10	ID1=K;ID2=ACAGCA	2
DUP_10	ID1=K;ID2=CACGAT	2
DUP_10	ID1=G;ID2=TAGATC	2
DUP_10	ID1=H;ID2=CTCGCA	2
DUP_10	ID1=E;ID2=GCGTAG	2
DUP_10	ID1=B;ID2=ACTAGC	2
DUP_10	ID1=G;ID2=TGTATG	2
DUP_10	ID1=A;ID2=ATGTGC	2
DUP_10	ID1=E;ID2=ACGACG	2
DUP_10	ID1=G;ID2=GCGCTC	2
DUP_10	ID1=F;ID2=ACATGT	2
DUP_10	ID1=H;ID2=ACTCTG	2
DUP_10	ID1=B;ID2=GCGCTC	2
DUP_10	ID1=F;ID2=ATGCAG	2
DUP_10	ID1=C;ID2=ATGCAG	2
DUP_10	ID1=H;ID2=ATGTGC	2
DUP_10	ID1=B;ID2=GCGAGT	2
DUP_10	ID1=D;ID2=ACACAC	2
DUP_10	ID1=E;ID2=TCTGCG	2
DUP_10	ID1=C;ID2=ATCAGT	1
DUP_10	ID1=J;ID2=ATATCG	1
DUP_10	ID1=H;ID2=GCTACA	1
DUP_10	ID1=J;ID2=ACAGCA	1
DUP_10	ID1=A;ID2=ACGACG	1
DUP_10	ID1=E;ID2=CACGAT	1
DUP_10	ID1=J;ID2=GCGCTC	1
DUP_10	ID1=A;ID2=AGAGAG	1
DUP_10	ID1=B;ID2=AGAGAG	1
DUP_10	ID1=H;ID2=TAGATC	1
DUP_10	ID1=H;ID2=GTCTCT	1
DUP_10	ID1=F;ID2=ACACAC	1
DUP_10	ID1=A;ID2=ATATCG	1
DUP_10	ID1=H;ID2=GCAGTG	1
DUP_10	ID1=K;ID2=ATGCAG	1
DUP_10	ID1=D;ID2=AGAGAG	1
DUP_10	ID1=B;ID2=ATGCAG	1
DUP_10	ID1=C;ID2=GCTACA	1
DUP_10	ID1=E;ID2=ATATCG	1
DUP_11	ID1=H;ID2=GTCTCT	20
DUP_11	ID1=A;ID2=ACTCTG	19
DUP_11	ID1=G;ID2=CTCGCA	17
DUP_11	ID1=E;ID2=TACGTG	15
DUP_11	ID1=F;ID2=ACAGCA	15
DUP_11	ID1=H;ID2=GATGAC	11
DUP_11	ID1=E;ID2=GCGTAG	10
DUP_11	ID1=G;ID2=ATGCAG	9
DUP_11	ID1=F;ID2=GCGCTC	8
DUP_11	ID1=C;ID2=GCTACA	1
DUP_12	ID1=K;ID2=TACGTG	10
DUP_12	ID1=E;ID2=ACGACG	9
DUP_12	ID1=C;ID2=ACGACG	6
DUP_12	ID1=B;ID2=TACGTG	6
DUP_12	ID1=A;ID2=GCTACA	5
DUP_12	ID1=G;ID2=ACGACG	4
DUP_12	ID1=H;ID2=GCAGTG	4
DUP_12	ID1=D;ID2=ATGATA	4
DUP_12	ID1=B;ID2=ATGCAG	4
DUP_12	ID1=K;ID2=ATGCAG	4
DUP_12	ID1=A;ID2=TGTATG	3
DUP_12	ID1=H;ID2=GCGCTC	3
DUP_12	ID1=D;ID2=CACGAT	3
DUP_12	ID1=G;ID2=GCAGTG	3
DUP_12	ID1=G;ID2=TGTATG	3
DUP_12	ID1=D;ID2=ACTGAT	3
DUP_12	ID1=F;ID2=TCGCAT	2
DUP_12	ID1=J;ID2=GCGTAG	2
DUP_12	ID1=C;ID2=GTCTCT	2
DUP_12	ID1=D;ID2=TGTATG	2
DUP_12	ID1=B;ID2=ACTGAT	2
DUP_12	ID1=A;ID2=GTCTCT	2
DUP_12	ID1=E;ID2=ACTAGC	2
DUP_12	ID1=A;ID2=TCGCAT	2
DUP_12	ID1=G;ID2=CTGCGT	2
DUP_12	ID1=A;ID2=GCAGTG	2
DUP_12	ID1=K;ID2=TCTGCG	2
DUP_12	ID1=A;ID2=ATCAGT	2
DUP_12	ID1=F;ID2=ACTCTG	1
DUP_12	ID1=D;ID2=CTCGCA	1
DUP_12	ID1=D;ID2=ACGACG	1
DUP_12	ID1=C;ID2=GCGTAG	1
DUP_12	ID1=D;ID2=GCGTAG	1
DUP_12	ID1=C;ID2=TACGTG	1
DUP_12	ID1=D;ID2=ACAGCA	1
DUP_12	ID1=H;ID2=CTGCGT	1
DUP_12	ID1=A;ID2=ATGCAG	1
DUP_12	ID1=F;ID2=GCTACA	1
DUP_12	ID1=G;ID2=GCGCTC	1
DUP_12	ID1=H;ID2=ATGATA	1
DUP_12	ID1=K;ID2=GATGAC	1
DUP_12	ID1=K;ID2=TGTATG	1
DUP_12	ID1=C;ID2=GCTACA	1
DUP_13	ID1=E;ID2=ACATGT	8
DUP_13	ID1=H;ID2=ATGTGC	7
DUP_13	ID1=K;ID2=ACTAGC	6
DUP_13	ID1=D;ID2=GCGCTC	6
DUP_13	ID1=E;ID2=ATCAGT	6
DUP_13	ID1=K;ID2=ACTCTG	5
DUP_13	ID1=J;ID2=ATCAGT	4
DUP_13	ID1=F;ID2=TCGCAT	4
DUP_13	ID1=D;ID2=ACGACG	4
DUP_13	ID1=J;ID2=GCTACA	4
DUP_13	ID1=A;ID2=CGACGC	4
DUP_13	ID1=K;ID2=ACAGCA	3
DUP_13	ID1=G;ID2=ACTAGC	3
DUP_13	ID1=B;ID2=GCGAGT	3
DUP_13	ID1=J;ID2=ACTAGC	2
DUP_13	ID1=E;ID2=TAGATC	2
DUP_13	ID1=J;ID2=TCTGCG	2
DUP_13	ID1=H;ID2=GCAGTG	2
DUP_13	ID1=C;ID2=ACGACG	2
DUP_13	ID1=E;ID2=ATGATA	2
DUP_13	ID1=C;ID2=GCTACA	2
DUP_13	ID1=A;ID2=CACGAT	1
DUP_13	ID1=J;ID2=GCGTAG	1
DUP_13	ID1=A;ID2=GCTACA	1
DUP_13	ID1=B;ID2=GCAGTG	1
DUP_13	ID1=B;ID2=CTGCGT	1
DUP_13	ID1=K;ID2=GATGAC	1
DUP_13	ID1=E;ID2=ACGACG	1
DUP_13	ID1=B;ID2=ACAGCA	1
DUP_13	ID1=B;ID2=GCGCTC	1
DUP_13	ID1=K;ID2=TACGTG	1
DUP_13	ID1=G;ID2=ACTCTG	1
DUP_14	ID1=H;ID2=ACACAC	9
DUP_14	ID1=J;ID2=ACAGCA	8
DUP_14	ID1=J;ID2=CACGAT	7
DUP_14	ID1=A;ID2=ACACAC	7
DUP_14	ID1=A;ID2=ACAGCA	6
DUP_14	ID1=E;ID2=ACAGCA	5
DUP_14	ID1=J;ID2=ATGTGC	5
DUP_14	ID1=J;ID2=ACGACG	5
DUP_14	ID1=E;ID2=ACACAC	5
DUP_14	ID1=K;ID2=GCAGTG	5
DUP_14	ID1=B;ID2=ACGACG	4
DUP_14	ID1=A;ID2=ACTAGC	3
DUP_14	ID1=B;ID2=GCGTAG	3
DUP_14	ID1=H;ID2=GCGAGT	3
DUP_14	ID1=C;ID2=ACACAC	3
DUP_14	ID1=A;ID2=AGAGAG	2
DUP_14	ID1=F;ID2=ATGATA	2
DUP_14	ID1=J;ID2=ACTGAT	2
DUP_14	ID1=B;ID2=GCGCTC	1
DUP_14	ID1=F;ID2=ACTAGC	1
DUP_15	ID1=J;ID2=ATGTGC	9
DUP_15	ID1=J;ID2=ACGACG	9
DUP_15	ID1=E;ID2=ACAGCA	7
DUP_15	ID1=B;ID2=GCGCTC	7
DUP_15	ID1=G;ID2=ACAGCA	5
DUP_15	ID1=A;ID2=ACACAC	5
DUP_15	ID1=K;ID2=GCAGTG	4
DUP_15	ID1=J;ID2=ACACAC	4
DUP_15	ID1=E;ID2=ACACAC	4
DUP_15	ID1=C;ID2=ACACAC	4
DUP_15	ID1=H;ID2=ACACAC	3
DUP_15	ID1=A;ID2=ACAGCA	3
DUP_15	ID1=D;ID2=TCGTCA	3
DUP_15	ID1=D;ID2=ACGACG	2
DUP_15	ID1=D;ID2=ACATGT	2
DUP_15	ID1=A;ID2=TCGCAT	2
DUP_15	ID1=J;ID2=ATGCAG	2
DUP_15	ID1=J;ID2=CACGAT	2
DUP_15	ID1=F;ID2=ATGTGC	1
DUP_15	ID1=J;ID2=GCGTAG	1
DUP_15	ID1=H;ID2=GCGAGT	1
DUP_15	ID1=E;ID2=ACTAGC	1
DUP_15	ID1=G;ID2=ACTAGC	1
DUP_16	ID1=H;ID2=TCGCAT	24
DUP_16	ID1=B;ID2=GTCTCT	18
DUP_16	ID1=D;ID2=ATGCAG	18
DUP_16	ID1=K;ID2=TAGATC	16
DUP_17	ID1=E;ID2=ATGCAG	9
DUP_17	ID1=G;ID2=CTGCGT	7
DUP_17	ID1=G;ID2=TGTATG	6
DUP_17	ID1=C;ID2=CGACGC	5
DUP_17	ID1=A;ID2=ATGTGC	4
DUP_17	ID1=C;ID2=GCGCTC	4
DUP_17	ID1=F;ID2=ACTGAT	4
DUP_17	ID1=A;ID2=CACGAT	3
DUP_17	ID1=A;ID2=GCAGTG	3
DUP_17	ID1=E;ID2=GCGCTC	3
DUP_17	ID1=E;ID2=GATGAC	3
DUP_17	ID1=D;ID2=TCGCAT	2
DUP_17	ID1=C;ID2=GCTACA	2
DUP_17	ID1=C;ID2=TACGTG	2
DUP_17	ID1=K;ID2=GATGAC	2
DUP_17	ID1=H;ID2=ATGCAG	2
DUP_17	ID1=B;ID2=GATGAC	1
DUP_17	ID1=J;ID2=TAGATC	1
DUP_17	ID1=G;ID2=ACTGAT	1
DUP_18	ID1=G;ID2=ATCAGT	6
DUP_18	ID1=F;ID2=ACTGAT	5
DUP_18	ID1=C;ID2=GCAGTG	4
DUP_18	ID1=K;ID2=ATGATA	3
DUP_18	ID1=J;ID2=ACACAC	3
DUP_18	ID1=F;ID2=GCAGTG	3
DUP_18	ID1=A;ID2=TCGCAT	3
DUP_18	ID1=J;ID2=GCAGTG	3
DUP_18	ID1=K;ID2=GCGTAG	3
DUP_18	ID1=J;ID2=ATATCG	2
DUP_18	ID1=G;ID2=TGTATG	2
DUP_18	ID1=G;ID2=ACAGCA	2
DUP_18	ID1=A;ID2=GCGAGT	2
DUP_18	ID1=D;ID2=TCGTCA	2
DUP_18	ID1=F;ID2=ACGACG	1
DUP_18	ID1=G;ID2=ACACAC	1
DUP_18	ID1=F;ID2=ATCAGT	1
DUP_18	ID1=H;ID2=TGTATG	1
DUP_18	ID1=G;ID2=ATGATA	1
DUP_18	ID1=F;ID2=TCTGCG	1
DUP_18	ID1=A;ID2=ATGTGC	1
DUP_18	ID1=C;ID2=GATGAC	1
DUP_18	ID1=D;ID2=ATATCG	1
DUP_18	ID1=A;ID2=TCGTCA	1
DUP_18	ID1=F;ID2=CGACGC	1
DUP_19	ID1=F;ID2=TCTGCG	9
DUP_19	ID1=H;ID2=TGTATG	8
DUP_19	ID1=A;ID2=GTCTCT	6
DUP_19	ID1=F;ID2=ACGACG	6
DUP_19	ID1=B;ID2=ACTGAT	4
DUP_19	ID1=D;ID2=CTCGCA	4
DUP_19	ID1=D;ID2=ATCAGT	3
DUP_19	ID1=D;ID2=TGTATG	1
DUP_19	ID1=G;ID2=ACGACG	1
DUP_19	ID1=A;ID2=ATGCAG	1
DUP_19	ID1=A;ID2=ATCAGT	1
DUP_19	ID1=D;ID2=ACAGCA	1
DUP_19	ID1=C;ID2=ATGATA	1
DUP_19	ID1=K;ID2=TGTATG	1
DUP_19	ID1=E;ID2=CTCGCA	1
DUP_19	ID1=K;ID2=TCTGCG	1
DUP_19	ID1=G;ID2=TAGATC	1
DUP_19	ID1=H;ID2=CTGCGT	1
DUP_19	ID1=D;ID2=GTCTCT	1
DUP_20	ID1=F;ID2=TGTATG	8
DUP_20	ID1=K;ID2=CACGAT	7
DUP_20	ID1=H;ID2=ACTGAT	7
DUP_20	ID1=J;ID2=CTCGCA	6
DUP_20	ID1=B;ID2=CTCGCA	6
DUP_20	ID1=E;ID2=ATATCG	5
DUP_20	ID1=F;ID2=ACATGT	3
DUP_20	ID1=B;ID2=ACTCTG	3
DUP_20	ID1=A;ID2=ATATCG	2
DUP_20	ID1=B;ID2=ACTAGC	2
DUP_20	ID1=C;ID2=CACGAT	1
DUP_20	ID1=K;ID2=ATGTGC	1
DUP_20	ID1=H;ID2=ACTAGC	1
DUP_21	ID1=G;ID2=TCGCAT	11
DUP_21	ID1=J;ID2=GCGCTC	9
DUP_21	ID1=J;ID2=AGAGAG	7
DUP_21	ID1=B;ID2=ACATGT	4
DUP_21	ID1=F;ID2=GTCTCT	3
DUP_21	ID1=G;ID2=GCGCTC	3
DUP_21	ID1=J;ID2=TGTATG	3
DUP_21	ID1=C;ID2=ACTGAT	3
DUP_21	ID1=H;ID2=ATGATA	2
DUP_21	ID1=C;ID2=TCGCAT	2
DUP_21	ID1=C;ID2=GTCTCT	1
DUP_21	ID1=C;ID2=CTCGCA	1
DUP_22	ID1=A;ID2=CTGCGT	11
DUP_22	ID1=F;ID2=TAGATC	10
DUP_22	ID1=D;ID2=CGACGC	9
DUP_22	ID1=H;ID2=GCTACA	3
DUP_22	ID1=A;ID2=ACAGCA	2
DUP_22	ID1=B;ID2=ACTGAT	2
DUP_22	ID1=A;ID2=ACGACG	2
DUP_22	ID1=A;ID2=GCAGTG	1
DUP_22	ID1=A;ID2=GTCTCT	1
DUP_22	ID1=G;ID2=ATATCG	1
DUP_22	ID1=E;ID2=ACAGCA	1
DUP_22	ID1=D;ID2=TGTATG	1
DUP_22	ID1=J;ID2=CGACGC	1
DUP_22	ID1=H;ID2=GCGAGT	1
DUP_22	ID1=E;ID2=ATGCAG	1
DUP_23	ID1=C;ID2=CTGCGT	15
DUP_23	ID1=K;ID2=GCGAGT	12
DUP_23	ID1=H;ID2=TCTGCG	10
DUP_23	ID1=H;ID2=ATATCG	9
DUP_24	ID1=H;ID2=ACAGCA	6
DUP_24	ID1=D;ID2=TAGATC	5
DUP_24	ID1=F;ID2=AGAGAG	4
DUP_24	ID1=K;ID2=ATCAGT	4
DUP_24	ID1=B;ID2=TCTGCG	3
DUP_24	ID1=H;ID2=ACATGT	3
DUP_24	ID1=G;ID2=ATGATA	2
DUP_24	ID1=K;ID2=GCAGTG	2
DUP_24	ID1=A;ID2=GCTACA	2
DUP_24	ID1=E;ID2=ACACAC	2
DUP_24	ID1=F;ID2=GATGAC	2
DUP_24	ID1=F;ID2=CGACGC	2
DUP_24	ID1=J;ID2=CACGAT	1
DUP_24	ID1=B;ID2=ATGTGC	1
DUP_24	ID1=J;ID2=ACGACG	1
DUP_24	ID1=E;ID2=ACTAGC	1
DUP_24	ID1=G;ID2=GATGAC	1
DUP_24	ID1=C;ID2=GCAGTG	1
DUP_24	ID1=G;ID2=ACTGAT	1
DUP_25	ID1=K;ID2=ATCAGT	7
DUP_25	ID1=J;ID2=ATGCAG	6
DUP_25	ID1=F;ID2=ATGTGC	6
DUP_25	ID1=H;ID2=ACAGCA	6
DUP_25	ID1=F;ID2=AGAGAG	5
DUP_25	ID1=F;ID2=ATATCG	5
DUP_25	ID1=D;ID2=TAGATC	3
DUP_25	ID1=D;ID2=ACATGT	3
DUP_25	ID1=D;ID2=GCTACA	1
DUP_25	ID1=K;ID2=CTGCGT	1
DUP_26	ID1=A;ID2=CACGAT	6
DUP_26	ID1=K;ID2=GATGAC	6
DUP_26	ID1=C;ID2=GCGCTC	4
DUP_26	ID1=D;ID2=ACAGCA	4
DUP_26	ID1=C;ID2=TACGTG	4
DUP_26	ID1=C;ID2=CGACGC	3
DUP_26	ID1=A;ID2=GCAGTG	3
DUP_26	ID1=E;ID2=GATGAC	3
DUP_26	ID1=H;ID2=TGTATG	3
DUP_26	ID1=A;ID2=GTCTCT	2
DUP_26	ID1=D;ID2=TACGTG	1
DUP_26	ID1=H;ID2=ATGCAG	1
DUP_27	ID1=E;ID2=CACGAT	3
DUP_27	ID1=F;ID2=ACTGAT	3
DUP_27	ID1=K;ID2=GATGAC	3
DUP_27	ID1=A;ID2=ACTAGC	2
DUP_27	ID1=J;ID2=CGACGC	2
DUP_27	ID1=B;ID2=ACTGAT	2
DUP_27	ID1=A;ID2=GCAGTG	2
DUP_27	ID1=E;ID2=TCTGCG	2
DUP_27	ID1=K;ID2=TCGTCA	1
DUP_27	ID1=A;ID2=GCTACA	1
DUP_27	ID1=B;ID2=ACTAGC	1
DUP_27	ID1=F;ID2=ACTAGC	1
DUP_27	ID1=C;ID2=TACGTG	1
DUP_27	ID1=G;ID2=ACGACG	1
DUP_27	ID1=C;ID2=ACGACG	1
DUP_27	ID1=G;ID2=TGTATG	1
DUP_27	ID1=E;ID2=CTCGCA	1
DUP_27	ID1=D;ID2=ATGATA	1
DUP_27	ID1=J;ID2=ACAGCA	1
DUP_27	ID1=E;ID2=GATGAC	1
DUP_27	ID1=F;ID2=GCTACA	1
DUP_27	ID1=E;ID2=GCGCTC	1
DUP_27	ID1=H;ID2=ACTCTG	1
DUP_27	ID1=B;ID2=CTCGCA	1
DUP_27	ID1=E;ID2=ATGCAG	1
DUP_27	ID1=H;ID2=ATGCAG	1
DUP_28	ID1=B;ID2=TAGATC	14
DUP_28	ID1=B;ID2=ACACAC	8
DUP_28	ID1=H;ID2=GCGTAG	8
DUP_28	ID1=A;ID2=ACACAC	3
DUP_28	ID1=E;ID2=ACAGCA	3
DUP_28	ID1=A;ID2=ACAGCA	1
DUP_29	ID1=K;ID2=ACTCTG	3
DUP_29	ID1=E;ID2=TACGTG	3
DUP_29	ID1=F;ID2=GTCTCT	3
DUP_29	ID1=G;ID2=TACGTG	2
DUP_29	ID1=J;ID2=AGAGAG	2
DUP_29	ID1=D;ID2=ATGATA	2
DUP_29	ID1=G;ID2=TCTGCG	2
DUP_29	ID1=B;ID2=TACGTG	2
DUP_29	ID1=B;ID2=ACGACG	2
DUP_29	ID1=A;ID2=ACTAGC	1
DUP_29	ID1=E;ID2=TAGATC	1
DUP_29	ID1=C;ID2=GTCTCT	1
DUP_29	ID1=B;ID2=GCAGTG	1
DUP_29	ID1=F;ID2=ACTAGC	1
DUP_29	ID1=C;ID2=ATGTGC	1
DUP_29	ID1=E;ID2=ACTCTG	1
DUP_29	ID1=J;ID2=GCGCTC	1
DUP_29	ID1=F;ID2=ATGATA	1
DUP_29	ID1=C;ID2=ACGACG	1
DUP_29	ID1=B;ID2=GCGTAG	1
DUP_29	ID1=A;ID2=CGACGC	1
DUP_29	ID1=G;ID2=GCGCTC	1
DUP_29	ID1=H;ID2=ATGATA	1
DUP_29	ID1=G;ID2=TCGCAT	1
DUP_30	ID1=D;ID2=ACGACG	6
DUP_30	ID1=G;ID2=ACTAGC	5
DUP_30	ID1=J;ID2=ATCAGT	3
DUP_30	ID1=B;ID2=GCGAGT	3
DUP_30	ID1=E;ID2=ACTCTG	2
DUP_30	ID1=J;ID2=GCGTAG	2
DUP_30	ID1=F;ID2=ACACAC	2
DUP_30	ID1=A;ID2=ACTAGC	1
DUP_30	ID1=H;ID2=CTCGCA	1
DUP_30	ID1=J;ID2=GCTACA	1
DUP_30	ID1=D;ID2=TCGCAT	1
DUP_30	ID1=H;ID2=ATGTGC	1
DUP_30	ID1=D;ID2=ACACAC	1
DUP_30	ID1=G;ID2=CTGCGT	1
DUP_30	ID1=C;ID2=GCTACA	1
DUP_30	ID1=K;ID2=CTGCGT	1
DUP_30	ID1=G;ID2=TGTATG	1
DUP_30	ID1=F;ID2=ACTAGC	1
DUP_31	ID1=B;ID2=ACATGT	6
DUP_31	ID1=E;ID2=TCTGCG	6
DUP_31	ID1=K;ID2=TCGTCA	3
DUP_31	ID1=C;ID2=TCGCAT	3
DUP_31	ID1=H;ID2=CTCGCA	2
DUP_31	ID1=G;ID2=AGAGAG	2
DUP_31	ID1=J;ID2=TGTATG	2
DUP_31	ID1=J;ID2=TCGCAT	2
DUP_31	ID1=C;ID2=ACTGAT	1
DUP_31	ID1=E;ID2=TCGTCA	1
DUP_31	ID1=C;ID2=GTCTCT	1
DUP_31	ID1=B;ID2=CTGCGT	1
DUP_31	ID1=J;ID2=AGAGAG	1
DUP_31	ID1=K;ID2=ACAGCA	1
DUP_31	ID1=C;ID2=CTCGCA	1
DUP_31	ID1=F;ID2=GTCTCT	1
DUP_32	ID1=H;ID2=TCGTCA	7
DUP_32	ID1=F;ID2=CACGAT	4
DUP_32	ID1=A;ID2=ATGATA	3
DUP_32	ID1=J;ID2=ACTGAT	2
DUP_32	ID1=B;ID2=GCAGTG	2
DUP_32	ID1=K;ID2=TCTGCG	1
DUP_32	ID1=D;ID2=ATATCG	1
DUP_32	ID1=J;ID2=ATCAGT	1
DUP_32	ID1=J;ID2=ACTAGC	1
DUP_32	ID1=C;ID2=ACGACG	1
DUP_32	ID1=A;ID2=GCTACA	1
DUP_32	ID1=B;ID2=GCGAGT	1
DUP_32	ID1=E;ID2=ACACAC	1
DUP_32	ID1=B;ID2=TAGATC	1
DUP_32	ID1=G;ID2=ACGACG	1
DUP_32	ID1=F;ID2=GCGAGT	1
DUP_33	ID1=D;ID2=ACTCTG	6
DUP_33	ID1=K;ID2=ATGATA	5
DUP_33	ID1=F;ID2=GCGAGT	5
DUP_33	ID1=D;ID2=ACTAGC	2
DUP_33	ID1=G;ID2=ATGATA	2
DUP_33	ID1=B;ID2=GATGAC	2
DUP_33	ID1=K;ID2=GCGTAG	1
DUP_33	ID1=G;ID2=ATCAGT	1
DUP_33	ID1=H;ID2=ACAGCA	1
DUP_33	ID1=F;ID2=AGAGAG	1
DUP_33	ID1=D;ID2=TAGATC	1
DUP_33	ID1=K;ID2=ATCAGT	1
DUP_33	ID1=C;ID2=GCAGTG	1
DUP_34	ID1=A;ID2=AGAGAG	4
DUP_34	ID1=J;ID2=ACAGCA	3
DUP_34	ID1=F;ID2=ACTAGC	3
DUP_34	ID1=J;ID2=TGTATG	2
DUP_34	ID1=H;ID2=ATGATA	2
DUP_34	ID1=D;ID2=CTGCGT	2
DUP_34	ID1=B;ID2=ACATGT	2
DUP_34	ID1=J;ID2=AGAGAG	2
DUP_34	ID1=E;ID2=GCTACA	2
DUP_34	ID1=A;ID2=ACTAGC	1
DUP_34	ID1=F;ID2=TCGCAT	1
DUP_34	ID1=C;ID2=TCGCAT	1
DUP_34	ID1=J;ID2=GCGTAG	1
DUP_35	ID1=K;ID2=ACTAGC	2
DUP_35	ID1=F;ID2=GTCTCT	2
DUP_35	ID1=H;ID2=CTCGCA	2
DUP_35	ID1=H;ID2=GCAGTG	1
DUP_35	ID1=H;ID2=ATGATA	1
DUP_35	ID1=C;ID2=ATGCAG	1
DUP_35	ID1=E;ID2=ACGACG	1
DUP_35	ID1=K;ID2=TCGTCA	1
DUP_35	ID1=J;ID2=GCGCTC	1
DUP_35	ID1=G;ID2=GCGCTC	1
DUP_35	ID1=G;ID2=TCGCAT	1
DUP_35	ID1=C;ID2=GTCTCT	1
DUP_35	ID1=B;ID2=GCGCTC	1
DUP_35	ID1=G;ID2=TGTATG	1
DUP_35	ID1=K;ID2=ACAGCA	1
DUP_35	ID1=G;ID2=TAGATC	1
DUP_35	ID1=C;ID2=ACTGAT	1
DUP_35	ID1=E;ID2=ATGCAG	1
DUP_35	ID1=H;ID2=ACTCTG	1
DUP_36	ID1=G;ID2=ATGATA	7
DUP_36	ID1=F;ID2=GCAGTG	6
DUP_36	ID1=C;ID2=GCAGTG	4
DUP_36	ID1=J;ID2=GCAGTG	4
DUP_37	ID1=C;ID2=ACACAC	3
DUP_37	ID1=F;ID2=GATGAC	2
DUP_37	ID1=F;ID2=TCTGCG	2
DUP_37	ID1=J;ID2=ACGACG	2
DUP_37	ID1=B;ID2=GCGCTC	2
DUP_37	ID1=D;ID2=TACGTG	2
DUP_37	ID1=J;ID2=ATGTGC	1
DUP_37	ID1=A;ID2=TGTATG	1
DUP_37	ID1=B;ID2=ACAGCA	1
DUP_37	ID1=G;ID2=TCGCAT	1
DUP_37	ID1=H;ID2=GCGAGT	1
DUP_37	ID1=B;ID2=ACGACG	1
DUP_37	ID1=E;ID2=GATGAC	1
DUP_37	ID1=D;ID2=GTCTCT	1
DUP_38	ID1=B;ID2=TACGTG	5
DUP_38	ID1=G;ID2=TCGCAT	4
DUP_38	ID1=G;ID2=GCAGTG	2
DUP_38	ID1=D;ID2=ATGATA	2
DUP_38	ID1=A;ID2=TCGTCA	2
DUP_38	ID1=C;ID2=ACTGAT	1
DUP_38	ID1=F;ID2=GTCTCT	1
DUP_38	ID1=J;ID2=GCGCTC	1
DUP_38	ID1=F;ID2=ATCAGT	1
DUP_38	ID1=G;ID2=ACGACG	1
DUP_39	ID1=A;ID2=CTGCGT	7
DUP_39	ID1=D;ID2=CGACGC	6
DUP_39	ID1=F;ID2=TAGATC	2
DUP_39	ID1=E;ID2=GCTACA	2
DUP_39	ID1=H;ID2=ATCAGT	1
DUP_39	ID1=C;ID2=AGAGAG	1
DUP_40	ID1=H;ID2=TCGTCA	3
DUP_40	ID1=A;ID2=ATGATA	3
DUP_40	ID1=K;ID2=ATGCAG	3
DUP_40	ID1=D;ID2=ACTGAT	2
DUP_40	ID1=E;ID2=TGTATG	2
DUP_40	ID1=H;ID2=GCTACA	1
DUP_40	ID1=B;ID2=CTCGCA	1
DUP_40	ID1=H;ID2=GCAGTG	1
DUP_40	ID1=A;ID2=ATCAGT	1
DUP_40	ID1=H;ID2=ACTGAT	1
DUP_40	ID1=C;ID2=ACGACG	1
DUP_41	ID1=C;ID2=ATGATA	3
DUP_41	ID1=A;ID2=TGTATG	2
DUP_41	ID1=C;ID2=GCGTAG	2
DUP_41	ID1=B;ID2=ACTGAT	1
DUP_41	ID1=G;ID2=CTGCGT	1
DUP_41	ID1=B;ID2=ATGCAG	1
DUP_41	ID1=D;ID2=ATCAGT	1
DUP_41	ID1=G;ID2=CTCGCA	1
DUP_41	ID1=D;ID2=ACTGAT	1
DUP_41	ID1=G;ID2=GATGAC	1
DUP_41	ID1=K;ID2=TCTGCG	1
DUP_41	ID1=H;ID2=ACTGAT	1
DUP_41	ID1=F;ID2=GCTACA	1
DUP_41	ID1=H;ID2=ACTCTG	1
DUP_41	ID1=D;ID2=GTCTCT	1
DUP_42	ID1=F;ID2=ACGACG	4
DUP_42	ID1=D;ID2=ATCAGT	3
DUP_42	ID1=K;ID2=TCTGCG	3
DUP_42	ID1=A;ID2=GTCTCT	2
DUP_42	ID1=F;ID2=TCTGCG	2
DUP_42	ID1=F;ID2=GCTACA	1
DUP_42	ID1=D;ID2=CTCGCA	1
DUP_42	ID1=K;ID2=GTCTCT	1
DUP_42	ID1=H;ID2=TGTATG	1
DUP_42	ID1=D;ID2=GTCTCT	1
DUP_43	ID1=A;ID2=ATGATA	6
DUP_43	ID1=E;ID2=TGTATG	5
DUP_43	ID1=H;ID2=TCGTCA	4
DUP_43	ID1=F;ID2=CACGAT	3
DUP_44	ID1=A;ID2=GTCTCT	3
DUP_44	ID1=D;ID2=ACAGCA	3
DUP_44	ID1=H;ID2=CTGCGT	3
DUP_44	ID1=F;ID2=TCTGCG	2
DUP_44	ID1=F;ID2=ACGACG	2
DUP_44	ID1=H;ID2=TGTATG	2
DUP_44	ID1=F;ID2=GCTACA	1
DUP_44	ID1=D;ID2=ATCAGT	1
DUP_45	ID1=B;ID2=GCGCTC	3
DUP_45	ID1=G;ID2=ACTCTG	2
DUP_45	ID1=F;ID2=ATGTGC	2
DUP_45	ID1=K;ID2=ACAGCA	2
DUP_45	ID1=K;ID2=ACTAGC	1
DUP_45	ID1=C;ID2=ATGCAG	1
DUP_45	ID1=B;ID2=ACAGCA	1
DUP_45	ID1=F;ID2=ATATCG	1
DUP_45	ID1=J;ID2=TCGCAT	1
DUP_46	ID1=F;ID2=ACATGT	5
DUP_46	ID1=B;ID2=ACTCTG	3
DUP_46	ID1=F;ID2=ATGATA	2
DUP_46	ID1=H;ID2=ACTAGC	2
DUP_46	ID1=B;ID2=GCGTAG	1
DUP_46	ID1=J;ID2=ACTGAT	1
DUP_47	ID1=J;ID2=CTGCGT	2
DUP_47	ID1=D;ID2=TCTGCG	2
DUP_47	ID1=A;ID2=TGTATG	1
DUP_47	ID1=G;ID2=GCAGTG	1
DUP_47	ID1=B;ID2=CTCGCA	1
DUP_47	ID1=H;ID2=GATGAC	1
DUP_47	ID1=D;ID2=ACTGAT	1
DUP_47	ID1=A;ID2=ATCAGT	1
DUP_47	ID1=D;ID2=GCGTAG	1
DUP_47	ID1=D;ID2=ACTCTG	1
DUP_47	ID1=H;ID2=TGTATG	1
DUP_47	ID1=G;ID2=TGTATG	1
DUP_48	ID1=J;ID2=ACGACG	4
DUP_48	ID1=B;ID2=TGTATG	3
DUP_48	ID1=B;ID2=GCGCTC	2
DUP_48	ID1=C;ID2=ACACAC	2
DUP_48	ID1=C;ID2=ACTCTG	1
DUP_48	ID1=B;ID2=GATGAC	1
DUP_49	ID1=A;ID2=GTCTCT	3
DUP_49	ID1=B;ID2=ACTGAT	2
DUP_49	ID1=K;ID2=TCTGCG	2
DUP_49	ID1=D;ID2=GTCTCT	2
DUP_49	ID1=G;ID2=ATGATA	1
DUP_49	ID1=D;ID2=CTCGCA	1
DUP_49	ID1=D;ID2=ATCAGT	1
DUP_49	ID1=F;ID2=ACGACG	1
DUP_50	ID1=D;ID2=GCGTAG	2
DUP_50	ID1=G;ID2=ACTGAT	2
DUP_50	ID1=A;ID2=CACGAT	1
DUP_50	ID1=A;ID2=ATGCAG	1
DUP_50	ID1=K;ID2=GTCTCT	1
DUP_50	ID1=F;ID2=TCTGCG	1
DUP_50	ID1=F;ID2=ACTGAT	1
DUP_50	ID1=C;ID2=TACGTG	1
DUP_50	ID1=G;ID2=GATGAC	1
DUP_50	ID1=D;ID2=TACGTG	1
DUP_51	ID1=K;ID2=TCGTCA	6
DUP_51	ID1=G;ID2=AGAGAG	5
DUP_51	ID1=E;ID2=TCTGCG	1
DUP_52	ID1=K;ID2=ACAGCA	3
DUP_52	ID1=E;ID2=TCTGCG	3
DUP_52	ID1=G;ID2=AGAGAG	2
DUP_52	ID1=A;ID2=TGTATG	1
DUP_52	ID1=K;ID2=TCGTCA	1
DUP_52	ID1=H;ID2=ACTGAT	1
DUP_53	ID1=F;ID2=ATGTGC	5
DUP_53	ID1=F;ID2=ATATCG	4
DUP_53	ID1=D;ID2=ACATGT	1
DUP_53	ID1=J;ID2=ATGCAG	1
DUP_54	ID1=C;ID2=GCAGTG	4
DUP_54	ID1=J;ID2=GCAGTG	4
DUP_54	ID1=F;ID2=GCAGTG	2
DUP_54	ID1=G;ID2=ATGATA	1
DUP_55	ID1=D;ID2=ATATCG	3
DUP_55	ID1=F;ID2=ATCAGT	3
DUP_55	ID1=A;ID2=TCGTCA	3
DUP_55	ID1=G;ID2=ACACAC	2
DUP_56	ID1=A;ID2=ACTAGC	1
DUP_56	ID1=C;ID2=GATGAC	1
DUP_56	ID1=C;ID2=ATGTGC	1
DUP_56	ID1=E;ID2=ACTCTG	1
DUP_56	ID1=E;ID2=ATGATA	1
DUP_56	ID1=C;ID2=TACGTG	1
DUP_56	ID1=K;ID2=ACGACG	1
DUP_56	ID1=J;ID2=TCTGCG	1
DUP_56	ID1=K;ID2=GATGAC	1
DUP_56	ID1=G;ID2=ACTGAT	1
DUP_57	ID1=B;ID2=ACAGCA	5
DUP_57	ID1=J;ID2=ACTAGC	2
DUP_57	ID1=G;ID2=ACTCTG	2
DUP_57	ID1=J;ID2=TCTGCG	1
DUP_58	ID1=E;ID2=CACGAT	2
DUP_58	ID1=K;ID2=GATGAC	1
DUP_58	ID1=J;ID2=CTCGCA	1
DUP_58	ID1=E;ID2=CGACGC	1
DUP_58	ID1=J;ID2=CGACGC	1
DUP_58	ID1=J;ID2=TCTGCG	1
DUP_58	ID1=J;ID2=AGAGAG	1
DUP_58	ID1=E;ID2=GCTACA	1
DUP_58	ID1=G;ID2=ACTGAT	1
DUP_59	ID1=C;ID2=CTCGCA	2
DUP_59	ID1=J;ID2=TGTATG	2
DUP_59	ID1=F;ID2=TGTATG	1
DUP_59	ID1=B;ID2=TACGTG	1
DUP_59	ID1=G;ID2=GCAGTG	1
DUP_59	ID1=J;ID2=GCAGTG	1
DUP_59	ID1=F;ID2=ACTGAT	1
DUP_59	ID1=G;ID2=TGTATG	1
DUP_60	ID1=H;ID2=CTCGCA	2
DUP_60	ID1=H;ID2=ATGATA	1
DUP_60	ID1=C;ID2=TCGCAT	1
DUP_60	ID1=E;ID2=CTCGCA	1
DUP_60	ID1=G;ID2=GCGCTC	1
DUP_60	ID1=J;ID2=TGTATG	1
DUP_60	ID1=J;ID2=CGACGC	1
DUP_60	ID1=G;ID2=TAGATC	1
DUP_60	ID1=K;ID2=ATGTGC	1
DUP_61	ID1=F;ID2=GTCTCT	2
DUP_61	ID1=J;ID2=TGTATG	2
DUP_61	ID1=C;ID2=ACTGAT	2
DUP_61	ID1=J;ID2=GCGCTC	1
DUP_61	ID1=G;ID2=TCGCAT	1
DUP_61	ID1=B;ID2=ACATGT	1
DUP_61	ID1=C;ID2=CTCGCA	1
DUP_62	ID1=J;ID2=ATGATA	3
DUP_62	ID1=E;ID2=ATGTGC	3
DUP_62	ID1=H;ID2=TACGTG	2
DUP_62	ID1=C;ID2=TCTGCG	1
DUP_63	ID1=A;ID2=ACGACG	2
DUP_63	ID1=A;ID2=ATCAGT	1
DUP_63	ID1=E;ID2=ATGCAG	1
DUP_63	ID1=C;ID2=CTGCGT	1
DUP_63	ID1=B;ID2=GATGAC	1
DUP_63	ID1=C;ID2=GCTACA	1
DUP_63	ID1=J;ID2=AGAGAG	1
DUP_63	ID1=B;ID2=TGTATG	1
DUP_64	ID1=C;ID2=ATCAGT	1
DUP_64	ID1=H;ID2=GCTACA	1
DUP_64	ID1=B;ID2=TACGTG	1
DUP_64	ID1=G;ID2=GCAGTG	1
DUP_64	ID1=E;ID2=ACGACG	1
DUP_64	ID1=E;ID2=CACGAT	1
DUP_64	ID1=K;ID2=ACGACG	1
DUP_64	ID1=D;ID2=TAGATC	1
DUP_64	ID1=F;ID2=CGACGC	1
DUP_65	ID1=K;ID2=ATGATA	3
DUP_65	ID1=G;ID2=ATCAGT	3
DUP_65	ID1=F;ID2=GCGAGT	2
DUP_65	ID1=K;ID2=GCGTAG	1
DUP_66	ID1=K;ID2=TACGTG	2
DUP_66	ID1=A;ID2=GCGAGT	2
DUP_66	ID1=F;ID2=ACTCTG	1
DUP_66	ID1=D;ID2=CACGAT	1
DUP_66	ID1=C;ID2=GATGAC	1
DUP_66	ID1=E;ID2=ACGACG	1
DUP_66	ID1=B;ID2=ATGCAG	1
DUP_67	ID1=F;ID2=ACTCTG	1
DUP_67	ID1=A;ID2=ACTAGC	1
DUP_67	ID1=E;ID2=ACGACG	1
DUP_67	ID1=K;ID2=GTCTCT	1
DUP_67	ID1=H;ID2=TAGATC	1
DUP_67	ID1=E;ID2=ATGATA	1
DUP_67	ID1=F;ID2=ATGATA	1
DUP_67	ID1=G;ID2=GATGAC	1
DUP_67	ID1=H;ID2=ACTAGC	1
DUP_68	ID1=H;ID2=ACATGT	2
DUP_68	ID1=F;ID2=GATGAC	2
DUP_68	ID1=B;ID2=TCTGCG	1
DUP_68	ID1=G;ID2=ACAGCA	1
DUP_68	ID1=J;ID2=GCAGTG	1
DUP_68	ID1=J;ID2=ATATCG	1
DUP_69	ID1=F;ID2=GTCTCT	1
DUP_69	ID1=F;ID2=TCGCAT	1
DUP_69	ID1=E;ID2=ACATGT	1
DUP_69	ID1=J;ID2=GCGTAG	1
DUP_69	ID1=G;ID2=TCGCAT	1
DUP_69	ID1=D;ID2=ACGACG	1
DUP_69	ID1=D;ID2=GCGCTC	1
DUP_69	ID1=C;ID2=ACTGAT	1
DUP_70	ID1=G;ID2=ACACAC	3
DUP_70	ID1=F;ID2=ATCAGT	2
DUP_70	ID1=A;ID2=TCGTCA	2
DUP_70	ID1=D;ID2=ATATCG	1
DUP_71	ID1=K;ID2=CACGAT	3
DUP_71	ID1=A;ID2=TGTATG	1
DUP_71	ID1=K;ID2=ACGACG	1
DUP_71	ID1=D;ID2=ACTGAT	1
DUP_71	ID1=J;ID2=TCTGCG	1
DUP_71	ID1=H;ID2=ACTCTG	1
DUP_72	ID1=D;ID2=ACTAGC	1
DUP_72	ID1=D;ID2=CACGAT	1
DUP_72	ID1=F;ID2=TGTATG	1
DUP_72	ID1=K;ID2=GTCTCT	1
DUP_72	ID1=E;ID2=ATCAGT	1
DUP_72	ID1=H;ID2=ATCAGT	1
DUP_72	ID1=E;ID2=ACATGT	1
DUP_72	ID1=H;ID2=CTGCGT	1
DUP_73	ID1=G;ID2=ACTGAT	2
DUP_73	ID1=F;ID2=GCAGTG	1
DUP_73	ID1=K;ID2=TACGTG	1
DUP_73	ID1=H;ID2=TAGATC	1
DUP_73	ID1=G;ID2=GCGCTC	1
DUP_73	ID1=J;ID2=GCAGTG	1
DUP_73	ID1=A;ID2=ATCAGT	1
DUP_74	ID1=H;ID2=ATCAGT	3
DUP_74	ID1=B;ID2=TGTATG	3
DUP_74	ID1=B;ID2=GATGAC	2
DUP_75	ID1=H;ID2=TACGTG	2
DUP_75	ID1=A;ID2=CACGAT	1
DUP_75	ID1=A;ID2=ATGCAG	1
DUP_75	ID1=D;ID2=TACGTG	1
DUP_75	ID1=E;ID2=GATGAC	1
DUP_75	ID1=C;ID2=AGAGAG	1
DUP_75	ID1=E;ID2=GCTACA	1
DUP_76	ID1=C;ID2=AGAGAG	2
DUP_76	ID1=C;ID2=TCTGCG	1
DUP_76	ID1=A;ID2=ACTGAT	1
DUP_76	ID1=F;ID2=ATGCAG	1
DUP_76	ID1=G;ID2=CTGCGT	1
DUP_76	ID1=G;ID2=TACGTG	1
DUP_76	ID1=G;ID2=GATGAC	1
DUP_77	ID1=C;ID2=ATCAGT	1
DUP_77	ID1=F;ID2=ATGCAG	1
DUP_77	ID1=K;ID2=GTCTCT	1
DUP_77	ID1=C;ID2=CGACGC	1
DUP_77	ID1=A;ID2=GCAGTG	1
DUP_77	ID1=G;ID2=GATGAC	1
DUP_77	ID1=D;ID2=ACTAGC	1
DUP_78	ID1=K;ID2=TCTGCG	2
DUP_78	ID1=C;ID2=CGACGC	1
DUP_78	ID1=F;ID2=TCTGCG	1
DUP_78	ID1=C;ID2=TACGTG	1
DUP_78	ID1=F;ID2=ACGACG	1
DUP_78	ID1=D;ID2=GTCTCT	1
DUP_79	ID1=F;ID2=ACAGCA	2
DUP_79	ID1=E;ID2=TCTGCG	2
DUP_79	ID1=G;ID2=AGAGAG	2
DUP_79	ID1=H;ID2=GTCTCT	1
DUP_80	ID1=J;ID2=TGTATG	3
DUP_80	ID1=B;ID2=ACATGT	2
DUP_80	ID1=C;ID2=TCGCAT	2
DUP_81	ID1=F;ID2=ACTCTG	1
DUP_81	ID1=H;ID2=GCTACA	1
DUP_81	ID1=F;ID2=ATATCG	1
DUP_81	ID1=K;ID2=TACGTG	1
DUP_81	ID1=A;ID2=ACTCTG	1
DUP_81	ID1=C;ID2=CACGAT	1
DUP_81	ID1=G;ID2=TCTGCG	1
DUP_82	ID1=K;ID2=CTCGCA	3
DUP_82	ID1=K;ID2=ACGACG	2
DUP_82	ID1=B;ID2=ACACAC	1
DUP_82	ID1=K;ID2=TCGCAT	1
DUP_83	ID1=F;ID2=ACTCTG	3
DUP_83	ID1=B;ID2=ATGCAG	1
DUP_83	ID1=D;ID2=ACTGAT	1
DUP_83	ID1=D;ID2=TGTATG	1
DUP_84	ID1=D;ID2=TACGTG	2
DUP_84	ID1=A;ID2=ATGCAG	1
DUP_84	ID1=F;ID2=ACACAC	1
DUP_84	ID1=D;ID2=TCGTCA	1
DUP_84	ID1=G;ID2=TGTATG	1
DUP_85	ID1=F;ID2=ACTCTG	1
DUP_85	ID1=F;ID2=ATGCAG	1
DUP_85	ID1=J;ID2=ATGCAG	1
DUP_85	ID1=C;ID2=CTGCGT	1
DUP_85	ID1=K;ID2=TGTATG	1
DUP_85	ID1=E;ID2=CGACGC	1
DUP_86	ID1=D;ID2=ACTAGC	1
DUP_86	ID1=C;ID2=ATGTGC	1
DUP_86	ID1=D;ID2=AGAGAG	1
DUP_86	ID1=D;ID2=TCGCAT	1
DUP_86	ID1=C;ID2=TACGTG	1
DUP_86	ID1=A;ID2=ATGATA	1
DUP_87	ID1=B;ID2=ACATGT	2
DUP_87	ID1=C;ID2=CTCGCA	2
DUP_87	ID1=C;ID2=ACTGAT	1
DUP_87	ID1=C;ID2=TCGCAT	1
DUP_88	ID1=E;ID2=CTCGCA	1
DUP_88	ID1=E;ID2=CACGAT	1
DUP_88	ID1=B;ID2=ACTAGC	1
DUP_88	ID1=J;ID2=TGTATG	1
DUP_88	ID1=C;ID2=ACGACG	1
DUP_88	ID1=A;ID2=GCGCTC	1
DUP_89	ID1=A;ID2=TGTATG	1
DUP_89	ID1=E;ID2=ACTCTG	1
DUP_89	ID1=E;ID2=CACGAT	1
DUP_89	ID1=B;ID2=TAGATC	1
DUP_89	ID1=B;ID2=CTCGCA	1
DUP_89	ID1=A;ID2=ATGATA	1
DUP_90	ID1=J;ID2=CTGCGT	1
DUP_90	ID1=D;ID2=TCGCAT	1
DUP_90	ID1=D;ID2=TCTGCG	1
DUP_90	ID1=H;ID2=GATGAC	1
DUP_90	ID1=G;ID2=GATGAC	1
DUP_90	ID1=D;ID2=GCGTAG	1
DUP_91	ID1=E;ID2=TGTATG	2
DUP_91	ID1=F;ID2=AGAGAG	1
DUP_91	ID1=F;ID2=CACGAT	1
DUP_91	ID1=G;ID2=CGACGC	1
DUP_91	ID1=C;ID2=ACACAC	1
DUP_92	ID1=C;ID2=TCTGCG	1
DUP_92	ID1=A;ID2=ACTAGC	1
DUP_92	ID1=E;ID2=ACTCTG	1
DUP_92	ID1=E;ID2=ATCAGT	1
DUP_92	ID1=C;ID2=GTCTCT	1
DUP_92	ID1=F;ID2=ACTAGC	1
DUP_93	ID1=F;ID2=GTCTCT	1
DUP_93	ID1=B;ID2=CTGCGT	1
DUP_93	ID1=C;ID2=GTCTCT	1
DUP_93	ID1=J;ID2=TGTATG	1
DUP_93	ID1=E;ID2=TCTGCG	1
DUP_93	ID1=C;ID2=CTCGCA	1
DUP_94	ID1=D;ID2=TACGTG	3
DUP_94	ID1=A;ID2=ATGCAG	1
DUP_94	ID1=C;ID2=ATGATA	1
DUP_94	ID1=K;ID2=GTCTCT	1
DUP_95	ID1=C;ID2=TCTGCG	1
DUP_95	ID1=E;ID2=ACTCTG	1
DUP_95	ID1=G;ID2=TAGATC	1
DUP_95	ID1=J;ID2=ACTGAT	1
DUP_95	ID1=D;ID2=TACGTG	1
DUP_95	ID1=H;ID2=ATGCAG	1
DUP_96	ID1=E;ID2=TAGATC	1
DUP_96	ID1=B;ID2=TACGTG	1
DUP_96	ID1=E;ID2=ACATGT	1
DUP_96	ID1=C;ID2=CTGCGT	1
DUP_96	ID1=K;ID2=GCAGTG	1
DUP_96	ID1=C;ID2=CACGAT	1
DUP_97	ID1=E;ID2=GCGCTC	1
DUP_97	ID1=H;ID2=ATGTGC	1
DUP_97	ID1=J;ID2=TGTATG	1
DUP_97	ID1=F;ID2=ACATGT	1
DUP_97	ID1=F;ID2=ACTAGC	1
DUP_98	ID1=D;ID2=TAGATC	1
DUP_98	ID1=K;ID2=ATCAGT	1
DUP_98	ID1=A;ID2=ATGATA	1
DUP_98	ID1=H;ID2=TCGTCA	1
DUP_98	ID1=K;ID2=ATGATA	1
DUP_99	ID1=A;ID2=ACTAGC	1
DUP_99	ID1=G;ID2=ACTCTG	1
DUP_99	ID1=J;ID2=ACAGCA	1
DUP_99	ID1=A;ID2=AGAGAG	1
DUP_99	ID1=F;ID2=ACTAGC	1
DUP_100	ID1=H;ID2=TCTGCG	1
DUP_100	ID1=H;ID2=ATATCG	1
DUP_100	ID1=H;ID2=TGTATG	1
DUP_100	ID1=A;ID2=CACGAT	1
DUP_100	ID1=K;ID2=ACTAGC	1
DUP_101	ID1=G;ID2=ATATCG	2
DUP_101	ID1=C;ID2=ACTCTG	2
DUP_101	ID1=H;ID2=CACGAT	1
DUP_102	ID1=A;ID2=TCGCAT	3
DUP_102	ID1=G;ID2=ACAGCA	1
DUP_102	ID1=D;ID2=ACGACG	1
DUP_103	ID1=C;ID2=CGACGC	1
DUP_103	ID1=C;ID2=TACGTG	1
DUP_103	ID1=C;ID2=GCGCTC	1
DUP_103	ID1=K;ID2=ACGACG	1
DUP_103	ID1=J;ID2=GCTACA	1
DUP_104	ID1=F;ID2=ACTCTG	1
DUP_104	ID1=H;ID2=TACGTG	1
DUP_104	ID1=C;ID2=AGAGAG	1
DUP_104	ID1=C;ID2=CTCGCA	1
DUP_104	ID1=G;ID2=ACAGCA	1
DUP_105	ID1=H;ID2=GCGAGT	1
DUP_105	ID1=G;ID2=TACGTG	1
DUP_105	ID1=B;ID2=ACTCTG	1
DUP_105	ID1=C;ID2=GATGAC	1
DUP_105	ID1=J;ID2=CTCGCA	1
DUP_106	ID1=D;ID2=AGAGAG	1
DUP_106	ID1=F;ID2=GCGTAG	1
DUP_106	ID1=G;ID2=GCAGTG	1
DUP_106	ID1=F;ID2=TCTGCG	1
DUP_106	ID1=H;ID2=ATGCAG	1
DUP_107	ID1=F;ID2=CACGAT	2
DUP_107	ID1=A;ID2=ATGATA	2
DUP_107	ID1=E;ID2=TGTATG	1
DUP_108	ID1=A;ID2=TGTATG	1
DUP_108	ID1=D;ID2=ACTAGC	1
DUP_108	ID1=J;ID2=GCAGTG	1
DUP_108	ID1=E;ID2=CTCGCA	1
DUP_108	ID1=A;ID2=ATCAGT	1
DUP_109	ID1=H;ID2=ATGTGC	1
DUP_109	ID1=B;ID2=GCGCTC	1
DUP_109	ID1=G;ID2=ACTAGC	1
DUP_109	ID1=J;ID2=ATCAGT	1
DUP_109	ID1=E;ID2=TAGATC	1
DUP_110	ID1=D;ID2=ACAGCA	1
DUP_110	ID1=B;ID2=CTCGCA	1
DUP_110	ID1=H;ID2=ATATCG	1
DUP_110	ID1=B;ID2=ACATGT	1
DUP_110	ID1=E;ID2=ATGATA	1
DUP_111	ID1=D;ID2=ATGATA	1
DUP_111	ID1=J;ID2=ATATCG	1
DUP_111	ID1=H;ID2=ATGTGC	1
DUP_111	ID1=B;ID2=ACATGT	1
DUP_111	ID1=D;ID2=ACTGAT	1
DUP_112	ID1=G;ID2=ACAGCA	2
DUP_112	ID1=A;ID2=TCGCAT	2
DUP_112	ID1=J;ID2=ACACAC	1
DUP_113	ID1=G;ID2=CGACGC	1
DUP_113	ID1=G;ID2=ACTGAT	1
DUP_113	ID1=H;ID2=ATCAGT	1
DUP_113	ID1=D;ID2=TACGTG	1
DUP_113	ID1=J;ID2=CTCGCA	1
DUP_114	ID1=G;ID2=GATGAC	1
DUP_114	ID1=H;ID2=GCTACA	1
DUP_114	ID1=A;ID2=ACTAGC	1
DUP_114	ID1=F;ID2=ATATCG	1
DUP_114	ID1=J;ID2=TCTGCG	1
DUP_115	ID1=J;ID2=CACGAT	1
DUP_115	ID1=A;ID2=GCTACA	1
DUP_115	ID1=K;ID2=CTCGCA	1
DUP_115	ID1=E;ID2=GATGAC	1
DUP_115	ID1=G;ID2=TACGTG	1
DUP_116	ID1=E;ID2=ATGATA	2
DUP_116	ID1=E;ID2=CACGAT	1
DUP_116	ID1=A;ID2=ATGATA	1
DUP_117	ID1=B;ID2=ATGTGC	3
DUP_117	ID1=K;ID2=TCTGCG	1
DUP_118	ID1=K;ID2=TCGTCA	1
DUP_118	ID1=G;ID2=AGAGAG	1
DUP_118	ID1=D;ID2=GCGAGT	1
DUP_118	ID1=F;ID2=GCGAGT	1
DUP_119	ID1=D;ID2=ACAGCA	2
DUP_119	ID1=J;ID2=ACTAGC	1
DUP_119	ID1=A;ID2=ATCAGT	1
DUP_120	ID1=B;ID2=TACGTG	1
DUP_120	ID1=A;ID2=ACTAGC	1
DUP_120	ID1=K;ID2=ACTGAT	1
DUP_120	ID1=D;ID2=TGTATG	1
DUP_121	ID1=J;ID2=ATATCG	2
DUP_121	ID1=G;ID2=ATATCG	1
DUP_121	ID1=H;ID2=GCGCTC	1
DUP_122	ID1=H;ID2=ATGCAG	1
DUP_122	ID1=F;ID2=GCTACA	1
DUP_122	ID1=E;ID2=ACTAGC	1
DUP_122	ID1=E;ID2=ACGACG	1
DUP_123	ID1=A;ID2=ATGCAG	1
DUP_123	ID1=J;ID2=TCTGCG	1
DUP_123	ID1=C;ID2=AGAGAG	1
DUP_123	ID1=A;ID2=GCAGTG	1
DUP_124	ID1=J;ID2=CTCGCA	1
DUP_124	ID1=A;ID2=GTCTCT	1
DUP_124	ID1=J;ID2=ATATCG	1
DUP_124	ID1=F;ID2=ACTAGC	1
DUP_125	ID1=D;ID2=ATGATA	1
DUP_125	ID1=F;ID2=TGTATG	1
DUP_125	ID1=B;ID2=TCTGCG	1
DUP_125	ID1=A;ID2=ATCAGT	1
DUP_126	ID1=G;ID2=ACTAGC	2
DUP_126	ID1=J;ID2=CGACGC	1
DUP_126	ID1=J;ID2=GCGTAG	1
DUP_127	ID1=A;ID2=ATGTGC	1
DUP_127	ID1=J;ID2=ACAGCA	1
DUP_127	ID1=B;ID2=ACAGCA	1
DUP_127	ID1=K;ID2=CTGCGT	1
DUP_128	ID1=F;ID2=ACTGAT	1
DUP_128	ID1=K;ID2=GCGAGT	1
DUP_128	ID1=A;ID2=ATGATA	1
DUP_128	ID1=B;ID2=ACTGAT	1
DUP_129	ID1=E;ID2=TGTATG	2
DUP_129	ID1=F;ID2=CACGAT	1
DUP_129	ID1=K;ID2=ATGATA	1
DUP_130	ID1=K;ID2=ACTAGC	2
DUP_130	ID1=B;ID2=CTGCGT	1
DUP_130	ID1=K;ID2=ACAGCA	1
DUP_131	ID1=A;ID2=ACTGAT	1
DUP_131	ID1=J;ID2=ACAGCA	1
DUP_131	ID1=J;ID2=ACTGAT	1
DUP_131	ID1=D;ID2=ACACAC	1
DUP_132	ID1=A;ID2=CGACGC	1
DUP_132	ID1=D;ID2=ACTCTG	1
DUP_132	ID1=G;ID2=ACACAC	1
DUP_132	ID1=J;ID2=TAGATC	1
DUP_133	ID1=F;ID2=ACTCTG	1
DUP_133	ID1=C;ID2=ATCAGT	1
DUP_133	ID1=E;ID2=GCTACA	1
DUP_133	ID1=B;ID2=TCGCAT	1
DUP_134	ID1=F;ID2=ACTAGC	1
DUP_134	ID1=H;ID2=ATGATA	1
DUP_134	ID1=B;ID2=ATGCAG	1
DUP_134	ID1=B;ID2=CTCGCA	1
DUP_135	ID1=A;ID2=ATGCAG	1
DUP_135	ID1=D;ID2=GCGTAG	1
DUP_135	ID1=K;ID2=GTCTCT	1
DUP_135	ID1=G;ID2=GATGAC	1
DUP_136	ID1=J;ID2=TCTGCG	1
DUP_136	ID1=A;ID2=TCGTCA	1
DUP_136	ID1=F;ID2=CGACGC	1
DUP_137	ID1=A;ID2=TGTATG	1
DUP_137	ID1=K;ID2=GTCTCT	1
DUP_137	ID1=F;ID2=GCTACA	1
DUP_138	ID1=E;ID2=CACGAT	1
DUP_138	ID1=B;ID2=ACGACG	1
DUP_138	ID1=B;ID2=ATGCAG	1
DUP_139	ID1=E;ID2=CACGAT	1
DUP_139	ID1=G;ID2=TAGATC	1
DUP_139	ID1=F;ID2=CACGAT	1
DUP_140	ID1=A;ID2=ATGCAG	1
DUP_140	ID1=H;ID2=ATATCG	1
DUP_140	ID1=G;ID2=TGTATG	1
DUP_141	ID1=D;ID2=ATATCG	1
DUP_141	ID1=C;ID2=TCGTCA	1
DUP_141	ID1=C;ID2=ATCAGT	1
DUP_142	ID1=B;ID2=ACACAC	1
DUP_142	ID1=A;ID2=GCTACA	1
DUP_142	ID1=C;ID2=GATGAC	1
DUP_143	ID1=A;ID2=ACAGCA	1
DUP_143	ID1=H;ID2=ACTAGC	1
DUP_143	ID1=A;ID2=ACTGAT	1
DUP_144	ID1=H;ID2=ATGTGC	1
DUP_144	ID1=H;ID2=ATGATA	1
DUP_144	ID1=F;ID2=GTCTCT	1
DUP_145	ID1=D;ID2=ACAGCA	1
DUP_145	ID1=A;ID2=ATATCG	1
DUP_145	ID1=F;ID2=GCGTAG	1
DUP_146	ID1=C;ID2=TCGTCA	1
DUP_146	ID1=A;ID2=ACTAGC	1
DUP_146	ID1=K;ID2=CACGAT	1
DUP_147	ID1=B;ID2=ATGTGC	1
DUP_147	ID1=F;ID2=ACGACG	1
DUP_147	ID1=D;ID2=GTCTCT	1
DUP_148	ID1=G;ID2=GCGTAG	2
DUP_148	ID1=D;ID2=GCTACA	1
DUP_149	ID1=H;ID2=TCGCAT	2
DUP_149	ID1=B;ID2=GTCTCT	1
DUP_150	ID1=A;ID2=GCTACA	1
DUP_150	ID1=E;ID2=ATCAGT	1
DUP_150	ID1=D;ID2=ACGACG	1
DUP_151	ID1=F;ID2=ACTCTG	1
DUP_151	ID1=A;ID2=TGTATG	1
DUP_151	ID1=F;ID2=GATGAC	1
DUP_152	ID1=C;ID2=ATGATA	1
DUP_152	ID1=F;ID2=GCTACA	1
DUP_152	ID1=G;ID2=ACGACG	1
DUP_153	ID1=E;ID2=GATGAC	1
DUP_153	ID1=K;ID2=CACGAT	1
DUP_153	ID1=D;ID2=TACGTG	1
DUP_154	ID1=F;ID2=AGAGAG	1
DUP_154	ID1=D;ID2=ACATGT	1
DUP_154	ID1=J;ID2=ATGCAG	1
DUP_155	ID1=A;ID2=ACACAC	1
DUP_155	ID1=K;ID2=TCGTCA	1
DUP_155	ID1=K;ID2=ACACAC	1
DUP_156	ID1=K;ID2=ATGTGC	1
DUP_156	ID1=J;ID2=GCAGTG	1
DUP_156	ID1=H;ID2=ATGCAG	1
DUP_157	ID1=K;ID2=ACAGCA	2
DUP_157	ID1=K;ID2=ACTAGC	1
DUP_158	ID1=A;ID2=ATGCAG	1
DUP_158	ID1=G;ID2=GATGAC	1
DUP_158	ID1=D;ID2=ACTCTG	1
DUP_159	ID1=F;ID2=ATGCAG	1
DUP_159	ID1=J;ID2=TGTATG	1
DUP_159	ID1=G;ID2=TCGCAT	1
DUP_160	ID1=A;ID2=GCTACA	1
DUP_160	ID1=H;ID2=GCAGTG	1
DUP_160	ID1=E;ID2=ACTAGC	1
DUP_161	ID1=D;ID2=ACGACG	2
DUP_161	ID1=J;ID2=GCGTAG	1
DUP_162	ID1=D;ID2=ATGATA	1
DUP_162	ID1=H;ID2=GCTACA	1
DUP_162	ID1=D;ID2=CACGAT	1
DUP_163	ID1=J;ID2=ACAGCA	2
DUP_163	ID1=K;ID2=TCTGCG	1
DUP_164	ID1=D;ID2=ACTCTG	1
DUP_164	ID1=G;ID2=CGACGC	1
DUP_164	ID1=H;ID2=ATGTGC	1
DUP_165	ID1=A;ID2=ATGTGC	1
DUP_165	ID1=C;ID2=TACGTG	1
DUP_165	ID1=D;ID2=TACGTG	1
DUP_166	ID1=F;ID2=ATATCG	2
DUP_166	ID1=G;ID2=ACAGCA	1
DUP_167	ID1=D;ID2=CTCGCA	1
DUP_167	ID1=B;ID2=ACTGAT	1
DUP_167	ID1=H;ID2=CTGCGT	1
DUP_168	ID1=B;ID2=CTGCGT	3
DUP_169	ID1=C;ID2=GCTACA	1
DUP_169	ID1=B;ID2=GCGCTC	1
DUP_169	ID1=E;ID2=ATGTGC	1
DUP_170	ID1=J;ID2=CGACGC	1
DUP_170	ID1=C;ID2=AGAGAG	1
DUP_170	ID1=B;ID2=TCGCAT	1
DUP_171	ID1=B;ID2=TCTGCG	1
DUP_171	ID1=B;ID2=GCGCTC	1
DUP_171	ID1=K;ID2=TACGTG	1
DUP_172	ID1=A;ID2=ACTGAT	1
DUP_172	ID1=F;ID2=ATGCAG	1
DUP_172	ID1=K;ID2=TCTGCG	1
DUP_173	ID1=C;ID2=CACGAT	3
DUP_174	ID1=E;ID2=ACATGT	1
DUP_174	ID1=K;ID2=ACGACG	1
DUP_174	ID1=C;ID2=ATGTGC	1
DUP_175	ID1=C;ID2=CTCGCA	1
DUP_175	ID1=C;ID2=TCGCAT	1
DUP_175	ID1=J;ID2=TGTATG	1
DUP_176	ID1=G;ID2=ATGATA	1
DUP_176	ID1=J;ID2=GCAGTG	1
DUP_176	ID1=F;ID2=GCGAGT	1
DUP_177	ID1=H;ID2=GCAGTG	1
DUP_177	ID1=E;ID2=TCTGCG	1
DUP_177	ID1=D;ID2=ACTGAT	1
DUP_178	ID1=H;ID2=ATGCAG	1
DUP_178	ID1=F;ID2=ACACAC	1
DUP_178	ID1=G;ID2=ACTCTG	1
DUP_179	ID1=K;ID2=TCTGCG	1
DUP_179	ID1=F;ID2=TCTGCG	1
DUP_179	ID1=F;ID2=ACGACG	1
DUP_180	ID1=H;ID2=ACTAGC	2
DUP_180	ID1=C;ID2=TCTGCG	1
DUP_181	ID1=K;ID2=GTCTCT	1
DUP_181	ID1=A;ID2=AGAGAG	1
DUP_181	ID1=K;ID2=ATGTGC	1
DUP_182	ID1=A;ID2=ATGCAG	1
DUP_182	ID1=F;ID2=ACTGAT	1
DUP_182	ID1=E;ID2=ATGCAG	1
DUP_183	ID1=F;ID2=TGTATG	1
DUP_183	ID1=B;ID2=GCGAGT	1
DUP_183	ID1=C;ID2=ACGACG	1
DUP_184	ID1=B;ID2=GCAGTG	1
DUP_184	ID1=D;ID2=TACGTG	1
DUP_184	ID1=B;ID2=CTCGCA	1
DUP_185	ID1=K;ID2=GCGAGT	1
DUP_185	ID1=K;ID2=TGTATG	1
DUP_185	ID1=E;ID2=ATCAGT	1
DUP_186	ID1=H;ID2=ACACAC	1
DUP_186	ID1=J;ID2=ATATCG	1
DUP_186	ID1=J;ID2=GCGTAG	1
DUP_187	ID1=G;ID2=GCGTAG	2
DUP_187	ID1=A;ID2=GCGCTC	1
DUP_188	ID1=D;ID2=CTGCGT	1
DUP_188	ID1=D;ID2=CACGAT	1
DUP_188	ID1=E;ID2=CGACGC	1
DUP_189	ID1=H;ID2=ACATGT	1
DUP_189	ID1=J;ID2=ACAGCA	1
DUP_189	ID1=B;ID2=TGTATG	1
DUP_190	ID1=J;ID2=ATGATA	1
DUP_190	ID1=H;ID2=TACGTG	1
DUP_190	ID1=E;ID2=ATGTGC	1
DUP_191	ID1=J;ID2=ACTCTG	1
DUP_191	ID1=J;ID2=TCGCAT	1
DUP_191	ID1=C;ID2=ATGCAG	1
DUP_192	ID1=C;ID2=GCGAGT	1
DUP_192	ID1=F;ID2=CGACGC	1
DUP_192	ID1=A;ID2=GCGAGT	1
DUP_193	ID1=J;ID2=CGACGC	1
DUP_193	ID1=C;ID2=AGAGAG	1
DUP_193	ID1=J;ID2=CACGAT	1
DUP_194	ID1=A;ID2=ATGTGC	1
DUP_194	ID1=K;ID2=GATGAC	1
DUP_194	ID1=C;ID2=ATGATA	1
DUP_195	ID1=C;ID2=GCGTAG	1
DUP_195	ID1=A;ID2=ACTGAT	1
DUP_195	ID1=H;ID2=ATATCG	1
DUP_196	ID1=A;ID2=CACGAT	1
DUP_196	ID1=A;ID2=GCAGTG	1
DUP_196	ID1=H;ID2=ATGCAG	1
DUP_197	ID1=H;ID2=ATGTGC	1
DUP_197	ID1=B;ID2=GCGCTC	1
DUP_197	ID1=K;ID2=ACAGCA	1
DUP_198	ID1=B;ID2=TCGCAT	1
DUP_198	ID1=C;ID2=ATGTGC	1
DUP_199	ID1=B;ID2=TACGTG	1
DUP_199	ID1=A;ID2=TGTATG	1
DUP_200	ID1=B;ID2=ACTAGC	1
DUP_200	ID1=K;ID2=ATGTGC	1
DUP_201	ID1=C;ID2=AGAGAG	1
DUP_201	ID1=G;ID2=TCTGCG	1
DUP_202	ID1=J;ID2=ATGTGC	1
DUP_202	ID1=E;ID2=ACAGCA	1
DUP_203	ID1=E;ID2=TCTGCG	1
DUP_203	ID1=J;ID2=ATATCG	1
DUP_204	ID1=E;ID2=TCTGCG	1
DUP_204	ID1=H;ID2=ATGATA	1
DUP_205	ID1=G;ID2=ATCAGT	1
DUP_205	ID1=A;ID2=GCGAGT	1
DUP_206	ID1=B;ID2=CTGCGT	2
DUP_207	ID1=F;ID2=GATGAC	1
DUP_207	ID1=J;ID2=GCGTAG	1
DUP_208	ID1=H;ID2=TCGCAT	1
DUP_208	ID1=K;ID2=TAGATC	1
DUP_209	ID1=H;ID2=ACTGAT	1
DUP_209	ID1=A;ID2=ATATCG	1
DUP_210	ID1=C;ID2=GTCTCT	1
DUP_210	ID1=H;ID2=ATGATA	1
DUP_211	ID1=H;ID2=TGTATG	1
DUP_211	ID1=K;ID2=ATGCAG	1
DUP_212	ID1=B;ID2=GCGCTC	1
DUP_212	ID1=J;ID2=ACTGAT	1
DUP_213	ID1=A;ID2=TCGTCA	1
DUP_213	ID1=K;ID2=ACTGAT	1
DUP_214	ID1=J;ID2=ACATGT	1
DUP_214	ID1=B;ID2=AGAGAG	1
DUP_215	ID1=H;ID2=CACGAT	2
DUP_216	ID1=D;ID2=ATCAGT	1
DUP_216	ID1=H;ID2=TGTATG	1
DUP_217	ID1=D;ID2=GCGCTC	1
DUP_217	ID1=K;ID2=ACTCTG	1
DUP_218	ID1=K;ID2=ATGTGC	1
DUP_218	ID1=J;ID2=GCGTAG	1
DUP_219	ID1=C;ID2=CTCGCA	1
DUP_219	ID1=C;ID2=TCGCAT	1
DUP_220	ID1=D;ID2=ATATCG	1
DUP_220	ID1=K;ID2=CTCGCA	1
DUP_221	ID1=G;ID2=ACTAGC	1
DUP_221	ID1=A;ID2=GCGCTC	1
DUP_222	ID1=D;ID2=ATATCG	1
DUP_222	ID1=F;ID2=ATCAGT	1
DUP_223	ID1=G;ID2=ATATCG	1
DUP_223	ID1=K;ID2=CACGAT	1
DUP_224	ID1=J;ID2=AGAGAG	1
DUP_224	ID1=E;ID2=CTCGCA	1
DUP_225	ID1=J;ID2=GCGAGT	1
DUP_225	ID1=E;ID2=ACTGAT	1
DUP_226	ID1=F;ID2=TCGTCA	1
DUP_226	ID1=B;ID2=TGTATG	1
DUP_227	ID1=J;ID2=AGAGAG	2
DUP_228	ID1=C;ID2=TGTATG	1
DUP_228	ID1=E;ID2=TCGCAT	1
DUP_229	ID1=C;ID2=ATCAGT	1
DUP_229	ID1=D;ID2=ACATGT	1
DUP_230	ID1=E;ID2=TCTGCG	1
DUP_230	ID1=E;ID2=ATGTGC	1
DUP_231	ID1=C;ID2=CACGAT	1
DUP_231	ID1=B;ID2=ACTCTG	1
DUP_232	ID1=C;ID2=TCGCAT	2
DUP_233	ID1=J;ID2=GCGCTC	1
DUP_233	ID1=J;ID2=ACTGAT	1
DUP_234	ID1=J;ID2=TCGCAT	1
DUP_234	ID1=C;ID2=ATGCAG	1
DUP_235	ID1=C;ID2=AGAGAG	1
DUP_235	ID1=D;ID2=ACACAC	1
DUP_236	ID1=C;ID2=GTCTCT	1
DUP_236	ID1=H;ID2=GCAGTG	1
DUP_237	ID1=B;ID2=TACGTG	1
DUP_237	ID1=D;ID2=TCTGCG	1
DUP_238	ID1=G;ID2=ATATCG	1
DUP_238	ID1=H;ID2=ATCAGT	1
DUP_239	ID1=F;ID2=ATGCAG	1
DUP_239	ID1=J;ID2=GCGTAG	1
DUP_240	ID1=J;ID2=GCGCTC	1
DUP_240	ID1=C;ID2=ACTGAT	1
DUP_241	ID1=F;ID2=ACGACG	1
DUP_241	ID1=J;ID2=CTGCGT	1
DUP_242	ID1=H;ID2=GATGAC	1
DUP_242	ID1=E;ID2=TACGTG	1
DUP_243	ID1=B;ID2=CTGCGT	1
DUP_243	ID1=K;ID2=ACAGCA	1
DUP_244	ID1=F;ID2=ATGATA	1
DUP_244	ID1=H;ID2=CACGAT	1
DUP_245	ID1=J;ID2=CTCGCA	1
DUP_245	ID1=A;ID2=ATCAGT	1
DUP_246	ID1=G;ID2=ATCAGT	1
DUP_246	ID1=F;ID2=GCGAGT	1
DUP_247	ID1=E;ID2=ATCAGT	1
DUP_247	ID1=B;ID2=TCGCAT	1
DUP_248	ID1=G;ID2=GATGAC	1
DUP_248	ID1=A;ID2=ATGTGC	1
DUP_249	ID1=F;ID2=GCAGTG	1
DUP_249	ID1=C;ID2=GCAGTG	1
DUP_250	ID1=G;ID2=ACTAGC	2
DUP_251	ID1=H;ID2=GATGAC	1
DUP_251	ID1=G;ID2=ATGCAG	1
DUP_252	ID1=J;ID2=GCGAGT	1
DUP_252	ID1=G;ID2=GTCTCT	1
DUP_253	ID1=K;ID2=TCTGCG	1
DUP_253	ID1=F;ID2=TCTGCG	1
DUP_254	ID1=E;ID2=TACGTG	1
DUP_254	ID1=A;ID2=ACTCTG	1
DUP_255	ID1=B;ID2=ATGTGC	1
DUP_255	ID1=K;ID2=ACTGAT	1
DUP_256	ID1=D;ID2=ACAGCA	1
DUP_256	ID1=H;ID2=TGTATG	1
DUP_257	ID1=B;ID2=AGAGAG	1
DUP_257	ID1=E;ID2=TCGTCA	1
DUP_258	ID1=G;ID2=GCGCTC	1
DUP_258	ID1=J;ID2=AGAGAG	1
DUP_259	ID1=C;ID2=TCGTCA	1
DUP_259	ID1=K;ID2=CTGCGT	1
DUP_260	ID1=B;ID2=GTCTCT	1
DUP_260	ID1=K;ID2=TAGATC	1
DUP_261	ID1=K;ID2=GATGAC	1
DUP_261	ID1=C;ID2=ACGACG	1
DUP_262	ID1=G;ID2=CTGCGT	1
DUP_262	ID1=J;ID2=ATCAGT	1
DUP_263	ID1=K;ID2=ACTAGC	1
DUP_263	ID1=G;ID2=AGAGAG	1
DUP_264	ID1=D;ID2=ATATCG	1
DUP_264	ID1=A;ID2=TCGTCA	1
DUP_265	ID1=G;ID2=CACGAT	1
DUP_265	ID1=A;ID2=GATGAC	1
DUP_266	ID1=C;ID2=GCTACA	1
DUP_266	ID1=D;ID2=ATGATA	1
DUP_267	ID1=E;ID2=GCAGTG	1
DUP_267	ID1=H;ID2=ATGATA	1
DUP_268	ID1=C;ID2=ATGATA	1
DUP_268	ID1=C;ID2=GCAGTG	1
DUP_269	ID1=B;ID2=ACTCTG	2
DUP_270	ID1=F;ID2=CGACGC	1
DUP_270	ID1=K;ID2=ATGTGC	1
DUP_271	ID1=H;ID2=CTCGCA	1
DUP_271	ID1=E;ID2=ATGTGC	1
DUP_272	ID1=B;ID2=ACACAC	1
DUP_272	ID1=E;ID2=ACAGCA	1
DUP_273	ID1=A;ID2=ACGACG	1
DUP_273	ID1=E;ID2=TAGATC	1
DUP_274	ID1=B;ID2=TACGTG	1
DUP_274	ID1=D;ID2=TCTGCG	1
DUP_275	ID1=E;ID2=ATGATA	2
DUP_276	ID1=B;ID2=ACACAC	1
DUP_276	ID1=E;ID2=ATCAGT	1
DUP_277	ID1=A;ID2=TGTATG	1
DUP_277	ID1=D;ID2=ATGATA	1
DUP_278	ID1=B;ID2=ACGACG	1
DUP_278	ID1=J;ID2=ACTGAT	1
DUP_279	ID1=C;ID2=CACGAT	1
DUP_279	ID1=K;ID2=ATGTGC	1
DUP_280	ID1=H;ID2=ATGTGC	1
DUP_280	ID1=J;ID2=GCTACA	1
DUP_281	ID1=J;ID2=GCGAGT	1
DUP_281	ID1=B;ID2=ATCAGT	1
DUP_282	ID1=B;ID2=GCGCTC	1
DUP_282	ID1=K;ID2=CTGCGT	1
DUP_283	ID1=E;ID2=TACGTG	1
DUP_283	ID1=E;ID2=GCGTAG	1
DUP_284	ID1=E;ID2=ACTCTG	1
DUP_284	ID1=B;ID2=ACTCTG	1
DUP_285	ID1=A;ID2=CTGCGT	1
DUP_285	ID1=K;ID2=ACACAC	1
DUP_286	ID1=F;ID2=TCTGCG	1
DUP_286	ID1=D;ID2=GTCTCT	1
DUP_287	ID1=J;ID2=GCGAGT	1
DUP_287	ID1=G;ID2=GTCTCT	1
DUP_288	ID1=F;ID2=TCGTCA	1
DUP_288	ID1=H;ID2=CACGAT	1
DUP_289	ID1=J;ID2=GCGAGT	1
DUP_289	ID1=C;ID2=TAGATC	1
DUP_290	ID1=G;ID2=ACATGT	2
DUP_291	ID1=B;ID2=ACTCTG	1
DUP_291	ID1=E;ID2=ATATCG	1
DUP_292	ID1=K;ID2=TCTGCG	1
DUP_292	ID1=D;ID2=ACAGCA	1
DUP_293	ID1=H;ID2=ACACAC	1
DUP_293	ID1=A;ID2=AGAGAG	1
DUP_294	ID1=C;ID2=AGAGAG	1
DUP_294	ID1=D;ID2=ACACAC	1
DUP_295	ID1=F;ID2=GCAGTG	1
DUP_295	ID1=C;ID2=ATGTGC	1
DUP_296	ID1=E;ID2=TACGTG	1
DUP_296	ID1=A;ID2=ACTCTG	1
DUP_297	ID1=G;ID2=ATATCG	1
DUP_297	ID1=A;ID2=GCGCTC	1
DUP_298	ID1=B;ID2=GTCTCT	2
DUP_299	ID1=J;ID2=ACGACG	2
DUP_300	ID1=C;ID2=GATGAC	1
DUP_300	ID1=D;ID2=TGTATG	1
DUP_301	ID1=G;ID2=GTCTCT	1
DUP_301	ID1=B;ID2=ATCAGT	1
DUP_302	ID1=B;ID2=TGTATG	1
DUP_302	ID1=B;ID2=GATGAC	1
DUP_303	ID1=G;ID2=AGAGAG	1
DUP_303	ID1=K;ID2=ACAGCA	1
DUP_304	ID1=D;ID2=GCGCTC	1
DUP_304	ID1=B;ID2=ACTGAT	1
DUP_305	ID1=H;ID2=GATGAC	1
DUP_305	ID1=H;ID2=GTCTCT	1
DUP_306	ID1=K;ID2=GATGAC	1
DUP_306	ID1=A;ID2=CACGAT	1
DUP_307	ID1=D;ID2=ATGCAG	2
DUP_308	ID1=J;ID2=ACTGAT	1
DUP_308	ID1=C;ID2=ATGTGC	1
DUP_309	ID1=C;ID2=ACATGT	1
DUP_309	ID1=H;ID2=ATGTGC	1
DUP_310	ID1=E;ID2=CACGAT	1
DUP_310	ID1=E;ID2=GCTACA	1
DUP_311	ID1=K;ID2=CTCGCA	1
DUP_311	ID1=D;ID2=GATGAC	1
DUP_312	ID1=A;ID2=ATGTGC	1
DUP_312	ID1=B;ID2=ACTAGC	1
DUP_313	ID1=H;ID2=TCGCAT	1
DUP_313	ID1=B;ID2=GTCTCT	1
DUP_314	ID1=C;ID2=ACATGT	1
DUP_314	ID1=J;ID2=ACTGAT	1
DUP_315	ID1=J;ID2=ATGATA	1
DUP_315	ID1=G;ID2=TGTATG	1
DUP_316	ID1=B;ID2=ACATGT	1
DUP_316	ID1=A;ID2=CACGAT	1
DUP_317	ID1=D;ID2=CTCGCA	1
DUP_317	ID1=B;ID2=ACTGAT	1
DUP_318	ID1=F;ID2=ATCAGT	1
DUP_318	ID1=F;ID2=GCGAGT	1
DUP_319	ID1=C;ID2=GCGCTC	1
DUP_319	ID1=G;ID2=TGTATG	1
DUP_320	ID1=G;ID2=GCGCTC	1
DUP_320	ID1=J;ID2=ATGATA	1
DUP_321	ID1=D;ID2=ACTCTG	1
DUP_321	ID1=A;ID2=GCGAGT	1
DUP_322	ID1=C;ID2=ACTGAT	1
DUP_322	ID1=F;ID2=GTCTCT	1
DUP_323	ID1=C;ID2=GCGAGT	1
DUP_323	ID1=G;ID2=ATATCG	1
DUP_324	ID1=G;ID2=ATGTGC	1
DUP_324	ID1=D;ID2=ATGTGC	1
DUP_325	ID1=C;ID2=ATGCAG	1
DUP_325	ID1=E;ID2=TCGTCA	1
DUP_326	ID1=J;ID2=GCGCTC	1
DUP_326	ID1=F;ID2=GTCTCT	1
DUP_327	ID1=A;ID2=GCTACA	1
DUP_327	ID1=J;ID2=GCGTAG	1
DUP_328	ID1=C;ID2=TACGTG	1
DUP_328	ID1=D;ID2=TCTGCG	1
DUP_329	ID1=D;ID2=TAGATC	1
DUP_329	ID1=H;ID2=TACGTG	1
DUP_330	ID1=D;ID2=ATCAGT	2
DUP_331	ID1=H;ID2=TGTATG	1
DUP_331	ID1=C;ID2=GCGCTC	1
DUP_332	ID1=B;ID2=ACTAGC	1
DUP_332	ID1=E;ID2=ATATCG	1
DUP_333	ID1=D;ID2=GCGCTC	1
DUP_333	ID1=G;ID2=TACGTG	1
DUP_334	ID1=C;ID2=GCGAGT	1
DUP_334	ID1=E;ID2=CGACGC	1
DUP_335	ID1=D;ID2=AGAGAG	1
DUP_335	ID1=A;ID2=CTGCGT	1
DUP_336	ID1=D;ID2=ATGATA	1
DUP_336	ID1=J;ID2=GCGCTC	1
DUP_337	ID1=D;ID2=ATGTGC	1
DUP_337	ID1=A;ID2=GATGAC	1
DUP_338	ID1=D;ID2=AGAGAG	1
DUP_338	ID1=A;ID2=CTGCGT	1
DUP_339	ID1=D;ID2=CTGCGT	1
DUP_339	ID1=D;ID2=CGACGC	1
DUP_340	ID1=D;ID2=ATCAGT	1
DUP_340	ID1=C;ID2=ATGATA	1
DUP_341	ID1=B;ID2=TACGTG	1
DUP_341	ID1=C;ID2=TACGTG	1
DUP_342	ID1=B;ID2=TACGTG	1
DUP_342	ID1=A;ID2=GTCTCT	1
DUP_343	ID1=D;ID2=ACTGAT	1
DUP_343	ID1=A;ID2=ATCAGT	1
DUP_344	ID1=E;ID2=GCAGTG	1
DUP_344	ID1=B;ID2=AGAGAG	1
DUP_345	ID1=H;ID2=CTGCGT	1
DUP_346	ID1=F;ID2=CGACGC	1
DUP_347	ID1=A;ID2=GATGAC	1
DUP_348	ID1=A;ID2=ACACAC	1
DUP_349	ID1=A;ID2=ACAGCA	1
DUP_350	ID1=G;ID2=GCGCTC	1
DUP_351	ID1=D;ID2=CTGCGT	1
DUP_352	ID1=K;ID2=ATATCG	1
DUP_353	ID1=D;ID2=TACGTG	1
DUP_354	ID1=A;ID2=AGAGAG	1
DUP_355	ID1=K;ID2=CACGAT	1
DUP_356	ID1=C;ID2=GCGCTC	1
DUP_357	ID1=D;ID2=ATCAGT	1
DUP_358	ID1=C;ID2=CTCGCA	1
DUP_359	ID1=K;ID2=ACTAGC	1
DUP_360	ID1=K;ID2=ACTGAT	1
DUP_361	ID1=H;ID2=CACGAT	1
DUP_362	ID1=F;ID2=ACTAGC	1
DUP_363	ID1=D;ID2=ATGCAG	1
DUP_364	ID1=C;ID2=GTCTCT	1
DUP_365	ID1=D;ID2=AGAGAG	1
DUP_366	ID1=E;ID2=TGTATG	1
DUP_367	ID1=A;ID2=TCGTCA	1
DUP_368	ID1=J;ID2=GCGCTC	1
DUP_369	ID1=H;ID2=GCGTAG	1
DUP_370	ID1=D;ID2=TAGATC	1
DUP_371	ID1=F;ID2=ATGATA	1
DUP_372	ID1=G;ID2=TACGTG	1
DUP_373	ID1=C;ID2=TGTATG	1
DUP_374	ID1=B;ID2=GTCTCT	1
DUP_375	ID1=F;ID2=TGTATG	1
DUP_376	ID1=D;ID2=GCGTAG	1
DUP_377	ID1=C;ID2=CTCGCA	1
DUP_378	ID1=D;ID2=TGTATG	1
DUP_379	ID1=D;ID2=TCGTCA	1
DUP_380	ID1=E;ID2=ATGATA	1
DUP_381	ID1=H;ID2=ACATGT	1
DUP_382	ID1=D;ID2=ATGCAG	1
DUP_383	ID1=C;ID2=TAGATC	1
DUP_384	ID1=A;ID2=ACGACG	1
DUP_385	ID1=A;ID2=GATGAC	1
DUP_386	ID1=H;ID2=ACATGT	1
DUP_387	ID1=K;ID2=ATCAGT	1
DUP_388	ID1=B;ID2=GCGTAG	1
DUP_389	ID1=F;ID2=TCTGCG	1
DUP_390	ID1=F;ID2=GCAGTG	1
DUP_391	ID1=C;ID2=CACGAT	1
DUP_392	ID1=A;ID2=GTCTCT	1
DUP_393	ID1=K;ID2=GATGAC	1
DUP_394	ID1=E;ID2=ATGCAG	1
DUP_395	ID1=D;ID2=TCGCAT	1
DUP_396	ID1=H;ID2=ATCAGT	1
DUP_397	ID1=A;ID2=GTCTCT	1
DUP_398	ID1=K;ID2=ACTCTG	1
DUP_399	ID1=K;ID2=ACACAC	1
DUP_400	ID1=A;ID2=ACTGAT	1
DUP_401	ID1=F;ID2=ACACAC	1
DUP_402	ID1=G;ID2=ATGTGC	1
DUP_403	ID1=E;ID2=ACGACG	1
DUP_404	ID1=C;ID2=TCGCAT	1
DUP_405	ID1=J;ID2=TCTGCG	1
DUP_406	ID1=D;ID2=TCTGCG	1
DUP_407	ID1=G;ID2=GCGCTC	1
DUP_408	ID1=F;ID2=ACGACG	1
DUP_409	ID1=J;ID2=ATGCAG	1
DUP_410	ID1=G;ID2=TCGCAT	1
DUP_411	ID1=D;ID2=CTCGCA	1
DUP_412	ID1=A;ID2=TCGTCA	1
DUP_413	ID1=H;ID2=ATCAGT	1
DUP_414	ID1=G;ID2=ATGCAG	1
DUP_415	ID1=A;ID2=ATGATA	1
DUP_416	ID1=C;ID2=CTCGCA	1
DUP_417	ID1=J;ID2=ACTGAT	1
DUP_418	ID1=B;ID2=ACGACG	1
DUP_419	ID1=D;ID2=ACGACG	1
DUP_420	ID1=B;ID2=ACGACG	1
DUP_421	ID1=B;ID2=TAGATC	1
DUP_422	ID1=H;ID2=TACGTG	1
DUP_423	ID1=H;ID2=ATCAGT	1
DUP_424	ID1=D;ID2=ACACAC	1
DUP_425	ID1=E;ID2=ACTCTG	1
DUP_426	ID1=E;ID2=ACTAGC	1
DUP_427	ID1=A;ID2=ACAGCA	1
DUP_428	ID1=C;ID2=ATCAGT	1
DUP_429	ID1=D;ID2=GTCTCT	1
DUP_430	ID1=D;ID2=TCTGCG	1
DUP_431	ID1=J;ID2=GCTACA	1
DUP_432	ID1=D;ID2=GCGTAG	1
DUP_433	ID1=J;ID2=CGACGC	1
DUP_434	ID1=H;ID2=GATGAC	1
DUP_435	ID1=A;ID2=ACACAC	1
DUP_436	ID1=H;ID2=ACATGT	1
DUP_437	ID1=F;ID2=GATGAC	1
DUP_438	ID1=K;ID2=TCTGCG	1
DUP_439	ID1=D;ID2=AGAGAG	1
DUP_440	ID1=E;ID2=CGACGC	1
DUP_441	ID1=A;ID2=ACAGCA	1
DUP_442	ID1=K;ID2=ACTGAT	1
DUP_443	ID1=H;ID2=ATCAGT	1
DUP_444	ID1=A;ID2=GCGCTC	1
DUP_445	ID1=F;ID2=TCGCAT	1
DUP_446	ID1=F;ID2=ACTGAT	1
DUP_447	ID1=E;ID2=ACATGT	1
DUP_448	ID1=D;ID2=CACGAT	1
DUP_449	ID1=A;ID2=ACTGAT	1
DUP_450	ID1=C;ID2=GCAGTG	1
DUP_451	ID1=C;ID2=TACGTG	1
DUP_452	ID1=G;ID2=TACGTG	1
DUP_453	ID1=G;ID2=TAGATC	1
DUP_454	ID1=J;ID2=ACATGT	1
DUP_455	ID1=J;ID2=GCAGTG	1
DUP_456	ID1=J;ID2=ACACAC	1
DUP_457	ID1=G;ID2=AGAGAG	1
DUP_458	ID1=J;ID2=ACAGCA	1
DUP_459	ID1=D;ID2=AGAGAG	1
DUP_460	ID1=J;ID2=TGTATG	1
DUP_461	ID1=F;ID2=ACTGAT	1
DUP_462	ID1=F;ID2=ACTAGC	1
DUP_463	ID1=B;ID2=TGTATG	1
DUP_464	ID1=G;ID2=ACTAGC	1
DUP_465	ID1=J;ID2=ATATCG	1
DUP_466	ID1=J;ID2=TGTATG	1
DUP_467	ID1=D;ID2=ACAGCA	1
DUP_468	ID1=G;ID2=GCAGTG	1
DUP_469	ID1=K;ID2=TACGTG	1
DUP_470	ID1=E;ID2=ACGACG	1
DUP_471	ID1=D;ID2=TCGTCA	1
DUP_472	ID1=K;ID2=ATGATA	1
DUP_473	ID1=F;ID2=ACTGAT	1
DUP_474	ID1=H;ID2=ATGCAG	1
DUP_475	ID1=E;ID2=ATCAGT	1
DUP_476	ID1=K;ID2=GTCTCT	1
DUP_477	ID1=K;ID2=TAGATC	1
DUP_478	ID1=B;ID2=GATGAC	1
DUP_479	ID1=E;ID2=TGTATG	1
DUP_480	ID1=D;ID2=GCTACA	1
DUP_481	ID1=K;ID2=ACTAGC	1
DUP_482	ID1=F;ID2=ACTCTG	1
DUP_483	ID1=K;ID2=ATGATA	1
DUP_484	ID1=H;ID2=TCGCAT	1
DUP_485	ID1=F;ID2=TCGTCA	1
DUP_486	ID1=C;ID2=ACTGAT	1
DUP_487	ID1=B;ID2=GTCTCT	1
DUP_488	ID1=C;ID2=ATGTGC	1
DUP_489	ID1=K;ID2=ACACAC	1
DUP_490	ID1=E;ID2=ACGACG	1
DUP_491	ID1=D;ID2=AGAGAG	1
DUP_492	ID1=F;ID2=GCGCTC	1
DUP_493	ID1=F;ID2=GATGAC	1
DUP_494	ID1=D;ID2=ATATCG	1
DUP_495	ID1=H;ID2=TCTGCG	1
DUP_496	ID1=C;ID2=ATGATA	1
DUP_497	ID1=A;ID2=ACACAC	1
DUP_498	ID1=C;ID2=CACGAT	1
DUP_499	ID1=J;ID2=CTGCGT	1
DUP_500	ID1=C;ID2=ACTGAT	1
DUP_501	ID1=H;ID2=ACTGAT	1
DUP_502	ID1=K;ID2=ACTGAT	1
DUP_503	ID1=J;ID2=ATGTGC	1
DUP_504	ID1=H;ID2=TCGCAT	1
DUP_505	ID1=J;ID2=TCTGCG	1
DUP_506	ID1=K;ID2=TACGTG	1
DUP_507	ID1=G;ID2=ACGACG	1
DUP_508	ID1=G;ID2=TACGTG	1
DUP_509	ID1=K;ID2=ACTCTG	1
DUP_510	ID1=H;ID2=ATGATA	1
DUP_511	ID1=H;ID2=GCGAGT	1
DUP_512	ID1=D;ID2=ATGATA	1
DUP_513	ID1=H;ID2=ACATGT	1
DUP_514	ID1=H;ID2=TCGTCA	1
DUP_515	ID1=B;ID2=ACATGT	1
DUP_516	ID1=B;ID2=CTCGCA	1
DUP_517	ID1=D;ID2=ATCAGT	1
DUP_518	ID1=K;ID2=ACTGAT	1
DUP_519	ID1=J;ID2=GCGCTC	1
DUP_520	ID1=D;ID2=TAGATC	1
DUP_521	ID1=D;ID2=ATGATA	1
DUP_522	ID1=K;ID2=GCAGTG	1
DUP_523	ID1=H;ID2=ATGATA	1
DUP_524	ID1=D;ID2=GATGAC	1
DUP_525	ID1=F;ID2=ATCAGT	1
DUP_526	ID1=G;ID2=ACTGAT	1
DUP_527	ID1=A;ID2=ATATCG	1
DUP_528	ID1=B;ID2=GCGCTC	1
DUP_529	ID1=J;ID2=GCGTAG	1
DUP_530	ID1=J;ID2=ATATCG	1
DUP_531	ID1=J;ID2=AGAGAG	1
DUP_532	ID1=K;ID2=ACACAC	1
DUP_533	ID1=K;ID2=GCGTAG	1
DUP_534	ID1=F;ID2=CACGAT	1
DUP_535	ID1=J;ID2=ATCAGT	1
DUP_536	ID1=K;ID2=GTCTCT	1
DUP_537	ID1=D;ID2=TCTGCG	1
DUP_538	ID1=D;ID2=ATCAGT	1
DUP_539	ID1=D;ID2=TCTGCG	1
DUP_540	ID1=H;ID2=CTCGCA	1
DUP_541	ID1=B;ID2=TACGTG	1
DUP_542	ID1=B;ID2=TCGCAT	1
DUP_543	ID1=H;ID2=AGAGAG	1
DUP_544	ID1=K;ID2=GTCTCT	1
DUP_545	ID1=K;ID2=GCGCTC	1
DUP_546	ID1=E;ID2=TACGTG	1
DUP_547	ID1=A;ID2=ACTCTG	1
DUP_548	ID1=H;ID2=CTCGCA	1
DUP_549	ID1=A;ID2=ACAGCA	1
DUP_550	ID1=H;ID2=ATGTGC	1
DUP_551	ID1=K;ID2=GTCTCT	1
DUP_552	ID1=G;ID2=CGACGC	1
DUP_553	ID1=E;ID2=ACTAGC	1
DUP_554	ID1=B;ID2=ATGTGC	1
DUP_555	ID1=C;ID2=TCGCAT	1
DUP_556	ID1=D;ID2=CTGCGT	1
DUP_557	ID1=K;ID2=TCTGCG	1
DUP_558	ID1=A;ID2=ACTAGC	1
DUP_559	ID1=H;ID2=ATGATA	1
DUP_560	ID1=B;ID2=ACACAC	1
DUP_561	ID1=A;ID2=TCGTCA	1
DUP_562	ID1=J;ID2=TCGCAT	1
DUP_563	ID1=B;ID2=GCTACA	1
DUP_564	ID1=D;ID2=AGAGAG	1
DUP_565	ID1=E;ID2=ACAGCA	1
DUP_566	ID1=H;ID2=ACTAGC	1
DUP_567	ID1=F;ID2=TCTGCG	1
DUP_568	ID1=A;ID2=AGAGAG	1
DUP_569	ID1=B;ID2=AGAGAG	1
DUP_570	ID1=A;ID2=GCGCTC	1
DUP_571	ID1=D;ID2=GCGAGT	1
DUP_572	ID1=B;ID2=ACATGT	1
DUP_573	ID1=D;ID2=ACAGCA	1
DUP_574	ID1=H;ID2=CTGCGT	1
DUP_575	ID1=G;ID2=CTGCGT	1
DUP_576	ID1=F;ID2=ACTGAT	1
DUP_577	ID1=A;ID2=ACACAC	1
DUP_578	ID1=A;ID2=GATGAC	1
DUP_579	ID1=C;ID2=CGACGC	1
DUP_580	ID1=G;ID2=ACAGCA	1
DUP_581	ID1=A;ID2=ACTGAT	1
DUP_582	ID1=K;ID2=GTCTCT	1
DUP_583	ID1=G;ID2=ACTGAT	1
DUP_584	ID1=C;ID2=ACTCTG	1
DUP_585	ID1=E;ID2=TCGCAT	1
DUP_586	ID1=J;ID2=TGTATG	1
DUP_587	ID1=B;ID2=GTCTCT	1
DUP_588	ID1=K;ID2=ATGATA	1
DUP_589	ID1=C;ID2=GCTACA	1
DUP_590	ID1=H;ID2=TAGATC	1
DUP_591	ID1=B;ID2=ATGCAG	1
DUP_592	ID1=J;ID2=GCGAGT	1
DUP_593	ID1=C;ID2=GCGCTC	1
DUP_594	ID1=E;ID2=TGTATG	1
DUP_595	ID1=B;ID2=GCGCTC	1
DUP_596	ID1=B;ID2=GTCTCT	1
DUP_597	ID1=F;ID2=ATCAGT	1
DUP_598	ID1=G;ID2=CACGAT	1
DUP_599	ID1=D;ID2=ATGATA	1
DUP_600	ID1=F;ID2=ACTAGC	1
DUP_601	ID1=A;ID2=TCGCAT	1
DUP_602	ID1=F;ID2=GCTACA	1
DUP_603	ID1=D;ID2=CTCGCA	1
DUP_604	ID1=F;ID2=ATATCG	1
DUP_605	ID1=H;ID2=TCGTCA	1
DUP_606	ID1=J;ID2=GCGCTC	1
DUP_607	ID1=B;ID2=ACATGT	1
DUP_608	ID1=G;ID2=ACTGAT	1
DUP_609	ID1=A;ID2=CGACGC	1
DUP_610	ID1=C;ID2=CTGCGT	1
DUP_611	ID1=H;ID2=GCGCTC	1
DUP_612	ID1=G;ID2=ATCAGT	1
DUP_613	ID1=H;ID2=GCGTAG	1
DUP_614	ID1=E;ID2=TCGTCA	1
DUP_615	ID1=E;ID2=CACGAT	1
DUP_616	ID1=J;ID2=ACACAC	1
DUP_617	ID1=G;ID2=ACAGCA	1
DUP_618	ID1=D;ID2=ACTGAT	1
DUP_619	ID1=H;ID2=CACGAT	1
DUP_620	ID1=G;ID2=CTGCGT	1
DUP_621	ID1=A;ID2=CTGCGT	1
DUP_622	ID1=H;ID2=GCAGTG	1
DUP_623	ID1=G;ID2=TCGCAT	1
DUP_624	ID1=B;ID2=TGTATG	1
DUP_625	ID1=K;ID2=ATCAGT	1
DUP_626	ID1=K;ID2=TAGATC	1
DUP_627	ID1=H;ID2=GATGAC	1
DUP_628	ID1=C;ID2=ATGATA	1
DUP_629	ID1=G;ID2=GCAGTG	1
DUP_630	ID1=G;ID2=TGTATG	1
DUP_631	ID1=A;ID2=ACGACG	1
DUP_632	ID1=F;ID2=ACACAC	1
DUP_633	ID1=J;ID2=CGACGC	1
DUP_634	ID1=B;ID2=GCGAGT	1
DUP_635	ID1=E;ID2=ATGTGC	1
DUP_636	ID1=D;ID2=ACGACG	1
DUP_637	ID1=J;ID2=ACTGAT	1
DUP_638	ID1=B;ID2=CTCGCA	1
DUP_639	ID1=F;ID2=TAGATC	1
DUP_640	ID1=K;ID2=GCAGTG	1
DUP_641	ID1=E;ID2=ACTAGC	1
DUP_642	ID1=H;ID2=ACAGCA	1
DUP_643	ID1=K;ID2=ACTAGC	1
DUP_644	ID1=D;ID2=ACTCTG	1
DUP_645	ID1=D;ID2=CTCGCA	1
DUP_646	ID1=K;ID2=TCGTCA	1
DUP_647	ID1=C;ID2=ACGACG	1
DUP_648	ID1=G;ID2=GTCTCT	1
DUP_649	ID1=A;ID2=ACTGAT	1
DUP_650	ID1=A;ID2=ACACAC	1
DUP_651	ID1=A;ID2=GCAGTG	1
DUP_652	ID1=B;ID2=ACTGAT	1
DUP_653	ID1=K;ID2=GCGAGT	1
DUP_654	ID1=C;ID2=AGAGAG	1
DUP_655	ID1=C;ID2=GCGTAG	1
DUP_656	ID1=A;ID2=GCAGTG	1
DUP_657	ID1=H;ID2=ACATGT	1
DUP_658	ID1=J;ID2=ACACAC	1
DUP_659	ID1=B;ID2=ACGACG	1
DUP_660	ID1=B;ID2=GCGCTC	1
DUP_661	ID1=A;ID2=AGAGAG	1
DUP_662	ID1=H;ID2=GCGTAG	1
DUP_663	ID1=D;ID2=TCGTCA	1
DUP_664	ID1=D;ID2=ACTGAT	1
DUP_665	ID1=G;ID2=GCGCTC	1
DUP_666	ID1=D;ID2=GTCTCT	1
DUP_667	ID1=E;ID2=ACGACG	1
DUP_668	ID1=D;ID2=TACGTG	1
DUP_669	ID1=D;ID2=ATCAGT	1
DUP_670	ID1=E;ID2=TGTATG	1
DUP_671	ID1=D;ID2=ACTCTG	1
DUP_672	ID1=H;ID2=ACAGCA	1
DUP_673	ID1=C;ID2=ACTGAT	1
DUP_674	ID1=J;ID2=ATGTGC	1
DUP_675	ID1=E;ID2=ACTCTG	1
DUP_676	ID1=J;ID2=GCGTAG	1
DUP_677	ID1=F;ID2=ATGATA	1
DUP_678	ID1=E;ID2=ACTAGC	1
DUP_679	ID1=E;ID2=ACATGT	1
DUP_680	ID1=J;ID2=AGAGAG	1
DUP_681	ID1=F;ID2=GTCTCT	1
DUP_682	ID1=C;ID2=CTCGCA	1
DUP_683	ID1=A;ID2=ATGCAG	1
DUP_684	ID1=F;ID2=ATGTGC	1
DUP_685	ID1=A;ID2=ACGACG	1
DUP_686	ID1=K;ID2=TCGCAT	1
DUP_687	ID1=H;ID2=ACTAGC	1
DUP_688	ID1=B;ID2=ACTAGC	1
DUP_689	ID1=H;ID2=TCGTCA	1
DUP_690	ID1=A;ID2=AGAGAG	1
DUP_691	ID1=J;ID2=CGACGC	1
DUP_692	ID1=C;ID2=TGTATG	1
DUP_693	ID1=E;ID2=TGTATG	1
DUP_694	ID1=F;ID2=TCGTCA	1
DUP_695	ID1=K;ID2=ACAGCA	1
DUP_696	ID1=B;ID2=ACGACG	1
DUP_697	ID1=F;ID2=TGTATG	1
DUP_698	ID1=D;ID2=CACGAT	1
DUP_699	ID1=A;ID2=ACTCTG	1
DUP_700	ID1=D;ID2=GCTACA	1
DUP_701	ID1=A;ID2=ACTAGC	1
DUP_702	ID1=J;ID2=TCGCAT	1
DUP_703	ID1=B;ID2=TAGATC	1
DUP_704	ID1=C;ID2=GATGAC	1
DUP_705	ID1=B;ID2=ACTAGC	1
DUP_706	ID1=G;ID2=TCTGCG	1
DUP_707	ID1=H;ID2=CTCGCA	1
DUP_708	ID1=E;ID2=ATGCAG	1
DUP_709	ID1=H;ID2=TCGTCA	1
DUP_710	ID1=J;ID2=ATCAGT	1
DUP_711	ID1=G;ID2=TCGCAT	1
DUP_712	ID1=H;ID2=TCGCAT	1
DUP_713	ID1=C;ID2=GCGAGT	1
DUP_714	ID1=E;ID2=ACAGCA	1
DUP_715	ID1=B;ID2=GCGAGT	1
DUP_716	ID1=B;ID2=TCGCAT	1
DUP_717	ID1=H;ID2=GTCTCT	1
DUP_718	ID1=A;ID2=ACTAGC	1
DUP_719	ID1=D;ID2=ACTCTG	1
DUP_720	ID1=B;ID2=ACGACG	1
DUP_721	ID1=J;ID2=GCGCTC	1
DUP_722	ID1=C;ID2=GCAGTG	1
DUP_723	ID1=J;ID2=ACGACG	1
DUP_724	ID1=E;ID2=TCTGCG	1
DUP_725	ID1=A;ID2=AGAGAG	1
DUP_726	ID1=K;ID2=ACTAGC	1
DUP_727	ID1=H;ID2=CTCGCA	1
DUP_728	ID1=C;ID2=GCTACA	1
DUP_729	ID1=H;ID2=TGTATG	1
DUP_730	ID1=A;ID2=ACAGCA	1
DUP_731	ID1=D;ID2=GCTACA	1
DUP_732	ID1=C;ID2=ATGATA	1
DUP_733	ID1=E;ID2=TCGCAT	1
DUP_734	ID1=C;ID2=TAGATC	1
DUP_735	ID1=K;ID2=ACTGAT	1
DUP_736	ID1=A;ID2=ATGATA	1
DUP_737	ID1=A;ID2=GTCTCT	1
DUP_738	ID1=F;ID2=ATGTGC	1
DUP_739	ID1=D;ID2=TAGATC	1
DUP_740	ID1=A;ID2=ATGATA	1
DUP_741	ID1=E;ID2=ACTAGC	1
DUP_742	ID1=K;ID2=GCGTAG	1
DUP_743	ID1=E;ID2=TACGTG	1
DUP_744	ID1=F;ID2=GCGAGT	1
DUP_745	ID1=K;ID2=CTGCGT	1
DUP_746	ID1=J;ID2=TGTATG	1
DUP_747	ID1=J;ID2=AGAGAG	1
DUP_748	ID1=G;ID2=TCGCAT	1
DUP_749	ID1=J;ID2=CACGAT	1
DUP_750	ID1=F;ID2=GCGCTC	1
DUP_751	ID1=D;ID2=CTCGCA	1
DUP_752	ID1=H;ID2=TCGCAT	1
DUP_753	ID1=H;ID2=ACATGT	1
DUP_754	ID1=F;ID2=ACTGAT	1
DUP_755	ID1=D;ID2=TCTGCG	1
DUP_756	ID1=E;ID2=ATGCAG	1
DUP_757	ID1=H;ID2=ATGATA	1
DUP_758	ID1=E;ID2=CGACGC	1
DUP_759	ID1=G;ID2=TGTATG	1
DUP_760	ID1=D;ID2=AGAGAG	1
DUP_761	ID1=J;ID2=ACATGT	1
DUP_762	ID1=F;ID2=ACTGAT	1
DUP_763	ID1=K;ID2=TCGTCA	1
DUP_764	ID1=H;ID2=ATGTGC	1
DUP_765	ID1=A;ID2=CGACGC	1
DUP_766	ID1=J;ID2=TGTATG	1
DUP_767	ID1=J;ID2=ATGATA	1
DUP_768	ID1=F;ID2=TCTGCG	1
DUP_769	ID1=F;ID2=ACTGAT	1
DUP_770	ID1=F;ID2=ATGCAG	1
DUP_771	ID1=E;ID2=TACGTG	1
DUP_772	ID1=B;ID2=CTGCGT	1
DUP_773	ID1=A;ID2=GCGAGT	1
DUP_774	ID1=D;ID2=GATGAC	1
DUP_775	ID1=A;ID2=CGACGC	1
DUP_776	ID1=D;ID2=ATCAGT	1
DUP_777	ID1=G;ID2=ACATGT	1
DUP_778	ID1=G;ID2=ATGATA	1
DUP_779	ID1=D;ID2=ACACAC	1
DUP_780	ID1=A;ID2=ACACAC	1
DUP_781	ID1=A;ID2=ATGCAG	1
DUP_782	ID1=J;ID2=TCTGCG	1
DUP_783	ID1=H;ID2=GCAGTG	1
DUP_784	ID1=E;ID2=ACTGAT	1
DUP_785	ID1=C;ID2=ACGACG	1
DUP_786	ID1=F;ID2=GTCTCT	1
DUP_787	ID1=K;ID2=GTCTCT	1
DUP_788	ID1=K;ID2=TCGCAT	1
DUP_789	ID1=C;ID2=ATGCAG	1
DUP_790	ID1=B;ID2=TACGTG	1
DUP_791	ID1=A;ID2=ATATCG	1
DUP_792	ID1=D;ID2=CTCGCA	1
DUP_793	ID1=B;ID2=GCGCTC	1
DUP_794	ID1=F;ID2=TCTGCG	1
DUP_795	ID1=F;ID2=GCGAGT	1
DUP_796	ID1=D;ID2=ACTGAT	1
DUP_797	ID1=H;ID2=GTCTCT	1
DUP_798	ID1=D;ID2=GCTACA	1
DUP_799	ID1=F;ID2=ACGACG	1
DUP_800	ID1=D;ID2=ATATCG	1
DUP_801	ID1=C;ID2=ATGATA	1
DUP_802	ID1=K;ID2=TACGTG	1
DUP_803	ID1=J;ID2=ATGCAG	1
DUP_804	ID1=E;ID2=GCGTAG	1
DUP_805	ID1=A;ID2=CACGAT	1
DUP_806	ID1=G;ID2=GATGAC	1
DUP_807	ID1=E;ID2=ATGCAG	1
DUP_808	ID1=A;ID2=ACGACG	1
DUP_809	ID1=C;ID2=ATCAGT	1
DUP_810	ID1=F;ID2=ACTGAT	1
DUP_811	ID1=F;ID2=ACACAC	1
DUP_812	ID1=F;ID2=TCGCAT	1
DUP_813	ID1=A;ID2=ATGCAG	1
DUP_814	ID1=D;ID2=ATGCAG	1
DUP_815	ID1=G;ID2=ATGTGC	1
DUP_816	ID1=F;ID2=ACGACG	1
DUP_817	ID1=C;ID2=ACTCTG	1
DUP_818	ID1=K;ID2=GCGCTC	1
DUP_819	ID1=C;ID2=ACTCTG	1
DUP_820	ID1=A;ID2=ATATCG	1
DUP_821	ID1=G;ID2=GATGAC	1
DUP_822	ID1=H;ID2=TAGATC	1
DUP_823	ID1=A;ID2=ACTAGC	1
DUP_824	ID1=E;ID2=ACAGCA	1
DUP_825	ID1=A;ID2=ATGATA	1
DUP_826	ID1=D;ID2=ATGATA	1
DUP_827	ID1=E;ID2=GCTACA	1
DUP_828	ID1=D;ID2=ATGTGC	1
DUP_829	ID1=A;ID2=GCTACA	1
DUP_830	ID1=B;ID2=ACTGAT	1
DUP_831	ID1=D;ID2=ACTGAT	1
DUP_832	ID1=E;ID2=TGTATG	1
DUP_833	ID1=D;ID2=ATCAGT	1
DUP_834	ID1=J;ID2=ATGTGC	1
DUP_835	ID1=A;ID2=GCTACA	1
DUP_836	ID1=D;ID2=ATGTGC	1
DUP_837	ID1=A;ID2=CACGAT	1
DUP_838	ID1=K;ID2=TCTGCG	1
DUP_839	ID1=C;ID2=GCGCTC	1
DUP_840	ID1=J;ID2=TGTATG	1
DUP_841	ID1=G;ID2=TCTGCG	1
DUP_842	ID1=C;ID2=ACGACG	1
DUP_843	ID1=H;ID2=TGTATG	1
DUP_844	ID1=A;ID2=GCAGTG	1
DUP_845	ID1=B;ID2=ATCAGT	1
DUP_846	ID1=B;ID2=TGTATG	1
DUP_847	ID1=K;ID2=GTCTCT	1
DUP_848	ID1=B;ID2=GCGTAG	1
DUP_849	ID1=A;ID2=GTCTCT	1
DUP_850	ID1=K;ID2=ACAGCA	1
DUP_851	ID1=E;ID2=GATGAC	1
DUP_852	ID1=E;ID2=ACGACG	1
DUP_853	ID1=G;ID2=ATGCAG	1
DUP_854	ID1=K;ID2=GCTACA	1
DUP_855	ID1=K;ID2=ACAGCA	1
DUP_856	ID1=A;ID2=GATGAC	1
DUP_857	ID1=A;ID2=ATGATA	1
DUP_858	ID1=H;ID2=CTCGCA	1
DUP_859	ID1=A;ID2=ATGTGC	1
DUP_860	ID1=C;ID2=GTCTCT	1
DUP_861	ID1=K;ID2=GATGAC	1
DUP_862	ID1=D;ID2=ATGATA	1
DUP_863	ID1=K;ID2=ATGTGC	1
DUP_864	ID1=A;ID2=CACGAT	1
DUP_865	ID1=H;ID2=CTCGCA	1
DUP_866	ID1=F;ID2=GCTACA	1
DUP_867	ID1=F;ID2=GCTACA	1
DUP_868	ID1=D;ID2=ACTCTG	1
DUP_869	ID1=H;ID2=GCTACA	1
DUP_870	ID1=J;ID2=TCTGCG	1
DUP_871	ID1=C;ID2=ACTCTG	1
DUP_872	ID1=K;ID2=TACGTG	1
DUP_873	ID1=B;ID2=TCGCAT	1
DUP_874	ID1=A;ID2=TCGTCA	1
DUP_875	ID1=F;ID2=GCGAGT	1
DUP_876	ID1=E;ID2=ATGATA	1
DUP_877	ID1=H;ID2=ATGATA	1
DUP_878	ID1=B;ID2=TAGATC	1
DUP_879	ID1=F;ID2=TCTGCG	1
DUP_880	ID1=D;ID2=GTCTCT	1
DUP_881	ID1=F;ID2=ACACAC	1
DUP_882	ID1=J;ID2=GCGCTC	1
DUP_883	ID1=G;ID2=ACTAGC	1
DUP_884	ID1=K;ID2=ATATCG	1
DUP_885	ID1=G;ID2=GCAGTG	1
DUP_886	ID1=C;ID2=AGAGAG	1
DUP_887	ID1=B;ID2=CTGCGT	1
DUP_888	ID1=G;ID2=CGACGC	1
DUP_889	ID1=A;ID2=GTCTCT	1
DUP_890	ID1=D;ID2=ATGATA	1
DUP_891	ID1=D;ID2=ACTAGC	1
DUP_892	ID1=J;ID2=GCGAGT	1
DUP_893	ID1=B;ID2=ACGACG	1
DUP_894	ID1=C;ID2=ATGATA	1
DUP_895	ID1=E;ID2=ATGATA	1
DUP_896	ID1=J;ID2=ACTGAT	1
DUP_897	ID1=C;ID2=TCTGCG	1
DUP_898	ID1=H;ID2=TGTATG	1
DUP_899	ID1=B;ID2=CTCGCA	1
DUP_900	ID1=F;ID2=GCGTAG	1
DUP_901	ID1=F;ID2=GCGAGT	1
DUP_902	ID1=J;ID2=ACATGT	1
DUP_903	ID1=A;ID2=GTCTCT	1
DUP_904	ID1=H;ID2=TCGTCA	1
DUP_905	ID1=G;ID2=AGAGAG	1
DUP_906	ID1=H;ID2=GCAGTG	1
DUP_907	ID1=H;ID2=TCGTCA	1
DUP_908	ID1=F;ID2=GCTACA	1
DUP_909	ID1=D;ID2=ACGACG	1
DUP_910	ID1=E;ID2=ACGACG	1
DUP_911	ID1=F;ID2=ACACAC	1
DUP_912	ID1=A;ID2=TGTATG	1
DUP_913	ID1=K;ID2=GATGAC	1
DUP_914	ID1=J;ID2=ATGATA	1
DUP_915	ID1=G;ID2=TGTATG	1
DUP_916	ID1=F;ID2=GATGAC	1
DUP_917	ID1=H;ID2=ACTAGC	1
DUP_918	ID1=H;ID2=ATCAGT	1
DUP_919	ID1=H;ID2=TCGTCA	1
DUP_920	ID1=B;ID2=GCGCTC	1
DUP_921	ID1=G;ID2=GATGAC	1
DUP_922	ID1=A;ID2=CTGCGT	1
DUP_923	ID1=B;ID2=GCAGTG	1
DUP_924	ID1=K;ID2=TCTGCG	1
DUP_925	ID1=C;ID2=ATGATA	1
DUP_926	ID1=K;ID2=ACTAGC	1
DUP_927	ID1=J;ID2=CACGAT	1
DUP_928	ID1=F;ID2=TAGATC	1
DUP_929	ID1=C;ID2=TAGATC	1
DUP_930	ID1=A;ID2=GCGCTC	1
DUP_931	ID1=D;ID2=GCGCTC	1
DUP_932	ID1=D;ID2=ACGACG	1
DUP_933	ID1=D;ID2=CGACGC	1
DUP_934	ID1=D;ID2=ACATGT	1
DUP_935	ID1=H;ID2=ACATGT	1
DUP_936	ID1=H;ID2=CTGCGT	1
DUP_937	ID1=E;ID2=ACGACG	1
DUP_938	ID1=B;ID2=CTGCGT	1
DUP_939	ID1=A;ID2=GTCTCT	1
DUP_940	ID1=E;ID2=ACTCTG	1
DUP_941	ID1=C;ID2=GCGAGT	1
DUP_942	ID1=F;ID2=ATCAGT	1
DUP_943	ID1=J;ID2=TGTATG	1
DUP_944	ID1=A;ID2=ACGACG	1
DUP_945	ID1=A;ID2=ACGACG	1
DUP_946	ID1=C;ID2=ACGACG	1
DUP_947	ID1=C;ID2=ATGTGC	1
DUP_948	ID1=E;ID2=GCAGTG	1
DUP_949	ID1=K;ID2=GCAGTG	1
DUP_950	ID1=K;ID2=ACAGCA	1
DUP_951	ID1=K;ID2=GTCTCT	1
DUP_952	ID1=K;ID2=TCTGCG	1
DUP_953	ID1=G;ID2=ATCAGT	1
DUP_954	ID1=E;ID2=ACTGAT	1
DUP_955	ID1=E;ID2=GTCTCT	1
DUP_956	ID1=C;ID2=TAGATC	1
DUP_957	ID1=A;ID2=CACGAT	1
DUP_958	ID1=J;ID2=CTGCGT	1
DUP_959	ID1=B;ID2=CTCGCA	1
DUP_960	ID1=E;ID2=TAGATC	1
DUP_961	ID1=A;ID2=GTCTCT	1
DUP_962	ID1=G;ID2=AGAGAG	1
DUP_963	ID1=J;ID2=TCGCAT	1
DUP_964	ID1=F;ID2=ATATCG	1
DUP_965	ID1=A;ID2=ACTAGC	1
DUP_966	ID1=A;ID2=TCGTCA	1
DUP_967	ID1=H;ID2=TGTATG	1
DUP_968	ID1=G;ID2=TAGATC	1
DUP_969	ID1=C;ID2=TCTGCG	1
DUP_970	ID1=K;ID2=ACTAGC	1
DUP_971	ID1=B;ID2=ACTCTG	1
DUP_972	ID1=G;ID2=ATATCG	1
DUP_973	ID1=J;ID2=TGTATG	1
DUP_974	ID1=G;ID2=TGTATG	1
DUP_975	ID1=A;ID2=ATATCG	1
DUP_976	ID1=B;ID2=TCGCAT	1
DUP_977	ID1=B;ID2=TCTGCG	1
DUP_978	ID1=H;ID2=TCGTCA	1
DUP_979	ID1=F;ID2=AGAGAG	1
DUP_980	ID1=G;ID2=AGAGAG	1
DUP_981	ID1=A;ID2=TCGTCA	1
DUP_982	ID1=F;ID2=AGAGAG	1
DUP_983	ID1=G;ID2=GCGCTC	1
DUP_984	ID1=F;ID2=ATGTGC	1
DUP_985	ID1=E;ID2=ACTCTG	1
DUP_986	ID1=A;ID2=TCGTCA	1
DUP_987	ID1=G;ID2=TCTGCG	1
DUP_988	ID1=B;ID2=ACATGT	1
DUP_989	ID1=F;ID2=ATGTGC	1
DUP_990	ID1=A;ID2=ACGACG	1
DUP_991	ID1=C;ID2=GCGAGT	1
DUP_992	ID1=E;ID2=ACGACG	1
DUP_993	ID1=K;ID2=TCTGCG	1
DUP_994	ID1=G;ID2=ATATCG	1
DUP_995	ID1=C;ID2=CACGAT	1
DUP_996	ID1=H;ID2=CTCGCA	1
DUP_997	ID1=K;ID2=GTCTCT	1
DUP_998	ID1=J;ID2=TAGATC	1
DUP_999	ID1=K;ID2=GCGCTC	1
DUP_1000	ID1=E;ID2=TCTGCG	1
DUP_1001	ID1=E;ID2=GATGAC	1
DUP_1002	ID1=F;ID2=ATGATA	1
DUP_1003	ID1=D;ID2=ACTAGC	1
DUP_1004	ID1=D;ID2=ATGCAG	1
DUP_1005	ID1=C;ID2=ATGCAG	1
DUP_1006	ID1=E;ID2=ATGTGC	1
DUP_1007	ID1=H;ID2=GATGAC	1
DUP_1008	ID1=B;ID2=GTCTCT	1
DUP_1009	ID1=A;ID2=ATGCAG	1
DUP_1010	ID1=K;ID2=GATGAC	1
DUP_1011	ID1=E;ID2=ATGCAG	1
DUP_1012	ID1=F;ID2=ACGACG	1
DUP_1013	ID1=H;ID2=TGTATG	1
DUP_1014	ID1=C;ID2=TACGTG	1
DUP_1015	ID1=F;ID2=CACGAT	1
DUP_1016	ID1=D;ID2=GCTACA	1
DUP_1017	ID1=C;ID2=GCGAGT	1
DUP_1018	ID1=D;ID2=ATGATA	1
DUP_1019	ID1=A;ID2=GCTACA	1
DUP_1020	ID1=J;ID2=TCGCAT	1
DUP_1021	ID1=G;ID2=CACGAT	1
DUP_1022	ID1=J;ID2=AGAGAG	1
DUP_1023	ID1=J;ID2=GCGCTC	1
DUP_1024	ID1=A;ID2=AGAGAG	1
DUP_1025	ID1=J;ID2=TGTATG	1
DUP_1026	ID1=C;ID2=GCGTAG	1
DUP_1027	ID1=E;ID2=CGACGC	1
DUP_1028	ID1=G;ID2=AGAGAG	1
DUP_1029	ID1=H;ID2=ACATGT	1
DUP_1030	ID1=C;ID2=TCGTCA	1
DUP_1031	ID1=G;ID2=ATCAGT	1
DUP_1032	ID1=E;ID2=TGTATG	1
DUP_1033	ID1=H;ID2=ATGCAG	1
DUP_1034	ID1=J;ID2=TAGATC	1
DUP_1035	ID1=G;ID2=ACTGAT	1
DUP_1036	ID1=J;ID2=TGTATG	1
DUP_1037	ID1=F;ID2=ACAGCA	1
DUP_1038	ID1=F;ID2=TGTATG	1
DUP_1039	ID1=G;ID2=GCGCTC	1
DUP_1040	ID1=B;ID2=TCTGCG	1
DUP_1041	ID1=G;ID2=TACGTG	1
DUP_1042	ID1=G;ID2=ATGATA	1
DUP_1043	ID1=D;ID2=GCGAGT	1
DUP_1044	ID1=E;ID2=CTCGCA	1
DUP_1045	ID1=K;ID2=ACTAGC	1
DUP_1046	ID1=K;ID2=GCGCTC	1
DUP_1047	ID1=D;ID2=TACGTG	1
DUP_1048	ID1=F;ID2=GCTACA	1
DUP_1049	ID1=H;ID2=GCGAGT	1
DUP_1050	ID1=G;ID2=ACAGCA	1
DUP_1051	ID1=C;ID2=AGAGAG	1
DUP_1052	ID1=B;ID2=CTGCGT	1
DUP_1053	ID1=F;ID2=TCGCAT	1
DUP_1054	ID1=A;ID2=ATGTGC	1
DUP_1055	ID1=A;ID2=ACTGAT	1
DUP_1056	ID1=G;ID2=TCGCAT	1
DUP_1057	ID1=B;ID2=TACGTG	1
DUP_1058	ID1=H;ID2=CTGCGT	1
DUP_1059	ID1=E;ID2=ACTAGC	1
DUP_1060	ID1=G;ID2=TCGCAT	1
DUP_1061	ID1=A;ID2=CTGCGT	1
DUP_1062	ID1=B;ID2=GTCTCT	1
DUP_1063	ID1=F;ID2=GCAGTG	1
DUP_1064	ID1=K;ID2=ACAGCA	1
DUP_1065	ID1=G;ID2=TGTATG	1
DUP_1066	ID1=A;ID2=ACTGAT	1
DUP_1067	ID1=J;ID2=ACAGCA	1
DUP_1068	ID1=K;ID2=TAGATC	1
DUP_1069	ID1=E;ID2=ACTCTG	1
DUP_1070	ID1=K;ID2=GCGCTC	1
DUP_1071	ID1=J;ID2=ATCAGT	1
DUP_1072	ID1=H;ID2=ATGTGC	1
DUP_1073	ID1=C;ID2=CTCGCA	1
DUP_1074	ID1=C;ID2=GCAGTG	1
DUP_1075	ID1=D;ID2=ACACAC	1
DUP_1076	ID1=H;ID2=ATGATA	1
DUP_1077	ID1=C;ID2=GCGCTC	1
DUP_1078	ID1=E;ID2=GATGAC	1
DUP_1079	ID1=A;ID2=CACGAT	1
DUP_1080	ID1=D;ID2=ATGCAG	1
DUP_1081	ID1=B;ID2=GATGAC	1
DUP_1082	ID1=H;ID2=ATGTGC	1
DUP_1083	ID1=B;ID2=GCGCTC	1
DUP_1084	ID1=B;ID2=TCTGCG	1
DUP_1085	ID1=F;ID2=ACTGAT	1
DUP_1086	ID1=A;ID2=GCTACA	1
DUP_1087	ID1=D;ID2=ATCAGT	1
DUP_1088	ID1=F;ID2=TCTGCG	1
DUP_1089	ID1=H;ID2=CTGCGT	1
DUP_1090	ID1=A;ID2=GCAGTG	1
DUP_1091	ID1=C;ID2=GCGTAG	1
DUP_1092	ID1=G;ID2=ACGACG	1
DUP_1093	ID1=E;ID2=TCGTCA	1
DUP_1094	ID1=E;ID2=ACTAGC	1
DUP_1095	ID1=A;ID2=GCGAGT	1
DUP_1096	ID1=G;ID2=ACTAGC	1
DUP_1097	ID1=H;ID2=ATGTGC	1
DUP_1098	ID1=A;ID2=ATCAGT	1
DUP_1099	ID1=G;ID2=CTGCGT	1
DUP_1100	ID1=J;ID2=GCGCTC	1
DUP_1101	ID1=A;ID2=TCGTCA	1
DUP_1102	ID1=K;ID2=TCGCAT	1
DUP_1103	ID1=E;ID2=ATGATA	1
DUP_1104	ID1=C;ID2=GTCTCT	1
DUP_1105	ID1=G;ID2=TCGCAT	1
DUP_1106	ID1=F;ID2=ACTCTG	1
DUP_1107	ID1=C;ID2=GCAGTG	1
DUP_1108	ID1=E;ID2=TAGATC	1
DUP_1109	ID1=D;ID2=GCTACA	1
DUP_1110	ID1=G;ID2=CTCGCA	1
DUP_1111	ID1=G;ID2=GCGCTC	1
DUP_1112	ID1=H;ID2=ACTGAT	1
DUP_1113	ID1=C;ID2=ATGTGC	1
DUP_1114	ID1=F;ID2=ATCAGT	1
DUP_1115	ID1=E;ID2=ACTAGC	1
DUP_1116	ID1=A;ID2=ACAGCA	1
DUP_1117	ID1=D;ID2=ATGTGC	1
DUP_1118	ID1=C;ID2=CACGAT	1
DUP_1119	ID1=F;ID2=TCGCAT	1
DUP_1120	ID1=K;ID2=GCTACA	1
DUP_1121	ID1=D;ID2=CTCGCA	1
DUP_1122	ID1=D;ID2=CACGAT	1
DUP_1123	ID1=D;ID2=AGAGAG	1
DUP_1124	ID1=K;ID2=GTCTCT	1
DUP_1125	ID1=H;ID2=ACATGT	1
DUP_1126	ID1=F;ID2=ACTGAT	1
DUP_1127	ID1=F;ID2=ACGACG	1
DUP_1128	ID1=K;ID2=GCAGTG	1
DUP_1129	ID1=G;ID2=TCTGCG	1
DUP_1130	ID1=C;ID2=GCAGTG	1
DUP_1131	ID1=K;ID2=GCGCTC	1
DUP_1132	ID1=E;ID2=TAGATC	1
DUP_1133	ID1=A;ID2=ACAGCA	1
DUP_1134	ID1=D;ID2=ATATCG	1
DUP_1135	ID1=G;ID2=ACACAC	1
DUP_1136	ID1=E;ID2=ACTCTG	1
DUP_1137	ID1=K;ID2=CACGAT	1
DUP_1138	ID1=B;ID2=GCAGTG	1
DUP_1139	ID1=B;ID2=GCGTAG	1
DUP_1140	ID1=H;ID2=CACGAT	1
DUP_1141	ID1=A;ID2=ACTGAT	1
DUP_1142	ID1=C;ID2=GCAGTG	1
DUP_1143	ID1=A;ID2=AGAGAG	1
DUP_1144	ID1=C;ID2=ATGTGC	1
DUP_1145	ID1=H;ID2=ATGTGC	1
DUP_1146	ID1=B;ID2=ACATGT	1
DUP_1147	ID1=E;ID2=CGACGC	1
DUP_1148	ID1=H;ID2=AGAGAG	1
DUP_1149	ID1=H;ID2=TGTATG	1
DUP_1150	ID1=E;ID2=ACTCTG	1
DUP_1151	ID1=A;ID2=CACGAT	1
DUP_1152	ID1=B;ID2=ATGCAG	1
DUP_1153	ID1=H;ID2=GATGAC	1
DUP_1154	ID1=C;ID2=TACGTG	1
DUP_1155	ID1=C;ID2=ACGACG	1
DUP_1156	ID1=H;ID2=ACTGAT	1
DUP_1157	ID1=G;ID2=CTGCGT	1
DUP_1158	ID1=E;ID2=GCGTAG	1
DUP_1159	ID1=B;ID2=ACTGAT	1
DUP_1160	ID1=G;ID2=ACAGCA	1
DUP_1161	ID1=G;ID2=AGAGAG	1
DUP_1162	ID1=B;ID2=CTCGCA	1
DUP_1163	ID1=B;ID2=ACATGT	1
DUP_1164	ID1=F;ID2=CGACGC	1
DUP_1165	ID1=G;ID2=ATGCAG	1
DUP_1166	ID1=C;ID2=ACTGAT	1
DUP_1167	ID1=B;ID2=TAGATC	1
DUP_1168	ID1=A;ID2=CACGAT	1
DUP_1169	ID1=A;ID2=AGAGAG	1
DUP_1170	ID1=J;ID2=GCAGTG	1
DUP_1171	ID1=C;ID2=TGTATG	1
DUP_1172	ID1=E;ID2=TCGTCA	1
DUP_1173	ID1=G;ID2=ACTGAT	1
DUP_1174	ID1=F;ID2=ACTCTG	1
DUP_1175	ID1=K;ID2=GCGCTC	1
DUP_1176	ID1=E;ID2=GCGTAG	1
DUP_1177	ID1=K;ID2=GCGCTC	1
DUP_1178	ID1=H;ID2=TCGTCA	1
DUP_1179	ID1=F;ID2=GCGTAG	1
DUP_1180	ID1=H;ID2=CACGAT	1
DUP_1181	ID1=C;ID2=GCGAGT	1
DUP_1182	ID1=A;ID2=ATGCAG	1
DUP_1183	ID1=E;ID2=CTCGCA	1
DUP_1184	ID1=B;ID2=ACACAC	1
DUP_1185	ID1=C;ID2=ATGTGC	1
DUP_1186	ID1=J;ID2=CTGCGT	1
DUP_1187	ID1=E;ID2=TCGTCA	1
DUP_1188	ID1=F;ID2=CACGAT	1
DUP_1189	ID1=B;ID2=GCGAGT	1
DUP_1190	ID1=D;ID2=ATATCG	1
DUP_1191	ID1=H;ID2=ACAGCA	1
DUP_1192	ID1=G;ID2=CTGCGT	1
DUP_1193	ID1=D;ID2=ATGCAG	1
DUP_1194	ID1=B;ID2=ACTAGC	1
DUP_1195	ID1=A;ID2=ACTGAT	1
DUP_1196	ID1=J;ID2=ACTCTG	1
DUP_1197	ID1=J;ID2=ACAGCA	1
DUP_1198	ID1=J;ID2=ACTGAT	1
DUP_1199	ID1=K;ID2=ACAGCA	1
DUP_1200	ID1=K;ID2=ATGCAG	1
DUP_1201	ID1=A;ID2=AGAGAG	1
DUP_1202	ID1=G;ID2=TACGTG	1
DUP_1203	ID1=F;ID2=ACTCTG	1
DUP_1204	ID1=A;ID2=ATCAGT	1
DUP_1205	ID1=C;ID2=GCAGTG	1
DUP_1206	ID1=K;ID2=TACGTG	1
DUP_1207	ID1=K;ID2=GCGCTC	1
DUP_1208	ID1=D;ID2=ATGCAG	1
DUP_1209	ID1=A;ID2=ATCAGT	1
DUP_1210	ID1=F;ID2=GCGTAG	1
DUP_1211	ID1=K;ID2=ATATCG	1
DUP_1212	ID1=A;ID2=GTCTCT	1
DUP_1213	ID1=K;ID2=TACGTG	1
DUP_1214	ID1=G;ID2=ATGATA	1
DUP_1215	ID1=H;ID2=ACATGT	1
DUP_1216	ID1=H;ID2=ATGTGC	1
DUP_1217	ID1=K;ID2=ACTAGC	1
DUP_1218	ID1=A;ID2=ACACAC	1
DUP_1219	ID1=F;ID2=GTCTCT	1
DUP_1220	ID1=J;ID2=AGAGAG	1
DUP_1221	ID1=J;ID2=ATGTGC	1
DUP_1222	ID1=J;ID2=TAGATC	1
DUP_1223	ID1=G;ID2=ACTGAT	1
DUP_1224	ID1=G;ID2=ATCAGT	1
DUP_1225	ID1=G;ID2=TACGTG	1
DUP_1226	ID1=G;ID2=GCAGTG	1
DUP_1227	ID1=K;ID2=TGTATG	1
DUP_1228	ID1=J;ID2=TGTATG	1
DUP_1229	ID1=C;ID2=CTGCGT	1
DUP_1230	ID1=E;ID2=TCGTCA	1
DUP_1231	ID1=K;ID2=ACTAGC	1
DUP_1232	ID1=G;ID2=ACTCTG	1
DUP_1233	ID1=F;ID2=TAGATC	1
DUP_1234	ID1=A;ID2=ATGATA	1
DUP_1235	ID1=E;ID2=TACGTG	1
DUP_1236	ID1=C;ID2=ATGTGC	1
DUP_1237	ID1=C;ID2=ATCAGT	1
DUP_1238	ID1=A;ID2=TCGCAT	1
DUP_1239	ID1=F;ID2=ATGATA	1
DUP_1240	ID1=D;ID2=ATATCG	1
DUP_1241	ID1=F;ID2=GCGCTC	1
DUP_1242	ID1=E;ID2=TGTATG	1
DUP_1243	ID1=D;ID2=ACACAC	1
DUP_1244	ID1=A;ID2=GTCTCT	1
DUP_1245	ID1=C;ID2=ACATGT	1
DUP_1246	ID1=K;ID2=TACGTG	1
DUP_1247	ID1=F;ID2=GCAGTG	1
DUP_1248	ID1=B;ID2=ACAGCA	1
DUP_1249	ID1=K;ID2=ACTGAT	1
DUP_1250	ID1=H;ID2=GCTACA	1
DUP_1251	ID1=B;ID2=TAGATC	1
DUP_1252	ID1=A;ID2=CGACGC	1
DUP_1253	ID1=E;ID2=CTCGCA	1
DUP_1254	ID1=G;ID2=ATATCG	1
DUP_1255	ID1=B;ID2=CTCGCA	1
DUP_1256	ID1=E;ID2=CGACGC	1
DUP_1257	ID1=H;ID2=GCAGTG	1
DUP_1258	ID1=J;ID2=AGAGAG	1
DUP_1259	ID1=G;ID2=ATGTGC	1
DUP_1260	ID1=E;ID2=ACGACG	1
DUP_1261	ID1=E;ID2=AGAGAG	1
DUP_1262	ID1=B;ID2=TGTATG	1
DUP_1263	ID1=H;ID2=GCGCTC	1
DUP_1264	ID1=D;ID2=TACGTG	1
DUP_1265	ID1=K;ID2=CTGCGT	1
DUP_1266	ID1=F;ID2=TCGCAT	1
DUP_1267	ID1=B;ID2=GATGAC	1
DUP_1268	ID1=D;ID2=CTCGCA	1
DUP_1269	ID1=F;ID2=ACACAC	1
DUP_1270	ID1=D;ID2=GCTACA	1
DUP_1271	ID1=J;ID2=TAGATC	1
DUP_1272	ID1=K;ID2=ACTAGC	1
DUP_1273	ID1=A;ID2=TGTATG	1
DUP_1274	ID1=G;ID2=CTCGCA	1
DUP_1275	ID1=D;ID2=AGAGAG	1
DUP_1276	ID1=H;ID2=ATATCG	1
DUP_1277	ID1=A;ID2=GTCTCT	1
DUP_1278	ID1=K;ID2=TACGTG	1
DUP_1279	ID1=H;ID2=CACGAT	1
DUP_1280	ID1=J;ID2=GCTACA	1
DUP_1281	ID1=E;ID2=ACATGT	1
DUP_1282	ID1=H;ID2=TCGCAT	1
DUP_1283	ID1=J;ID2=ACAGCA	1
DUP_1284	ID1=J;ID2=GCGCTC	1
DUP_1285	ID1=A;ID2=ACTGAT	1
DUP_1286	ID1=H;ID2=TCGCAT	1
DUP_1287	ID1=G;ID2=TCTGCG	1
DUP_1288	ID1=J;ID2=ATGATA	1
DUP_1289	ID1=C;ID2=CACGAT	1
DUP_1290	ID1=C;ID2=TCGCAT	1
DUP_1291	ID1=B;ID2=GTCTCT	1
DUP_1292	ID1=F;ID2=TCTGCG	1
DUP_1293	ID1=A;ID2=ATGATA	1
DUP_1294	ID1=A;ID2=ATCAGT	1
DUP_1295	ID1=K;ID2=TCTGCG	1
DUP_1296	ID1=B;ID2=GATGAC	1
DUP_1297	ID1=K;ID2=ACACAC	1
DUP_1298	ID1=J;ID2=AGAGAG	1
DUP_1299	ID1=F;ID2=ACACAC	1
DUP_1300	ID1=A;ID2=ATATCG	1
DUP_1301	ID1=J;ID2=ACAGCA	1
DUP_1302	ID1=A;ID2=ACAGCA	1
DUP_1303	ID1=B;ID2=TACGTG	1
DUP_1304	ID1=A;ID2=ATCAGT	1
DUP_1305	ID1=J;ID2=GCTACA	1
DUP_1306	ID1=B;ID2=ATCAGT	1
DUP_1307	ID1=C;ID2=ATGCAG	1
DUP_1308	ID1=G;ID2=CTCGCA	1
DUP_1309	ID1=C;ID2=AGAGAG	1
DUP_1310	ID1=A;ID2=TGTATG	1
DUP_1311	ID1=B;ID2=GTCTCT	1
DUP_1312	ID1=G;ID2=ACTAGC	1
DUP_1313	ID1=J;ID2=GCGCTC	1
DUP_1314	ID1=G;ID2=ATGATA	1
DUP_1315	ID1=J;ID2=GCGCTC	1
DUP_1316	ID1=E;ID2=ATGCAG	1
DUP_1317	ID1=K;ID2=ATATCG	1
DUP_1318	ID1=C;ID2=GCTACA	1
DUP_1319	ID1=J;ID2=CTGCGT	1
DUP_1320	ID1=B;ID2=ACACAC	1
DUP_1321	ID1=D;ID2=ATCAGT	1
DUP_1322	ID1=J;ID2=ATCAGT	1
DUP_1323	ID1=F;ID2=TCGTCA	1
DUP_1324	ID1=A;ID2=ATCAGT	1
DUP_1325	ID1=K;ID2=ACACAC	1
DUP_1326	ID1=C;ID2=ATGTGC	1
DUP_1327	ID1=G;ID2=TGTATG	1
DUP_1328	ID1=H;ID2=CTCGCA	1
DUP_1329	ID1=B;ID2=ACTCTG	1
DUP_1330	ID1=D;ID2=TCTGCG	1
DUP_1331	ID1=F;ID2=AGAGAG	1
DUP_1332	ID1=H;ID2=CACGAT	1
DUP_1333	ID1=E;ID2=ATATCG	1
DUP_1334	ID1=A;ID2=TCGCAT	1
DUP_1335	ID1=D;ID2=GATGAC	1
DUP_1336	ID1=F;ID2=CACGAT	1
DUP_1337	ID1=K;ID2=TACGTG	1
DUP_1338	ID1=K;ID2=ACTCTG	1
DUP_1339	ID1=G;ID2=TGTATG	1
DUP_1340	ID1=F;ID2=ACAGCA	1
DUP_1341	ID1=H;ID2=CTCGCA	1
DUP_1342	ID1=C;ID2=ACTCTG	1
DUP_1343	ID1=D;ID2=CACGAT	1
DUP_1344	ID1=G;ID2=ATGCAG	1
DUP_1345	ID1=B;ID2=ACACAC	1
DUP_1346	ID1=A;ID2=ACAGCA	1
DUP_1347	ID1=D;ID2=TGTATG	1
DUP_1348	ID1=G;ID2=ATGTGC	1
DUP_1349	ID1=B;ID2=GCGCTC	1
DUP_1350	ID1=E;ID2=TAGATC	1
DUP_1351	ID1=A;ID2=ACAGCA	1
DUP_1352	ID1=F;ID2=CACGAT	1
DUP_1353	ID1=A;ID2=CACGAT	1
DUP_1354	ID1=K;ID2=GATGAC	1
DUP_1355	ID1=A;ID2=ATCAGT	1
DUP_1356	ID1=K;ID2=GATGAC	1
DUP_1357	ID1=F;ID2=GTCTCT	1
DUP_1358	ID1=G;ID2=CTCGCA	1
DUP_1359	ID1=K;ID2=CTGCGT	1
DUP_1360	ID1=F;ID2=CACGAT	1
DUP_1361	ID1=G;ID2=ATATCG	1
DUP_1362	ID1=A;ID2=GCAGTG	1
DUP_1363	ID1=H;ID2=CTGCGT	1
DUP_1364	ID1=A;ID2=GTCTCT	1
DUP_1365	ID1=K;ID2=TAGATC	1
DUP_1366	ID1=E;ID2=ACTGAT	1
DUP_1367	ID1=H;ID2=ATGATA	1
DUP_1368	ID1=J;ID2=ACTCTG	1
DUP_1369	ID1=E;ID2=TCTGCG	1
DUP_1370	ID1=J;ID2=ATGTGC	1
DUP_1371	ID1=G;ID2=ATGTGC	1
DUP_1372	ID1=C;ID2=ATGTGC	1
DUP_1373	ID1=G;ID2=ACGACG	1
DUP_1374	ID1=H;ID2=ACAGCA	1
DUP_1375	ID1=J;ID2=ATGATA	1
DUP_1376	ID1=K;ID2=TACGTG	1
DUP_1377	ID1=J;ID2=CTCGCA	1
DUP_1378	ID1=G;ID2=TAGATC	1
DUP_1379	ID1=C;ID2=CTCGCA	1
DUP_1380	ID1=K;ID2=TACGTG	1
DUP_1381	ID1=K;ID2=TACGTG	1
DUP_1382	ID1=C;ID2=ACTGAT	1
DUP_1383	ID1=F;ID2=TCTGCG	1
DUP_1384	ID1=J;ID2=TGTATG	1
DUP_1385	ID1=B;ID2=GCGCTC	1
DUP_1386	ID1=B;ID2=ACACAC	1
DUP_1387	ID1=F;ID2=GTCTCT	1
DUP_1388	ID1=B;ID2=AGAGAG	1
DUP_1389	ID1=H;ID2=GCAGTG	1
DUP_1390	ID1=G;ID2=CGACGC	1
DUP_1391	ID1=K;ID2=TCGTCA	1
DUP_1392	ID1=A;ID2=GTCTCT	1
DUP_1393	ID1=G;ID2=GTCTCT	1
DUP_1394	ID1=G;ID2=ACACAC	1
DUP_1395	ID1=A;ID2=ACGACG	1
DUP_1396	ID1=C;ID2=CGACGC	1
DUP_1397	ID1=J;ID2=AGAGAG	1
DUP_1398	ID1=E;ID2=GCAGTG	1
DUP_1399	ID1=F;ID2=CACGAT	1
DUP_1400	ID1=B;ID2=GCGCTC	1
DUP_1401	ID1=B;ID2=ATCAGT	1
DUP_1402	ID1=D;ID2=GATGAC	1
DUP_1403	ID1=J;ID2=ATATCG	1
DUP_1404	ID1=G;ID2=ACACAC	1
DUP_1405	ID1=F;ID2=TAGATC	1
DUP_1406	ID1=G;ID2=ACGACG	1
DUP_1407	ID1=A;ID2=ATCAGT	1
DUP_1408	ID1=B;ID2=GCGCTC	1
DUP_1409	ID1=C;ID2=GCTACA	1
DUP_1410	ID1=J;ID2=ACAGCA	1
DUP_1411	ID1=H;ID2=ACTCTG	1
DUP_1412	ID1=C;ID2=ACTCTG	1
DUP_1413	ID1=A;ID2=GCTACA	1
DUP_1414	ID1=E;ID2=CACGAT	1
DUP_1415	ID1=C;ID2=CGACGC	1
DUP_1416	ID1=D;ID2=ACTAGC	1
DUP_1417	ID1=F;ID2=TCTGCG	1
DUP_1418	ID1=A;ID2=GATGAC	1
DUP_1419	ID1=J;ID2=CTCGCA	1
DUP_1420	ID1=K;ID2=CTCGCA	1
DUP_1421	ID1=E;ID2=CACGAT	1
DUP_1422	ID1=E;ID2=TCGTCA	1
DUP_1423	ID1=E;ID2=ACACAC	1
DUP_1424	ID1=B;ID2=CTGCGT	1
DUP_1425	ID1=H;ID2=GATGAC	1
DUP_1426	ID1=B;ID2=ACTAGC	1
DUP_1427	ID1=D;ID2=TGTATG	1
DUP_1428	ID1=H;ID2=ATGTGC	1
DUP_1429	ID1=E;ID2=ACAGCA	1
DUP_1430	ID1=J;ID2=ACGACG	1
DUP_1431	ID1=D;ID2=ATGCAG	1
DUP_1432	ID1=A;ID2=ACGACG	1
DUP_1433	ID1=G;ID2=ACTAGC	1
DUP_1434	ID1=K;ID2=CTCGCA	1
DUP_1435	ID1=H;ID2=ACAGCA	1
DUP_1436	ID1=G;ID2=ATCAGT	1
DUP_1437	ID1=H;ID2=GCAGTG	1
DUP_1438	ID1=K;ID2=TCTGCG	1
DUP_1439	ID1=G;ID2=CTGCGT	1
DUP_1440	ID1=H;ID2=AGAGAG	1
DUP_1441	ID1=H;ID2=ATATCG	1
DUP_1442	ID1=A;ID2=CTGCGT	1
DUP_1443	ID1=C;ID2=ACTCTG	1
DUP_1444	ID1=J;ID2=CTGCGT	1
DUP_1445	ID1=A;ID2=CGACGC	1
DUP_1446	ID1=D;ID2=ATCAGT	1
DUP_1447	ID1=E;ID2=ACGACG	1
DUP_1448	ID1=D;ID2=GTCTCT	1
DUP_1449	ID1=C;ID2=CTCGCA	1
DUP_1450	ID1=J;ID2=CTGCGT	1
DUP_1451	ID1=F;ID2=ACTCTG	1
DUP_1452	ID1=K;ID2=ACTAGC	1
DUP_1453	ID1=D;ID2=CACGAT	1
DUP_1454	ID1=K;ID2=ATCAGT	1
DUP_1455	ID1=C;ID2=CTGCGT	1
DUP_1456	ID1=D;ID2=CTCGCA	1
DUP_1457	ID1=C;ID2=GCAGTG	1
DUP_1458	ID1=K;ID2=ACTCTG	1
DUP_1459	ID1=B;ID2=GCGTAG	1
DUP_1460	ID1=C;ID2=CTCGCA	1
DUP_1461	ID1=J;ID2=TAGATC	1
DUP_1462	ID1=K;ID2=GCGAGT	1
DUP_1463	ID1=J;ID2=ATGATA	1
DUP_1464	ID1=D;ID2=CACGAT	1
DUP_1465	ID1=G;ID2=ATGATA	1
DUP_1466	ID1=G;ID2=ACAGCA	1
DUP_1467	ID1=H;ID2=TCTGCG	1
DUP_1468	ID1=A;ID2=ATCAGT	1
DUP_1469	ID1=H;ID2=GCGTAG	1
DUP_1470	ID1=H;ID2=ACTAGC	1
DUP_1471	ID1=H;ID2=GCTACA	1
DUP_1472	ID1=B;ID2=ACTAGC	1
DUP_1473	ID1=E;ID2=TCTGCG	1
DUP_1474	ID1=A;ID2=ACAGCA	1
DUP_1475	ID1=F;ID2=GCGCTC	1
DUP_1476	ID1=D;ID2=TCTGCG	1
DUP_1477	ID1=A;ID2=CGACGC	1
DUP_1478	ID1=A;ID2=GATGAC	1
DUP_1479	ID1=A;ID2=ATATCG	1
DUP_1480	ID1=H;ID2=TCTGCG	1
DUP_1481	ID1=D;ID2=TGTATG	1
DUP_1482	ID1=F;ID2=GCTACA	1
DUP_1483	ID1=G;ID2=ATATCG	1
DUP_1484	ID1=D;ID2=TCGCAT	1
DUP_1485	ID1=F;ID2=TCTGCG	1
DUP_1486	ID1=F;ID2=ACACAC	1
DUP_1487	ID1=F;ID2=GCGTAG	1
DUP_1488	ID1=G;ID2=ACATGT	1
DUP_1489	ID1=F;ID2=TGTATG	1
DUP_1490	ID1=C;ID2=ACATGT	1
DUP_1491	ID1=B;ID2=ACGACG	1
DUP_1492	ID1=A;ID2=ACTCTG	1
DUP_1493	ID1=E;ID2=GCTACA	1
DUP_1494	ID1=D;ID2=ACAGCA	1
DUP_1495	ID1=H;ID2=ATGCAG	1
DUP_1496	ID1=B;ID2=ACACAC	1
DUP_1497	ID1=G;ID2=CTGCGT	1
DUP_1498	ID1=F;ID2=ACACAC	1
DUP_1499	ID1=H;ID2=ACAGCA	1
DUP_1500	ID1=G;ID2=TCGCAT	1
DUP_1501	ID1=K;ID2=TAGATC	1
DUP_1502	ID1=A;ID2=ATGATA	1
DUP_1503	ID1=K;ID2=GATGAC	1
DUP_1504	ID1=J;ID2=ACTCTG	1
DUP_1505	ID1=G;ID2=CACGAT	1
DUP_1506	ID1=B;ID2=GCTACA	1
DUP_1507	ID1=D;ID2=ATGTGC	1
DUP_1508	ID1=E;ID2=ATCAGT	1
DUP_1509	ID1=A;ID2=CTGCGT	1
DUP_1510	ID1=E;ID2=ATCAGT	1
DUP_1511	ID1=J;ID2=TAGATC	1
DUP_1512	ID1=C;ID2=ACTCTG	1
DUP_1513	ID1=D;ID2=TACGTG	1
DUP_1514	ID1=G;ID2=TGTATG	1
DUP_1515	ID1=J;ID2=ACAGCA	1
DUP_1516	ID1=K;ID2=TAGATC	1
DUP_1517	ID1=J;ID2=ACATGT	1
DUP_1518	ID1=A;ID2=TGTATG	1
DUP_1519	ID1=F;ID2=ACAGCA	1
DUP_1520	ID1=B;ID2=GCGTAG	1
DUP_1521	ID1=G;ID2=ATCAGT	1
DUP_1522	ID1=E;ID2=GATGAC	1
DUP_1523	ID1=G;ID2=ACTAGC	1
DUP_1524	ID1=F;ID2=ACGACG	1
DUP_1525	ID1=H;ID2=ACTGAT	1
DUP_1526	ID1=C;ID2=ATGCAG	1
DUP_1527	ID1=E;ID2=ACATGT	1
DUP_1528	ID1=K;ID2=GATGAC	1
DUP_1529	ID1=E;ID2=GCGTAG	1
DUP_1530	ID1=K;ID2=GATGAC	1
DUP_1531	ID1=B;ID2=ACACAC	1
DUP_1532	ID1=F;ID2=TAGATC	1
DUP_1533	ID1=A;ID2=ATGATA	1
DUP_1534	ID1=E;ID2=CACGAT	1
DUP_1535	ID1=K;ID2=ACAGCA	1
DUP_1536	ID1=G;ID2=TGTATG	1
DUP_1537	ID1=B;ID2=GCTACA	1
DUP_1538	ID1=A;ID2=ATATCG	1
DUP_1539	ID1=A;ID2=ATGATA	1
DUP_1540	ID1=B;ID2=GCGAGT	1
DUP_1541	ID1=C;ID2=GCAGTG	1
DUP_1542	ID1=E;ID2=ATGTGC	1
DUP_1543	ID1=F;ID2=GCGTAG	1
DUP_1544	ID1=G;ID2=TGTATG	1
DUP_1545	ID1=D;ID2=ACGACG	1
DUP_1546	ID1=H;ID2=TCGCAT	1
DUP_1547	ID1=F;ID2=AGAGAG	1
DUP_1548	ID1=K;ID2=ATATCG	1
DUP_1549	ID1=A;ID2=ACGACG	1
DUP_1550	ID1=E;ID2=ACTGAT	1
DUP_1551	ID1=E;ID2=ACTAGC	1
DUP_1552	ID1=C;ID2=ACGACG	1
DUP_1553	ID1=J;ID2=ATGTGC	1
DUP_1554	ID1=A;ID2=GCTACA	1
DUP_1555	ID1=J;ID2=ATATCG	1
DUP_1556	ID1=G;ID2=TGTATG	1
DUP_1557	ID1=H;ID2=AGAGAG	1
DUP_1558	ID1=H;ID2=GATGAC	1
DUP_1559	ID1=A;ID2=TCGTCA	1
DUP_1560	ID1=H;ID2=TAGATC	1
DUP_1561	ID1=C;ID2=AGAGAG	1
DUP_1562	ID1=J;ID2=TGTATG	1
DUP_1563	ID1=D;ID2=TACGTG	1
DUP_1564	ID1=F;ID2=AGAGAG	1
DUP_1565	ID1=F;ID2=AGAGAG	1
DUP_1566	ID1=C;ID2=ATGCAG	1
DUP_1567	ID1=G;ID2=ACACAC	1
DUP_1568	ID1=B;ID2=ACATGT	1
DUP_1569	ID1=D;ID2=CTCGCA	1
DUP_1570	ID1=E;ID2=ATATCG	1
DUP_1571	ID1=F;ID2=ACACAC	1
DUP_1572	ID1=G;ID2=ACTCTG	1
DUP_1573	ID1=C;ID2=ATGATA	1
DUP_1574	ID1=F;ID2=ATATCG	1
DUP_1575	ID1=E;ID2=ACGACG	1
DUP_1576	ID1=D;ID2=ATGCAG	1
DUP_1577	ID1=B;ID2=ACAGCA	1
DUP_1578	ID1=F;ID2=GCGCTC	1
DUP_1579	ID1=E;ID2=TCGCAT	1
DUP_1580	ID1=G;ID2=CTCGCA	1
DUP_1581	ID1=G;ID2=GCGCTC	1
DUP_1582	ID1=K;ID2=ATGATA	1
DUP_1583	ID1=B;ID2=AGAGAG	1
DUP_1584	ID1=J;ID2=ACTCTG	1
DUP_1585	ID1=E;ID2=GCTACA	1
DUP_1586	ID1=J;ID2=GCGCTC	1
DUP_1587	ID1=K;ID2=TAGATC	1
DUP_1588	ID1=F;ID2=ACGACG	1
DUP_1589	ID1=G;ID2=ACACAC	1
DUP_1590	ID1=G;ID2=ACTCTG	1
DUP_1591	ID1=G;ID2=GCAGTG	1
DUP_1592	ID1=F;ID2=ATGATA	1
DUP_1593	ID1=A;ID2=GCGAGT	1
DUP_1594	ID1=H;ID2=TGTATG	1
DUP_1595	ID1=E;ID2=ACGACG	1
DUP_1596	ID1=H;ID2=GCGCTC	1
DUP_1597	ID1=D;ID2=ACATGT	1
DUP_1598	ID1=B;ID2=ACTCTG	1
DUP_1599	ID1=J;ID2=ACTAGC	1
DUP_1600	ID1=A;ID2=ACTCTG	1
DUP_1601	ID1=B;ID2=GTCTCT	1
DUP_1602	ID1=D;ID2=ACAGCA	1
DUP_1603	ID1=J;ID2=ACTCTG	1
DUP_1604	ID1=B;ID2=GCGCTC	1
DUP_1605	ID1=C;ID2=CACGAT	1
DUP_1606	ID1=D;ID2=ATCAGT	1
DUP_1607	ID1=G;ID2=GCAGTG	1
DUP_1608	ID1=E;ID2=ATGTGC	1
DUP_1609	ID1=D;ID2=ACTGAT	1
DUP_1610	ID1=G;ID2=TCTGCG	1
DUP_1611	ID1=G;ID2=ACAGCA	1
DUP_1612	ID1=F;ID2=TCTGCG	1
DUP_1613	ID1=E;ID2=CACGAT	1
DUP_1614	ID1=A;ID2=TCGTCA	1
DUP_1615	ID1=K;ID2=TAGATC	1
DUP_1616	ID1=F;ID2=GATGAC	1
DUP_1617	ID1=F;ID2=ACTGAT	1
DUP_1618	ID1=E;ID2=TCGTCA	1
DUP_1619	ID1=E;ID2=GATGAC	1
DUP_1620	ID1=K;ID2=ACAGCA	1
DUP_1621	ID1=H;ID2=CTCGCA	1
DUP_1622	ID1=J;ID2=ACTCTG	1
DUP_1623	ID1=C;ID2=TGTATG	1
DUP_1624	ID1=A;ID2=ATATCG	1
DUP_1625	ID1=C;ID2=CTGCGT	1
DUP_1626	ID1=H;ID2=CTCGCA	1
DUP_1627	ID1=J;ID2=GCGAGT	1
DUP_1628	ID1=F;ID2=GCAGTG	1
DUP_1629	ID1=D;ID2=ACAGCA	1
DUP_1630	ID1=D;ID2=ATATCG	1
DUP_1631	ID1=E;ID2=ATGCAG	1
DUP_1632	ID1=G;ID2=ATATCG	1
DUP_1633	ID1=B;ID2=GCGCTC	1
DUP_1634	ID1=D;ID2=ATCAGT	1
DUP_1635	ID1=A;ID2=ATGCAG	1
DUP_1636	ID1=F;ID2=ATCAGT	1
DUP_1637	ID1=F;ID2=GCAGTG	1
DUP_1638	ID1=K;ID2=TCGTCA	1
DUP_1639	ID1=G;ID2=ACGACG	1
DUP_1640	ID1=C;ID2=ATGATA	1
DUP_1641	ID1=A;ID2=CGACGC	1
DUP_1642	ID1=C;ID2=ATGATA	1
DUP_1643	ID1=F;ID2=TCTGCG	1
DUP_1644	ID1=J;ID2=ACTGAT	1
DUP_1645	ID1=E;ID2=CACGAT	1
DUP_1646	ID1=K;ID2=GCGTAG	1
DUP_1647	ID1=K;ID2=ATATCG	1
DUP_1648	ID1=C;ID2=ATGCAG	1
DUP_1649	ID1=D;ID2=CACGAT	1
DUP_1650	ID1=C;ID2=AGAGAG	1
DUP_1651	ID1=J;ID2=ACATGT	1
DUP_1652	ID1=J;ID2=TGTATG	1
DUP_1653	ID1=J;ID2=TGTATG	1
DUP_1654	ID1=G;ID2=CTCGCA	1
DUP_1655	ID1=K;ID2=ATATCG	1
DUP_1656	ID1=C;ID2=CACGAT	1
DUP_1657	ID1=F;ID2=TCTGCG	1
DUP_1658	ID1=E;ID2=GATGAC	1
DUP_1659	ID1=K;ID2=TGTATG	1
DUP_1660	ID1=B;ID2=CTGCGT	1
DUP_1661	ID1=H;ID2=GCAGTG	1
DUP_1662	ID1=A;ID2=TCGTCA	1
DUP_1663	ID1=D;ID2=ATGATA	1
DUP_1664	ID1=H;ID2=TACGTG	1
DUP_1665	ID1=A;ID2=GCGAGT	1
DUP_1666	ID1=B;ID2=CTCGCA	1
DUP_1667	ID1=K;ID2=ACAGCA	1
DUP_1668	ID1=J;ID2=CTCGCA	1
DUP_1669	ID1=B;ID2=CTCGCA	1
DUP_1670	ID1=F;ID2=GCGTAG	1
DUP_1671	ID1=F;ID2=TCTGCG	1
DUP_1672	ID1=C;ID2=GCAGTG	1
DUP_1673	ID1=B;ID2=AGAGAG	1
DUP_1674	ID1=B;ID2=ACTGAT	1
DUP_1675	ID1=E;ID2=TCTGCG	1
DUP_1676	ID1=D;ID2=GCGTAG	1
DUP_1677	ID1=H;ID2=ATGTGC	1
DUP_1678	ID1=J;ID2=CTCGCA	1
DUP_1679	ID1=F;ID2=ATATCG	1
DUP_1680	ID1=H;ID2=TAGATC	1
DUP_1681	ID1=H;ID2=GCGCTC	1
DUP_1682	ID1=J;ID2=GCAGTG	1
DUP_1683	ID1=G;ID2=TAGATC	1
DUP_1684	ID1=E;ID2=CTCGCA	1
DUP_1685	ID1=E;ID2=CTCGCA	1
DUP_1686	ID1=J;ID2=CACGAT	1
DUP_1687	ID1=F;ID2=ACAGCA	1
DUP_1688	ID1=B;ID2=ACATGT	1
DUP_1689	ID1=G;ID2=TGTATG	1
DUP_1690	ID1=C;ID2=GATGAC	1
DUP_1691	ID1=E;ID2=GCGCTC	1
DUP_1692	ID1=B;ID2=TACGTG	1
DUP_1693	ID1=D;ID2=ATATCG	1
DUP_1694	ID1=A;ID2=ACTCTG	1
DUP_1695	ID1=D;ID2=TGTATG	1
DUP_1696	ID1=A;ID2=GCTACA	1
DUP_1697	ID1=J;ID2=ACAGCA	1
DUP_1698	ID1=J;ID2=TAGATC	1
DUP_1699	ID1=D;ID2=CTGCGT	1
DUP_1700	ID1=J;ID2=GCTACA	1
DUP_1701	ID1=G;ID2=CTGCGT	1
DUP_1702	ID1=B;ID2=ATCAGT	1
DUP_1703	ID1=K;ID2=ACTCTG	1
DUP_1704	ID1=H;ID2=CTCGCA	1
DUP_1705	ID1=E;ID2=ACAGCA	1
DUP_1706	ID1=C;ID2=ACTGAT	1
DUP_1707	ID1=G;ID2=CTCGCA	1
DUP_1708	ID1=D;ID2=GCTACA	1
DUP_1709	ID1=F;ID2=GCAGTG	1
